Created temporary mysql database db6i8t3u9dspyntpnef1ssbn8e4r
Created temporary postgres database db3ecrej49zpyq5qyip9s5bbag9o
=== RUN   TestChannelStoreCategories
=== RUN   TestChannelStoreCategories/MySQL
=== RUN   TestChannelStoreCategories/MySQL/CreateInitialSidebarCategories
=== RUN   TestChannelStoreCategories/MySQL/CreateInitialSidebarCategories/should_create_initial_favorites/channels/DMs_categories
=== RUN   TestChannelStoreCategories/MySQL/CreateInitialSidebarCategories/should_create_initial_favorites/channels/DMs_categories_for_multiple_users
=== RUN   TestChannelStoreCategories/MySQL/CreateInitialSidebarCategories/should_create_initial_favorites/channels/DMs_categories_on_different_teams
=== RUN   TestChannelStoreCategories/MySQL/CreateInitialSidebarCategories/shouldn't_create_additional_categories_when_ones_already_exist
=== RUN   TestChannelStoreCategories/MySQL/CreateInitialSidebarCategories/shouldn't_create_additional_categories_when_ones_already_exist_even_when_ran_simultaneously
=== RUN   TestChannelStoreCategories/MySQL/CreateInitialSidebarCategories/should_populate_the_Favorites_category_with_regular_channels
=== RUN   TestChannelStoreCategories/MySQL/CreateInitialSidebarCategories/should_populate_the_Favorites_category_in_alphabetical_order
=== RUN   TestChannelStoreCategories/MySQL/CreateInitialSidebarCategories/should_populate_the_Favorites_category_with_DMs_and_GMs
=== RUN   TestChannelStoreCategories/MySQL/CreateInitialSidebarCategories/should_not_populate_the_Favorites_category_with_channels_from_other_teams
=== RUN   TestChannelStoreCategories/MySQL/CreateSidebarCategory
=== RUN   TestChannelStoreCategories/MySQL/CreateSidebarCategory/should_place_the_new_category_second_if_Favorites_comes_first
=== RUN   TestChannelStoreCategories/MySQL/CreateSidebarCategory/should_place_the_new_category_first_if_Favorites_is_not_first
=== RUN   TestChannelStoreCategories/MySQL/CreateSidebarCategory/should_create_the_category_with_its_channels
=== RUN   TestChannelStoreCategories/MySQL/CreateSidebarCategory/should_remove_any_channels_from_their_previous_categories
=== RUN   TestChannelStoreCategories/MySQL/GetSidebarCategory
=== RUN   TestChannelStoreCategories/MySQL/GetSidebarCategory/should_return_a_custom_category_with_its_Channels_field_set
=== RUN   TestChannelStoreCategories/MySQL/GetSidebarCategory/should_return_any_orphaned_channels_with_the_Channels_category
=== RUN   TestChannelStoreCategories/MySQL/GetSidebarCategory/shouldn't_return_orphaned_channels_on_another_team_with_the_Channels_category
=== RUN   TestChannelStoreCategories/MySQL/GetSidebarCategory/shouldn't_return_non-orphaned_channels_with_the_Channels_category
=== RUN   TestChannelStoreCategories/MySQL/GetSidebarCategory/should_return_any_orphaned_DM_channels_with_the_Direct_Messages_category
=== RUN   TestChannelStoreCategories/MySQL/GetSidebarCategory/should_return_any_orphaned_GM_channels_with_the_Direct_Messages_category
=== RUN   TestChannelStoreCategories/MySQL/GetSidebarCategory/should_return_orphaned_DM_channels_in_the_DMs_categorywhich_are_in_a_custom_category_on_another_team
=== RUN   TestChannelStoreCategories/MySQL/GetSidebarCategories
=== RUN   TestChannelStoreCategories/MySQL/GetSidebarCategories/should_return_channels_in_the_same_order_between_different_ways_of_getting_categories
=== RUN   TestChannelStoreCategories/MySQL/UpdateSidebarCategories
=== RUN   TestChannelStoreCategories/MySQL/UpdateSidebarCategories/ensure_the_query_to_update_SidebarCategories_hasn't_been_polluted_by_UpdateSidebarCategoryOrder
=== RUN   TestChannelStoreCategories/MySQL/UpdateSidebarCategories/categories_should_be_returned_in_their_original_order
=== RUN   TestChannelStoreCategories/MySQL/UpdateSidebarCategories/should_silently_fail_to_update_read_only_fields
=== RUN   TestChannelStoreCategories/MySQL/UpdateSidebarCategories/should_add_and_remove_favorites_preferences_based_on_the_Favorites_category
=== RUN   TestChannelStoreCategories/MySQL/UpdateSidebarCategories/should_add_and_remove_favorites_preferences_for_DMs
=== RUN   TestChannelStoreCategories/MySQL/UpdateSidebarCategories/should_add_and_remove_favorites_preferences,_even_if_the_channel_is_already_favorited_in_preferences
=== RUN   TestChannelStoreCategories/MySQL/UpdateSidebarCategories/should_not_affect_other_users'_favorites_preferences
=== RUN   TestChannelStoreCategories/MySQL/UpdateSidebarCategories/channels_removed_from_Channels_or_DMs_categories_should_be_re-added
=== RUN   TestChannelStoreCategories/MySQL/UpdateSidebarCategories/should_be_able_to_move_DMs_into_and_out_of_custom_categories
=== RUN   TestChannelStoreCategories/MySQL/UpdateSidebarCategories/should_successfully_move_channels_between_categories
=== RUN   TestChannelStoreCategories/MySQL/UpdateSidebarCategories/should_correctly_return_the_original_categories_that_were_modified
=== RUN   TestChannelStoreCategories/MySQL/DeleteSidebarCategory
=== RUN   TestChannelStoreCategories/MySQL/DeleteSidebarCategory/should_correctly_remove_an_empty_category
=== RUN   TestChannelStoreCategories/MySQL/DeleteSidebarCategory/should_correctly_remove_a_category_and_its_channels
=== RUN   TestChannelStoreCategories/MySQL/DeleteSidebarCategory/should_not_allow_you_to_remove_non-custom_categories
=== RUN   TestChannelStoreCategories/MySQL/UpdateSidebarChannelsByPreferences
=== RUN   TestChannelStoreCategories/MySQL/UpdateSidebarChannelsByPreferences/Should_be_able_to_update_sidebar_channels
=== RUN   TestChannelStoreCategories/MySQL/UpdateSidebarChannelsByPreferences/Should_not_panic_if_channel_is_not_found
=== RUN   TestChannelStoreCategories/PostgreSQL
=== RUN   TestChannelStoreCategories/PostgreSQL/CreateInitialSidebarCategories
=== RUN   TestChannelStoreCategories/PostgreSQL/CreateInitialSidebarCategories/should_create_initial_favorites/channels/DMs_categories
=== RUN   TestChannelStoreCategories/PostgreSQL/CreateInitialSidebarCategories/should_create_initial_favorites/channels/DMs_categories_for_multiple_users
=== RUN   TestChannelStoreCategories/PostgreSQL/CreateInitialSidebarCategories/should_create_initial_favorites/channels/DMs_categories_on_different_teams
=== RUN   TestChannelStoreCategories/PostgreSQL/CreateInitialSidebarCategories/shouldn't_create_additional_categories_when_ones_already_exist
=== RUN   TestChannelStoreCategories/PostgreSQL/CreateInitialSidebarCategories/shouldn't_create_additional_categories_when_ones_already_exist_even_when_ran_simultaneously
=== RUN   TestChannelStoreCategories/PostgreSQL/CreateInitialSidebarCategories/should_populate_the_Favorites_category_with_regular_channels
=== RUN   TestChannelStoreCategories/PostgreSQL/CreateInitialSidebarCategories/should_populate_the_Favorites_category_in_alphabetical_order
=== RUN   TestChannelStoreCategories/PostgreSQL/CreateInitialSidebarCategories/should_populate_the_Favorites_category_with_DMs_and_GMs
=== RUN   TestChannelStoreCategories/PostgreSQL/CreateInitialSidebarCategories/should_not_populate_the_Favorites_category_with_channels_from_other_teams
=== RUN   TestChannelStoreCategories/PostgreSQL/CreateSidebarCategory
=== RUN   TestChannelStoreCategories/PostgreSQL/CreateSidebarCategory/should_place_the_new_category_second_if_Favorites_comes_first
=== RUN   TestChannelStoreCategories/PostgreSQL/CreateSidebarCategory/should_place_the_new_category_first_if_Favorites_is_not_first
=== RUN   TestChannelStoreCategories/PostgreSQL/CreateSidebarCategory/should_create_the_category_with_its_channels
=== RUN   TestChannelStoreCategories/PostgreSQL/CreateSidebarCategory/should_remove_any_channels_from_their_previous_categories
=== RUN   TestChannelStoreCategories/PostgreSQL/GetSidebarCategory
=== RUN   TestChannelStoreCategories/PostgreSQL/GetSidebarCategory/should_return_a_custom_category_with_its_Channels_field_set
=== RUN   TestChannelStoreCategories/PostgreSQL/GetSidebarCategory/should_return_any_orphaned_channels_with_the_Channels_category
=== RUN   TestChannelStoreCategories/PostgreSQL/GetSidebarCategory/shouldn't_return_orphaned_channels_on_another_team_with_the_Channels_category
=== RUN   TestChannelStoreCategories/PostgreSQL/GetSidebarCategory/shouldn't_return_non-orphaned_channels_with_the_Channels_category
=== RUN   TestChannelStoreCategories/PostgreSQL/GetSidebarCategory/should_return_any_orphaned_DM_channels_with_the_Direct_Messages_category
=== RUN   TestChannelStoreCategories/PostgreSQL/GetSidebarCategory/should_return_any_orphaned_GM_channels_with_the_Direct_Messages_category
=== RUN   TestChannelStoreCategories/PostgreSQL/GetSidebarCategory/should_return_orphaned_DM_channels_in_the_DMs_categorywhich_are_in_a_custom_category_on_another_team
=== RUN   TestChannelStoreCategories/PostgreSQL/GetSidebarCategories
=== RUN   TestChannelStoreCategories/PostgreSQL/GetSidebarCategories/should_return_channels_in_the_same_order_between_different_ways_of_getting_categories
=== RUN   TestChannelStoreCategories/PostgreSQL/UpdateSidebarCategories
=== RUN   TestChannelStoreCategories/PostgreSQL/UpdateSidebarCategories/ensure_the_query_to_update_SidebarCategories_hasn't_been_polluted_by_UpdateSidebarCategoryOrder
=== RUN   TestChannelStoreCategories/PostgreSQL/UpdateSidebarCategories/categories_should_be_returned_in_their_original_order
=== RUN   TestChannelStoreCategories/PostgreSQL/UpdateSidebarCategories/should_silently_fail_to_update_read_only_fields
=== RUN   TestChannelStoreCategories/PostgreSQL/UpdateSidebarCategories/should_add_and_remove_favorites_preferences_based_on_the_Favorites_category
=== RUN   TestChannelStoreCategories/PostgreSQL/UpdateSidebarCategories/should_add_and_remove_favorites_preferences_for_DMs
=== RUN   TestChannelStoreCategories/PostgreSQL/UpdateSidebarCategories/should_add_and_remove_favorites_preferences,_even_if_the_channel_is_already_favorited_in_preferences
=== RUN   TestChannelStoreCategories/PostgreSQL/UpdateSidebarCategories/should_not_affect_other_users'_favorites_preferences
=== RUN   TestChannelStoreCategories/PostgreSQL/UpdateSidebarCategories/channels_removed_from_Channels_or_DMs_categories_should_be_re-added
=== RUN   TestChannelStoreCategories/PostgreSQL/UpdateSidebarCategories/should_be_able_to_move_DMs_into_and_out_of_custom_categories
=== RUN   TestChannelStoreCategories/PostgreSQL/UpdateSidebarCategories/should_successfully_move_channels_between_categories
=== RUN   TestChannelStoreCategories/PostgreSQL/UpdateSidebarCategories/should_correctly_return_the_original_categories_that_were_modified
=== RUN   TestChannelStoreCategories/PostgreSQL/DeleteSidebarCategory
=== RUN   TestChannelStoreCategories/PostgreSQL/DeleteSidebarCategory/should_correctly_remove_an_empty_category
=== RUN   TestChannelStoreCategories/PostgreSQL/DeleteSidebarCategory/should_correctly_remove_a_category_and_its_channels
=== RUN   TestChannelStoreCategories/PostgreSQL/DeleteSidebarCategory/should_not_allow_you_to_remove_non-custom_categories
=== RUN   TestChannelStoreCategories/PostgreSQL/UpdateSidebarChannelsByPreferences
=== RUN   TestChannelStoreCategories/PostgreSQL/UpdateSidebarChannelsByPreferences/Should_be_able_to_update_sidebar_channels
=== RUN   TestChannelStoreCategories/PostgreSQL/UpdateSidebarChannelsByPreferences/Should_not_panic_if_channel_is_not_found
--- PASS: TestChannelStoreCategories (5.06s)
    --- PASS: TestChannelStoreCategories/MySQL (2.62s)
        --- PASS: TestChannelStoreCategories/MySQL/CreateInitialSidebarCategories (0.41s)
            --- PASS: TestChannelStoreCategories/MySQL/CreateInitialSidebarCategories/should_create_initial_favorites/channels/DMs_categories (0.02s)
            --- PASS: TestChannelStoreCategories/MySQL/CreateInitialSidebarCategories/should_create_initial_favorites/channels/DMs_categories_for_multiple_users (0.04s)
            --- PASS: TestChannelStoreCategories/MySQL/CreateInitialSidebarCategories/should_create_initial_favorites/channels/DMs_categories_on_different_teams (0.04s)
            --- PASS: TestChannelStoreCategories/MySQL/CreateInitialSidebarCategories/shouldn't_create_additional_categories_when_ones_already_exist (0.04s)
            --- PASS: TestChannelStoreCategories/MySQL/CreateInitialSidebarCategories/shouldn't_create_additional_categories_when_ones_already_exist_even_when_ran_simultaneously (0.04s)
            --- PASS: TestChannelStoreCategories/MySQL/CreateInitialSidebarCategories/should_populate_the_Favorites_category_with_regular_channels (0.06s)
            --- PASS: TestChannelStoreCategories/MySQL/CreateInitialSidebarCategories/should_populate_the_Favorites_category_in_alphabetical_order (0.07s)
            --- PASS: TestChannelStoreCategories/MySQL/CreateInitialSidebarCategories/should_populate_the_Favorites_category_with_DMs_and_GMs (0.05s)
            --- PASS: TestChannelStoreCategories/MySQL/CreateInitialSidebarCategories/should_not_populate_the_Favorites_category_with_channels_from_other_teams (0.05s)
        --- PASS: TestChannelStoreCategories/MySQL/CreateSidebarCategory (0.29s)
            --- PASS: TestChannelStoreCategories/MySQL/CreateSidebarCategory/should_place_the_new_category_second_if_Favorites_comes_first (0.04s)
            --- PASS: TestChannelStoreCategories/MySQL/CreateSidebarCategory/should_place_the_new_category_first_if_Favorites_is_not_first (0.07s)
            --- PASS: TestChannelStoreCategories/MySQL/CreateSidebarCategory/should_create_the_category_with_its_channels (0.06s)
            --- PASS: TestChannelStoreCategories/MySQL/CreateSidebarCategory/should_remove_any_channels_from_their_previous_categories (0.12s)
        --- PASS: TestChannelStoreCategories/MySQL/GetSidebarCategory (0.42s)
            --- PASS: TestChannelStoreCategories/MySQL/GetSidebarCategory/should_return_a_custom_category_with_its_Channels_field_set (0.05s)
            --- PASS: TestChannelStoreCategories/MySQL/GetSidebarCategory/should_return_any_orphaned_channels_with_the_Channels_category (0.07s)
            --- PASS: TestChannelStoreCategories/MySQL/GetSidebarCategory/shouldn't_return_orphaned_channels_on_another_team_with_the_Channels_category (0.05s)
            --- PASS: TestChannelStoreCategories/MySQL/GetSidebarCategory/shouldn't_return_non-orphaned_channels_with_the_Channels_category (0.08s)
            --- PASS: TestChannelStoreCategories/MySQL/GetSidebarCategory/should_return_any_orphaned_DM_channels_with_the_Direct_Messages_category (0.04s)
            --- PASS: TestChannelStoreCategories/MySQL/GetSidebarCategory/should_return_any_orphaned_GM_channels_with_the_Direct_Messages_category (0.05s)
            --- PASS: TestChannelStoreCategories/MySQL/GetSidebarCategory/should_return_orphaned_DM_channels_in_the_DMs_categorywhich_are_in_a_custom_category_on_another_team (0.08s)
        --- PASS: TestChannelStoreCategories/MySQL/GetSidebarCategories (0.05s)
            --- PASS: TestChannelStoreCategories/MySQL/GetSidebarCategories/should_return_channels_in_the_same_order_between_different_ways_of_getting_categories (0.05s)
        --- PASS: TestChannelStoreCategories/MySQL/UpdateSidebarCategories (1.14s)
            --- PASS: TestChannelStoreCategories/MySQL/UpdateSidebarCategories/ensure_the_query_to_update_SidebarCategories_hasn't_been_polluted_by_UpdateSidebarCategoryOrder (0.06s)
            --- PASS: TestChannelStoreCategories/MySQL/UpdateSidebarCategories/categories_should_be_returned_in_their_original_order (0.06s)
            --- PASS: TestChannelStoreCategories/MySQL/UpdateSidebarCategories/should_silently_fail_to_update_read_only_fields (0.09s)
            --- PASS: TestChannelStoreCategories/MySQL/UpdateSidebarCategories/should_add_and_remove_favorites_preferences_based_on_the_Favorites_category (0.08s)
            --- PASS: TestChannelStoreCategories/MySQL/UpdateSidebarCategories/should_add_and_remove_favorites_preferences_for_DMs (0.07s)
            --- PASS: TestChannelStoreCategories/MySQL/UpdateSidebarCategories/should_add_and_remove_favorites_preferences,_even_if_the_channel_is_already_favorited_in_preferences (0.13s)
            --- PASS: TestChannelStoreCategories/MySQL/UpdateSidebarCategories/should_not_affect_other_users'_favorites_preferences (0.21s)
            --- PASS: TestChannelStoreCategories/MySQL/UpdateSidebarCategories/channels_removed_from_Channels_or_DMs_categories_should_be_re-added (0.07s)
            --- PASS: TestChannelStoreCategories/MySQL/UpdateSidebarCategories/should_be_able_to_move_DMs_into_and_out_of_custom_categories (0.13s)
            --- PASS: TestChannelStoreCategories/MySQL/UpdateSidebarCategories/should_successfully_move_channels_between_categories (0.12s)
            --- PASS: TestChannelStoreCategories/MySQL/UpdateSidebarCategories/should_correctly_return_the_original_categories_that_were_modified (0.10s)
        --- PASS: TestChannelStoreCategories/MySQL/DeleteSidebarCategory (0.26s)
            --- PASS: TestChannelStoreCategories/MySQL/DeleteSidebarCategory/should_correctly_remove_an_empty_category (0.07s)
            --- PASS: TestChannelStoreCategories/MySQL/DeleteSidebarCategory/should_correctly_remove_a_category_and_its_channels (0.14s)
            --- PASS: TestChannelStoreCategories/MySQL/DeleteSidebarCategory/should_not_allow_you_to_remove_non-custom_categories (0.05s)
        --- PASS: TestChannelStoreCategories/MySQL/UpdateSidebarChannelsByPreferences (0.05s)
            --- PASS: TestChannelStoreCategories/MySQL/UpdateSidebarChannelsByPreferences/Should_be_able_to_update_sidebar_channels (0.03s)
            --- PASS: TestChannelStoreCategories/MySQL/UpdateSidebarChannelsByPreferences/Should_not_panic_if_channel_is_not_found (0.02s)
    --- PASS: TestChannelStoreCategories/PostgreSQL (2.45s)
        --- PASS: TestChannelStoreCategories/PostgreSQL/CreateInitialSidebarCategories (0.42s)
            --- PASS: TestChannelStoreCategories/PostgreSQL/CreateInitialSidebarCategories/should_create_initial_favorites/channels/DMs_categories (0.02s)
            --- PASS: TestChannelStoreCategories/PostgreSQL/CreateInitialSidebarCategories/should_create_initial_favorites/channels/DMs_categories_for_multiple_users (0.03s)
            --- PASS: TestChannelStoreCategories/PostgreSQL/CreateInitialSidebarCategories/should_create_initial_favorites/channels/DMs_categories_on_different_teams (0.03s)
            --- PASS: TestChannelStoreCategories/PostgreSQL/CreateInitialSidebarCategories/shouldn't_create_additional_categories_when_ones_already_exist (0.03s)
            --- PASS: TestChannelStoreCategories/PostgreSQL/CreateInitialSidebarCategories/shouldn't_create_additional_categories_when_ones_already_exist_even_when_ran_simultaneously (0.04s)
            --- PASS: TestChannelStoreCategories/PostgreSQL/CreateInitialSidebarCategories/should_populate_the_Favorites_category_with_regular_channels (0.07s)
            --- PASS: TestChannelStoreCategories/PostgreSQL/CreateInitialSidebarCategories/should_populate_the_Favorites_category_in_alphabetical_order (0.08s)
            --- PASS: TestChannelStoreCategories/PostgreSQL/CreateInitialSidebarCategories/should_populate_the_Favorites_category_with_DMs_and_GMs (0.06s)
            --- PASS: TestChannelStoreCategories/PostgreSQL/CreateInitialSidebarCategories/should_not_populate_the_Favorites_category_with_channels_from_other_teams (0.04s)
        --- PASS: TestChannelStoreCategories/PostgreSQL/CreateSidebarCategory (0.25s)
            --- PASS: TestChannelStoreCategories/PostgreSQL/CreateSidebarCategory/should_place_the_new_category_second_if_Favorites_comes_first (0.04s)
            --- PASS: TestChannelStoreCategories/PostgreSQL/CreateSidebarCategory/should_place_the_new_category_first_if_Favorites_is_not_first (0.05s)
            --- PASS: TestChannelStoreCategories/PostgreSQL/CreateSidebarCategory/should_create_the_category_with_its_channels (0.06s)
            --- PASS: TestChannelStoreCategories/PostgreSQL/CreateSidebarCategory/should_remove_any_channels_from_their_previous_categories (0.10s)
        --- PASS: TestChannelStoreCategories/PostgreSQL/GetSidebarCategory (0.37s)
            --- PASS: TestChannelStoreCategories/PostgreSQL/GetSidebarCategory/should_return_a_custom_category_with_its_Channels_field_set (0.04s)
            --- PASS: TestChannelStoreCategories/PostgreSQL/GetSidebarCategory/should_return_any_orphaned_channels_with_the_Channels_category (0.06s)
            --- PASS: TestChannelStoreCategories/PostgreSQL/GetSidebarCategory/shouldn't_return_orphaned_channels_on_another_team_with_the_Channels_category (0.04s)
            --- PASS: TestChannelStoreCategories/PostgreSQL/GetSidebarCategory/shouldn't_return_non-orphaned_channels_with_the_Channels_category (0.07s)
            --- PASS: TestChannelStoreCategories/PostgreSQL/GetSidebarCategory/should_return_any_orphaned_DM_channels_with_the_Direct_Messages_category (0.03s)
            --- PASS: TestChannelStoreCategories/PostgreSQL/GetSidebarCategory/should_return_any_orphaned_GM_channels_with_the_Direct_Messages_category (0.04s)
            --- PASS: TestChannelStoreCategories/PostgreSQL/GetSidebarCategory/should_return_orphaned_DM_channels_in_the_DMs_categorywhich_are_in_a_custom_category_on_another_team (0.07s)
        --- PASS: TestChannelStoreCategories/PostgreSQL/GetSidebarCategories (0.05s)
            --- PASS: TestChannelStoreCategories/PostgreSQL/GetSidebarCategories/should_return_channels_in_the_same_order_between_different_ways_of_getting_categories (0.05s)
        --- PASS: TestChannelStoreCategories/PostgreSQL/UpdateSidebarCategories (1.07s)
            --- PASS: TestChannelStoreCategories/PostgreSQL/UpdateSidebarCategories/ensure_the_query_to_update_SidebarCategories_hasn't_been_polluted_by_UpdateSidebarCategoryOrder (0.05s)
            --- PASS: TestChannelStoreCategories/PostgreSQL/UpdateSidebarCategories/categories_should_be_returned_in_their_original_order (0.06s)
            --- PASS: TestChannelStoreCategories/PostgreSQL/UpdateSidebarCategories/should_silently_fail_to_update_read_only_fields (0.09s)
            --- PASS: TestChannelStoreCategories/PostgreSQL/UpdateSidebarCategories/should_add_and_remove_favorites_preferences_based_on_the_Favorites_category (0.08s)
            --- PASS: TestChannelStoreCategories/PostgreSQL/UpdateSidebarCategories/should_add_and_remove_favorites_preferences_for_DMs (0.07s)
            --- PASS: TestChannelStoreCategories/PostgreSQL/UpdateSidebarCategories/should_add_and_remove_favorites_preferences,_even_if_the_channel_is_already_favorited_in_preferences (0.11s)
            --- PASS: TestChannelStoreCategories/PostgreSQL/UpdateSidebarCategories/should_not_affect_other_users'_favorites_preferences (0.20s)
            --- PASS: TestChannelStoreCategories/PostgreSQL/UpdateSidebarCategories/channels_removed_from_Channels_or_DMs_categories_should_be_re-added (0.08s)
            --- PASS: TestChannelStoreCategories/PostgreSQL/UpdateSidebarCategories/should_be_able_to_move_DMs_into_and_out_of_custom_categories (0.13s)
            --- PASS: TestChannelStoreCategories/PostgreSQL/UpdateSidebarCategories/should_successfully_move_channels_between_categories (0.11s)
            --- PASS: TestChannelStoreCategories/PostgreSQL/UpdateSidebarCategories/should_correctly_return_the_original_categories_that_were_modified (0.10s)
        --- PASS: TestChannelStoreCategories/PostgreSQL/DeleteSidebarCategory (0.24s)
            --- PASS: TestChannelStoreCategories/PostgreSQL/DeleteSidebarCategory/should_correctly_remove_an_empty_category (0.07s)
            --- PASS: TestChannelStoreCategories/PostgreSQL/DeleteSidebarCategory/should_correctly_remove_a_category_and_its_channels (0.12s)
            --- PASS: TestChannelStoreCategories/PostgreSQL/DeleteSidebarCategory/should_not_allow_you_to_remove_non-custom_categories (0.04s)
        --- PASS: TestChannelStoreCategories/PostgreSQL/UpdateSidebarChannelsByPreferences (0.04s)
            --- PASS: TestChannelStoreCategories/PostgreSQL/UpdateSidebarChannelsByPreferences/Should_be_able_to_update_sidebar_channels (0.03s)
            --- PASS: TestChannelStoreCategories/PostgreSQL/UpdateSidebarChannelsByPreferences/Should_not_panic_if_channel_is_not_found (0.02s)
=== RUN   TestChannelStore
=== RUN   TestChannelStore/MySQL
=== RUN   TestChannelStore/MySQL/Save
=== RUN   TestChannelStore/MySQL/SaveDirectChannel
=== RUN   TestChannelStore/MySQL/CreateDirectChannel
=== RUN   TestChannelStore/MySQL/Update
=== RUN   TestChannelStore/MySQL/GetChannelUnread
=== RUN   TestChannelStore/MySQL/Get
=== RUN   TestChannelStore/MySQL/GetChannelsByIds
=== RUN   TestChannelStore/MySQL/GetChannelsByIds/Get_2_existing_channels
=== RUN   TestChannelStore/MySQL/GetChannelsByIds/Get_1_existing_and_1_not_existing_channel
=== RUN   TestChannelStore/MySQL/GetChannelsByIds/Get_2_existing_and_1_deleted_channel
=== RUN   TestChannelStore/MySQL/GetForPost
=== RUN   TestChannelStore/MySQL/Restore
=== RUN   TestChannelStore/MySQL/Delete
=== RUN   TestChannelStore/MySQL/GetByName
=== RUN   TestChannelStore/MySQL/GetByNames
=== RUN   TestChannelStore/MySQL/GetDeletedByName
=== RUN   TestChannelStore/MySQL/GetDeleted
=== RUN   TestChannelStore/MySQL/ChannelMemberStore
=== RUN   TestChannelStore/MySQL/SaveMember
=== RUN   TestChannelStore/MySQL/SaveMember/not_valid_channel_member
=== RUN   TestChannelStore/MySQL/SaveMember/duplicated_entries_should_fail
=== RUN   TestChannelStore/MySQL/SaveMember/insert_member_correctly_(in_channel_without_channel_scheme_and_team_without_scheme)
=== RUN   TestChannelStore/MySQL/SaveMember/insert_member_correctly_(in_channel_without_channel_scheme_and_team_without_scheme)/channel_user_implicit
=== RUN   TestChannelStore/MySQL/SaveMember/insert_member_correctly_(in_channel_without_channel_scheme_and_team_without_scheme)/channel_user_explicit
=== RUN   TestChannelStore/MySQL/SaveMember/insert_member_correctly_(in_channel_without_channel_scheme_and_team_without_scheme)/channel_guest_implicit
=== RUN   TestChannelStore/MySQL/SaveMember/insert_member_correctly_(in_channel_without_channel_scheme_and_team_without_scheme)/channel_guest_explicit
=== RUN   TestChannelStore/MySQL/SaveMember/insert_member_correctly_(in_channel_without_channel_scheme_and_team_without_scheme)/channel_admin_implicit
=== RUN   TestChannelStore/MySQL/SaveMember/insert_member_correctly_(in_channel_without_channel_scheme_and_team_without_scheme)/channel_admin_explicit
=== RUN   TestChannelStore/MySQL/SaveMember/insert_member_correctly_(in_channel_without_channel_scheme_and_team_without_scheme)/channel_user_implicit_and_explicit_custom_role
=== RUN   TestChannelStore/MySQL/SaveMember/insert_member_correctly_(in_channel_without_channel_scheme_and_team_without_scheme)/channel_user_explicit_and_explicit_custom_role
=== RUN   TestChannelStore/MySQL/SaveMember/insert_member_correctly_(in_channel_without_channel_scheme_and_team_without_scheme)/channel_guest_implicit_and_explicit_custom_role
=== RUN   TestChannelStore/MySQL/SaveMember/insert_member_correctly_(in_channel_without_channel_scheme_and_team_without_scheme)/channel_guest_explicit_and_explicit_custom_role
=== RUN   TestChannelStore/MySQL/SaveMember/insert_member_correctly_(in_channel_without_channel_scheme_and_team_without_scheme)/channel_admin_implicit_and_explicit_custom_role
=== RUN   TestChannelStore/MySQL/SaveMember/insert_member_correctly_(in_channel_without_channel_scheme_and_team_without_scheme)/channel_admin_explicit_and_explicit_custom_role
=== RUN   TestChannelStore/MySQL/SaveMember/insert_member_correctly_(in_channel_without_channel_scheme_and_team_without_scheme)/channel_member_with_only_explicit_custom_roles
=== RUN   TestChannelStore/MySQL/SaveMember/insert_member_correctly_(in_channel_without_scheme_and_team_with_scheme)
=== RUN   TestChannelStore/MySQL/SaveMember/insert_member_correctly_(in_channel_without_scheme_and_team_with_scheme)/channel_user_implicit
=== RUN   TestChannelStore/MySQL/SaveMember/insert_member_correctly_(in_channel_without_scheme_and_team_with_scheme)/channel_user_explicit
=== RUN   TestChannelStore/MySQL/SaveMember/insert_member_correctly_(in_channel_without_scheme_and_team_with_scheme)/channel_guest_implicit
=== RUN   TestChannelStore/MySQL/SaveMember/insert_member_correctly_(in_channel_without_scheme_and_team_with_scheme)/channel_guest_explicit
=== RUN   TestChannelStore/MySQL/SaveMember/insert_member_correctly_(in_channel_without_scheme_and_team_with_scheme)/channel_admin_implicit
=== RUN   TestChannelStore/MySQL/SaveMember/insert_member_correctly_(in_channel_without_scheme_and_team_with_scheme)/channel_admin_explicit
=== RUN   TestChannelStore/MySQL/SaveMember/insert_member_correctly_(in_channel_without_scheme_and_team_with_scheme)/channel_user_implicit_and_explicit_custom_role
=== RUN   TestChannelStore/MySQL/SaveMember/insert_member_correctly_(in_channel_without_scheme_and_team_with_scheme)/channel_user_explicit_and_explicit_custom_role
=== RUN   TestChannelStore/MySQL/SaveMember/insert_member_correctly_(in_channel_without_scheme_and_team_with_scheme)/channel_guest_implicit_and_explicit_custom_role
=== RUN   TestChannelStore/MySQL/SaveMember/insert_member_correctly_(in_channel_without_scheme_and_team_with_scheme)/channel_guest_explicit_and_explicit_custom_role
=== RUN   TestChannelStore/MySQL/SaveMember/insert_member_correctly_(in_channel_without_scheme_and_team_with_scheme)/channel_admin_implicit_and_explicit_custom_role
=== RUN   TestChannelStore/MySQL/SaveMember/insert_member_correctly_(in_channel_without_scheme_and_team_with_scheme)/channel_admin_explicit_and_explicit_custom_role
=== RUN   TestChannelStore/MySQL/SaveMember/insert_member_correctly_(in_channel_without_scheme_and_team_with_scheme)/channel_member_with_only_explicit_custom_roles
=== RUN   TestChannelStore/MySQL/SaveMember/insert_member_correctly_(in_channel_with_channel_scheme)
=== RUN   TestChannelStore/MySQL/SaveMember/insert_member_correctly_(in_channel_with_channel_scheme)/channel_user_implicit
=== RUN   TestChannelStore/MySQL/SaveMember/insert_member_correctly_(in_channel_with_channel_scheme)/channel_user_explicit
=== RUN   TestChannelStore/MySQL/SaveMember/insert_member_correctly_(in_channel_with_channel_scheme)/channel_guest_implicit
=== RUN   TestChannelStore/MySQL/SaveMember/insert_member_correctly_(in_channel_with_channel_scheme)/channel_guest_explicit
=== RUN   TestChannelStore/MySQL/SaveMember/insert_member_correctly_(in_channel_with_channel_scheme)/channel_admin_implicit
=== RUN   TestChannelStore/MySQL/SaveMember/insert_member_correctly_(in_channel_with_channel_scheme)/channel_admin_explicit
=== RUN   TestChannelStore/MySQL/SaveMember/insert_member_correctly_(in_channel_with_channel_scheme)/channel_user_implicit_and_explicit_custom_role
=== RUN   TestChannelStore/MySQL/SaveMember/insert_member_correctly_(in_channel_with_channel_scheme)/channel_user_explicit_and_explicit_custom_role
=== RUN   TestChannelStore/MySQL/SaveMember/insert_member_correctly_(in_channel_with_channel_scheme)/channel_guest_implicit_and_explicit_custom_role
=== RUN   TestChannelStore/MySQL/SaveMember/insert_member_correctly_(in_channel_with_channel_scheme)/channel_guest_explicit_and_explicit_custom_role
=== RUN   TestChannelStore/MySQL/SaveMember/insert_member_correctly_(in_channel_with_channel_scheme)/channel_admin_implicit_and_explicit_custom_role
=== RUN   TestChannelStore/MySQL/SaveMember/insert_member_correctly_(in_channel_with_channel_scheme)/channel_admin_explicit_and_explicit_custom_role
=== RUN   TestChannelStore/MySQL/SaveMember/insert_member_correctly_(in_channel_with_channel_scheme)/channel_member_with_only_explicit_custom_roles
=== RUN   TestChannelStore/MySQL/SaveMultipleMembers
=== RUN   TestChannelStore/MySQL/SaveMultipleMembers/any_not_valid_channel_member
=== RUN   TestChannelStore/MySQL/SaveMultipleMembers/duplicated_entries_should_fail
=== RUN   TestChannelStore/MySQL/SaveMultipleMembers/insert_members_correctly_(in_channel_without_channel_scheme_and_team_without_scheme)
=== RUN   TestChannelStore/MySQL/SaveMultipleMembers/insert_members_correctly_(in_channel_without_channel_scheme_and_team_without_scheme)/channel_user_implicit
=== RUN   TestChannelStore/MySQL/SaveMultipleMembers/insert_members_correctly_(in_channel_without_channel_scheme_and_team_without_scheme)/channel_user_explicit
=== RUN   TestChannelStore/MySQL/SaveMultipleMembers/insert_members_correctly_(in_channel_without_channel_scheme_and_team_without_scheme)/channel_guest_implicit
=== RUN   TestChannelStore/MySQL/SaveMultipleMembers/insert_members_correctly_(in_channel_without_channel_scheme_and_team_without_scheme)/channel_guest_explicit
=== RUN   TestChannelStore/MySQL/SaveMultipleMembers/insert_members_correctly_(in_channel_without_channel_scheme_and_team_without_scheme)/channel_admin_implicit
=== RUN   TestChannelStore/MySQL/SaveMultipleMembers/insert_members_correctly_(in_channel_without_channel_scheme_and_team_without_scheme)/channel_admin_explicit
=== RUN   TestChannelStore/MySQL/SaveMultipleMembers/insert_members_correctly_(in_channel_without_channel_scheme_and_team_without_scheme)/channel_user_implicit_and_explicit_custom_role
=== RUN   TestChannelStore/MySQL/SaveMultipleMembers/insert_members_correctly_(in_channel_without_channel_scheme_and_team_without_scheme)/channel_user_explicit_and_explicit_custom_role
=== RUN   TestChannelStore/MySQL/SaveMultipleMembers/insert_members_correctly_(in_channel_without_channel_scheme_and_team_without_scheme)/channel_guest_implicit_and_explicit_custom_role
=== RUN   TestChannelStore/MySQL/SaveMultipleMembers/insert_members_correctly_(in_channel_without_channel_scheme_and_team_without_scheme)/channel_guest_explicit_and_explicit_custom_role
=== RUN   TestChannelStore/MySQL/SaveMultipleMembers/insert_members_correctly_(in_channel_without_channel_scheme_and_team_without_scheme)/channel_admin_implicit_and_explicit_custom_role
=== RUN   TestChannelStore/MySQL/SaveMultipleMembers/insert_members_correctly_(in_channel_without_channel_scheme_and_team_without_scheme)/channel_admin_explicit_and_explicit_custom_role
=== RUN   TestChannelStore/MySQL/SaveMultipleMembers/insert_members_correctly_(in_channel_without_channel_scheme_and_team_without_scheme)/channel_member_with_only_explicit_custom_roles
=== RUN   TestChannelStore/MySQL/SaveMultipleMembers/insert_members_correctly_(in_channel_without_scheme_and_team_with_scheme)
=== RUN   TestChannelStore/MySQL/SaveMultipleMembers/insert_members_correctly_(in_channel_without_scheme_and_team_with_scheme)/channel_user_implicit
=== RUN   TestChannelStore/MySQL/SaveMultipleMembers/insert_members_correctly_(in_channel_without_scheme_and_team_with_scheme)/channel_user_explicit
=== RUN   TestChannelStore/MySQL/SaveMultipleMembers/insert_members_correctly_(in_channel_without_scheme_and_team_with_scheme)/channel_guest_implicit
=== RUN   TestChannelStore/MySQL/SaveMultipleMembers/insert_members_correctly_(in_channel_without_scheme_and_team_with_scheme)/channel_guest_explicit
=== RUN   TestChannelStore/MySQL/SaveMultipleMembers/insert_members_correctly_(in_channel_without_scheme_and_team_with_scheme)/channel_admin_implicit
=== RUN   TestChannelStore/MySQL/SaveMultipleMembers/insert_members_correctly_(in_channel_without_scheme_and_team_with_scheme)/channel_admin_explicit
=== RUN   TestChannelStore/MySQL/SaveMultipleMembers/insert_members_correctly_(in_channel_without_scheme_and_team_with_scheme)/channel_user_implicit_and_explicit_custom_role
=== RUN   TestChannelStore/MySQL/SaveMultipleMembers/insert_members_correctly_(in_channel_without_scheme_and_team_with_scheme)/channel_user_explicit_and_explicit_custom_role
=== RUN   TestChannelStore/MySQL/SaveMultipleMembers/insert_members_correctly_(in_channel_without_scheme_and_team_with_scheme)/channel_guest_implicit_and_explicit_custom_role
=== RUN   TestChannelStore/MySQL/SaveMultipleMembers/insert_members_correctly_(in_channel_without_scheme_and_team_with_scheme)/channel_guest_explicit_and_explicit_custom_role
=== RUN   TestChannelStore/MySQL/SaveMultipleMembers/insert_members_correctly_(in_channel_without_scheme_and_team_with_scheme)/channel_admin_implicit_and_explicit_custom_role
=== RUN   TestChannelStore/MySQL/SaveMultipleMembers/insert_members_correctly_(in_channel_without_scheme_and_team_with_scheme)/channel_admin_explicit_and_explicit_custom_role
=== RUN   TestChannelStore/MySQL/SaveMultipleMembers/insert_members_correctly_(in_channel_without_scheme_and_team_with_scheme)/channel_member_with_only_explicit_custom_roles
=== RUN   TestChannelStore/MySQL/SaveMultipleMembers/insert_members_correctly_(in_channel_with_channel_scheme)
=== RUN   TestChannelStore/MySQL/SaveMultipleMembers/insert_members_correctly_(in_channel_with_channel_scheme)/channel_user_implicit
=== RUN   TestChannelStore/MySQL/SaveMultipleMembers/insert_members_correctly_(in_channel_with_channel_scheme)/channel_user_explicit
=== RUN   TestChannelStore/MySQL/SaveMultipleMembers/insert_members_correctly_(in_channel_with_channel_scheme)/channel_guest_implicit
=== RUN   TestChannelStore/MySQL/SaveMultipleMembers/insert_members_correctly_(in_channel_with_channel_scheme)/channel_guest_explicit
=== RUN   TestChannelStore/MySQL/SaveMultipleMembers/insert_members_correctly_(in_channel_with_channel_scheme)/channel_admin_implicit
=== RUN   TestChannelStore/MySQL/SaveMultipleMembers/insert_members_correctly_(in_channel_with_channel_scheme)/channel_admin_explicit
=== RUN   TestChannelStore/MySQL/SaveMultipleMembers/insert_members_correctly_(in_channel_with_channel_scheme)/channel_user_implicit_and_explicit_custom_role
=== RUN   TestChannelStore/MySQL/SaveMultipleMembers/insert_members_correctly_(in_channel_with_channel_scheme)/channel_user_explicit_and_explicit_custom_role
=== RUN   TestChannelStore/MySQL/SaveMultipleMembers/insert_members_correctly_(in_channel_with_channel_scheme)/channel_guest_implicit_and_explicit_custom_role
=== RUN   TestChannelStore/MySQL/SaveMultipleMembers/insert_members_correctly_(in_channel_with_channel_scheme)/channel_guest_explicit_and_explicit_custom_role
=== RUN   TestChannelStore/MySQL/SaveMultipleMembers/insert_members_correctly_(in_channel_with_channel_scheme)/channel_admin_implicit_and_explicit_custom_role
=== RUN   TestChannelStore/MySQL/SaveMultipleMembers/insert_members_correctly_(in_channel_with_channel_scheme)/channel_admin_explicit_and_explicit_custom_role
=== RUN   TestChannelStore/MySQL/SaveMultipleMembers/insert_members_correctly_(in_channel_with_channel_scheme)/channel_member_with_only_explicit_custom_roles
=== RUN   TestChannelStore/MySQL/UpdateMember
=== RUN   TestChannelStore/MySQL/UpdateMember/not_valid_channel_member
=== RUN   TestChannelStore/MySQL/UpdateMember/insert_member_correctly_(in_channel_without_channel_scheme_and_team_without_scheme)
=== RUN   TestChannelStore/MySQL/UpdateMember/insert_member_correctly_(in_channel_without_channel_scheme_and_team_without_scheme)/channel_user_implicit
=== RUN   TestChannelStore/MySQL/UpdateMember/insert_member_correctly_(in_channel_without_channel_scheme_and_team_without_scheme)/channel_user_explicit
=== RUN   TestChannelStore/MySQL/UpdateMember/insert_member_correctly_(in_channel_without_channel_scheme_and_team_without_scheme)/channel_guest_implicit
=== RUN   TestChannelStore/MySQL/UpdateMember/insert_member_correctly_(in_channel_without_channel_scheme_and_team_without_scheme)/channel_guest_explicit
=== RUN   TestChannelStore/MySQL/UpdateMember/insert_member_correctly_(in_channel_without_channel_scheme_and_team_without_scheme)/channel_admin_implicit
=== RUN   TestChannelStore/MySQL/UpdateMember/insert_member_correctly_(in_channel_without_channel_scheme_and_team_without_scheme)/channel_admin_explicit
=== RUN   TestChannelStore/MySQL/UpdateMember/insert_member_correctly_(in_channel_without_channel_scheme_and_team_without_scheme)/channel_user_implicit_and_explicit_custom_role
=== RUN   TestChannelStore/MySQL/UpdateMember/insert_member_correctly_(in_channel_without_channel_scheme_and_team_without_scheme)/channel_user_explicit_and_explicit_custom_role
=== RUN   TestChannelStore/MySQL/UpdateMember/insert_member_correctly_(in_channel_without_channel_scheme_and_team_without_scheme)/channel_guest_implicit_and_explicit_custom_role
=== RUN   TestChannelStore/MySQL/UpdateMember/insert_member_correctly_(in_channel_without_channel_scheme_and_team_without_scheme)/channel_guest_explicit_and_explicit_custom_role
=== RUN   TestChannelStore/MySQL/UpdateMember/insert_member_correctly_(in_channel_without_channel_scheme_and_team_without_scheme)/channel_admin_implicit_and_explicit_custom_role
=== RUN   TestChannelStore/MySQL/UpdateMember/insert_member_correctly_(in_channel_without_channel_scheme_and_team_without_scheme)/channel_admin_explicit_and_explicit_custom_role
=== RUN   TestChannelStore/MySQL/UpdateMember/insert_member_correctly_(in_channel_without_channel_scheme_and_team_without_scheme)/channel_member_with_only_explicit_custom_roles
=== RUN   TestChannelStore/MySQL/UpdateMember/insert_member_correctly_(in_channel_without_scheme_and_team_with_scheme)
=== RUN   TestChannelStore/MySQL/UpdateMember/insert_member_correctly_(in_channel_without_scheme_and_team_with_scheme)/channel_user_implicit
=== RUN   TestChannelStore/MySQL/UpdateMember/insert_member_correctly_(in_channel_without_scheme_and_team_with_scheme)/channel_user_explicit
=== RUN   TestChannelStore/MySQL/UpdateMember/insert_member_correctly_(in_channel_without_scheme_and_team_with_scheme)/channel_guest_implicit
=== RUN   TestChannelStore/MySQL/UpdateMember/insert_member_correctly_(in_channel_without_scheme_and_team_with_scheme)/channel_guest_explicit
=== RUN   TestChannelStore/MySQL/UpdateMember/insert_member_correctly_(in_channel_without_scheme_and_team_with_scheme)/channel_admin_implicit
=== RUN   TestChannelStore/MySQL/UpdateMember/insert_member_correctly_(in_channel_without_scheme_and_team_with_scheme)/channel_admin_explicit
=== RUN   TestChannelStore/MySQL/UpdateMember/insert_member_correctly_(in_channel_without_scheme_and_team_with_scheme)/channel_user_implicit_and_explicit_custom_role
=== RUN   TestChannelStore/MySQL/UpdateMember/insert_member_correctly_(in_channel_without_scheme_and_team_with_scheme)/channel_user_explicit_and_explicit_custom_role
=== RUN   TestChannelStore/MySQL/UpdateMember/insert_member_correctly_(in_channel_without_scheme_and_team_with_scheme)/channel_guest_implicit_and_explicit_custom_role
=== RUN   TestChannelStore/MySQL/UpdateMember/insert_member_correctly_(in_channel_without_scheme_and_team_with_scheme)/channel_guest_explicit_and_explicit_custom_role
=== RUN   TestChannelStore/MySQL/UpdateMember/insert_member_correctly_(in_channel_without_scheme_and_team_with_scheme)/channel_admin_implicit_and_explicit_custom_role
=== RUN   TestChannelStore/MySQL/UpdateMember/insert_member_correctly_(in_channel_without_scheme_and_team_with_scheme)/channel_admin_explicit_and_explicit_custom_role
=== RUN   TestChannelStore/MySQL/UpdateMember/insert_member_correctly_(in_channel_without_scheme_and_team_with_scheme)/channel_member_with_only_explicit_custom_roles
=== RUN   TestChannelStore/MySQL/UpdateMember/insert_member_correctly_(in_channel_with_channel_scheme)
=== RUN   TestChannelStore/MySQL/UpdateMember/insert_member_correctly_(in_channel_with_channel_scheme)/channel_user_implicit
=== RUN   TestChannelStore/MySQL/UpdateMember/insert_member_correctly_(in_channel_with_channel_scheme)/channel_user_explicit
=== RUN   TestChannelStore/MySQL/UpdateMember/insert_member_correctly_(in_channel_with_channel_scheme)/channel_guest_implicit
=== RUN   TestChannelStore/MySQL/UpdateMember/insert_member_correctly_(in_channel_with_channel_scheme)/channel_guest_explicit
=== RUN   TestChannelStore/MySQL/UpdateMember/insert_member_correctly_(in_channel_with_channel_scheme)/channel_admin_implicit
=== RUN   TestChannelStore/MySQL/UpdateMember/insert_member_correctly_(in_channel_with_channel_scheme)/channel_admin_explicit
=== RUN   TestChannelStore/MySQL/UpdateMember/insert_member_correctly_(in_channel_with_channel_scheme)/channel_user_implicit_and_explicit_custom_role
=== RUN   TestChannelStore/MySQL/UpdateMember/insert_member_correctly_(in_channel_with_channel_scheme)/channel_user_explicit_and_explicit_custom_role
=== RUN   TestChannelStore/MySQL/UpdateMember/insert_member_correctly_(in_channel_with_channel_scheme)/channel_guest_implicit_and_explicit_custom_role
=== RUN   TestChannelStore/MySQL/UpdateMember/insert_member_correctly_(in_channel_with_channel_scheme)/channel_guest_explicit_and_explicit_custom_role
=== RUN   TestChannelStore/MySQL/UpdateMember/insert_member_correctly_(in_channel_with_channel_scheme)/channel_admin_implicit_and_explicit_custom_role
=== RUN   TestChannelStore/MySQL/UpdateMember/insert_member_correctly_(in_channel_with_channel_scheme)/channel_admin_explicit_and_explicit_custom_role
=== RUN   TestChannelStore/MySQL/UpdateMember/insert_member_correctly_(in_channel_with_channel_scheme)/channel_member_with_only_explicit_custom_roles
=== RUN   TestChannelStore/MySQL/UpdateMultipleMembers
=== RUN   TestChannelStore/MySQL/UpdateMultipleMembers/any_not_valid_channel_member
=== RUN   TestChannelStore/MySQL/UpdateMultipleMembers/duplicated_entries_should_fail
=== RUN   TestChannelStore/MySQL/UpdateMultipleMembers/insert_members_correctly_(in_channel_without_channel_scheme_and_team_without_scheme)
=== RUN   TestChannelStore/MySQL/UpdateMultipleMembers/insert_members_correctly_(in_channel_without_channel_scheme_and_team_without_scheme)/channel_user_implicit
=== RUN   TestChannelStore/MySQL/UpdateMultipleMembers/insert_members_correctly_(in_channel_without_channel_scheme_and_team_without_scheme)/channel_user_explicit
=== RUN   TestChannelStore/MySQL/UpdateMultipleMembers/insert_members_correctly_(in_channel_without_channel_scheme_and_team_without_scheme)/channel_guest_implicit
=== RUN   TestChannelStore/MySQL/UpdateMultipleMembers/insert_members_correctly_(in_channel_without_channel_scheme_and_team_without_scheme)/channel_guest_explicit
=== RUN   TestChannelStore/MySQL/UpdateMultipleMembers/insert_members_correctly_(in_channel_without_channel_scheme_and_team_without_scheme)/channel_admin_implicit
=== RUN   TestChannelStore/MySQL/UpdateMultipleMembers/insert_members_correctly_(in_channel_without_channel_scheme_and_team_without_scheme)/channel_admin_explicit
=== RUN   TestChannelStore/MySQL/UpdateMultipleMembers/insert_members_correctly_(in_channel_without_channel_scheme_and_team_without_scheme)/channel_user_implicit_and_explicit_custom_role
=== RUN   TestChannelStore/MySQL/UpdateMultipleMembers/insert_members_correctly_(in_channel_without_channel_scheme_and_team_without_scheme)/channel_user_explicit_and_explicit_custom_role
=== RUN   TestChannelStore/MySQL/UpdateMultipleMembers/insert_members_correctly_(in_channel_without_channel_scheme_and_team_without_scheme)/channel_guest_implicit_and_explicit_custom_role
=== RUN   TestChannelStore/MySQL/UpdateMultipleMembers/insert_members_correctly_(in_channel_without_channel_scheme_and_team_without_scheme)/channel_guest_explicit_and_explicit_custom_role
=== RUN   TestChannelStore/MySQL/UpdateMultipleMembers/insert_members_correctly_(in_channel_without_channel_scheme_and_team_without_scheme)/channel_admin_implicit_and_explicit_custom_role
=== RUN   TestChannelStore/MySQL/UpdateMultipleMembers/insert_members_correctly_(in_channel_without_channel_scheme_and_team_without_scheme)/channel_admin_explicit_and_explicit_custom_role
=== RUN   TestChannelStore/MySQL/UpdateMultipleMembers/insert_members_correctly_(in_channel_without_channel_scheme_and_team_without_scheme)/channel_member_with_only_explicit_custom_roles
=== RUN   TestChannelStore/MySQL/UpdateMultipleMembers/insert_members_correctly_(in_channel_without_scheme_and_team_with_scheme)
=== RUN   TestChannelStore/MySQL/UpdateMultipleMembers/insert_members_correctly_(in_channel_without_scheme_and_team_with_scheme)/channel_user_implicit
=== RUN   TestChannelStore/MySQL/UpdateMultipleMembers/insert_members_correctly_(in_channel_without_scheme_and_team_with_scheme)/channel_user_explicit
=== RUN   TestChannelStore/MySQL/UpdateMultipleMembers/insert_members_correctly_(in_channel_without_scheme_and_team_with_scheme)/channel_guest_implicit
=== RUN   TestChannelStore/MySQL/UpdateMultipleMembers/insert_members_correctly_(in_channel_without_scheme_and_team_with_scheme)/channel_guest_explicit
=== RUN   TestChannelStore/MySQL/UpdateMultipleMembers/insert_members_correctly_(in_channel_without_scheme_and_team_with_scheme)/channel_admin_implicit
=== RUN   TestChannelStore/MySQL/UpdateMultipleMembers/insert_members_correctly_(in_channel_without_scheme_and_team_with_scheme)/channel_admin_explicit
=== RUN   TestChannelStore/MySQL/UpdateMultipleMembers/insert_members_correctly_(in_channel_without_scheme_and_team_with_scheme)/channel_user_implicit_and_explicit_custom_role
=== RUN   TestChannelStore/MySQL/UpdateMultipleMembers/insert_members_correctly_(in_channel_without_scheme_and_team_with_scheme)/channel_user_explicit_and_explicit_custom_role
=== RUN   TestChannelStore/MySQL/UpdateMultipleMembers/insert_members_correctly_(in_channel_without_scheme_and_team_with_scheme)/channel_guest_implicit_and_explicit_custom_role
=== RUN   TestChannelStore/MySQL/UpdateMultipleMembers/insert_members_correctly_(in_channel_without_scheme_and_team_with_scheme)/channel_guest_explicit_and_explicit_custom_role
=== RUN   TestChannelStore/MySQL/UpdateMultipleMembers/insert_members_correctly_(in_channel_without_scheme_and_team_with_scheme)/channel_admin_implicit_and_explicit_custom_role
=== RUN   TestChannelStore/MySQL/UpdateMultipleMembers/insert_members_correctly_(in_channel_without_scheme_and_team_with_scheme)/channel_admin_explicit_and_explicit_custom_role
=== RUN   TestChannelStore/MySQL/UpdateMultipleMembers/insert_members_correctly_(in_channel_without_scheme_and_team_with_scheme)/channel_member_with_only_explicit_custom_roles
=== RUN   TestChannelStore/MySQL/UpdateMultipleMembers/insert_members_correctly_(in_channel_with_channel_scheme)
=== RUN   TestChannelStore/MySQL/UpdateMultipleMembers/insert_members_correctly_(in_channel_with_channel_scheme)/channel_user_implicit
=== RUN   TestChannelStore/MySQL/UpdateMultipleMembers/insert_members_correctly_(in_channel_with_channel_scheme)/channel_user_explicit
=== RUN   TestChannelStore/MySQL/UpdateMultipleMembers/insert_members_correctly_(in_channel_with_channel_scheme)/channel_guest_implicit
=== RUN   TestChannelStore/MySQL/UpdateMultipleMembers/insert_members_correctly_(in_channel_with_channel_scheme)/channel_guest_explicit
=== RUN   TestChannelStore/MySQL/UpdateMultipleMembers/insert_members_correctly_(in_channel_with_channel_scheme)/channel_admin_implicit
=== RUN   TestChannelStore/MySQL/UpdateMultipleMembers/insert_members_correctly_(in_channel_with_channel_scheme)/channel_admin_explicit
=== RUN   TestChannelStore/MySQL/UpdateMultipleMembers/insert_members_correctly_(in_channel_with_channel_scheme)/channel_user_implicit_and_explicit_custom_role
=== RUN   TestChannelStore/MySQL/UpdateMultipleMembers/insert_members_correctly_(in_channel_with_channel_scheme)/channel_user_explicit_and_explicit_custom_role
=== RUN   TestChannelStore/MySQL/UpdateMultipleMembers/insert_members_correctly_(in_channel_with_channel_scheme)/channel_guest_implicit_and_explicit_custom_role
=== RUN   TestChannelStore/MySQL/UpdateMultipleMembers/insert_members_correctly_(in_channel_with_channel_scheme)/channel_guest_explicit_and_explicit_custom_role
=== RUN   TestChannelStore/MySQL/UpdateMultipleMembers/insert_members_correctly_(in_channel_with_channel_scheme)/channel_admin_implicit_and_explicit_custom_role
=== RUN   TestChannelStore/MySQL/UpdateMultipleMembers/insert_members_correctly_(in_channel_with_channel_scheme)/channel_admin_explicit_and_explicit_custom_role
=== RUN   TestChannelStore/MySQL/UpdateMultipleMembers/insert_members_correctly_(in_channel_with_channel_scheme)/channel_member_with_only_explicit_custom_roles
=== RUN   TestChannelStore/MySQL/RemoveMember
=== RUN   TestChannelStore/MySQL/RemoveMember/remove_member_from_not_existing_channel
=== RUN   TestChannelStore/MySQL/RemoveMember/remove_not_existing_member_from_an_existing_channel
=== RUN   TestChannelStore/MySQL/RemoveMember/remove_existing_member_from_an_existing_channel
=== RUN   TestChannelStore/MySQL/RemoveMembers
=== RUN   TestChannelStore/MySQL/RemoveMembers/remove_members_from_not_existing_channel
=== RUN   TestChannelStore/MySQL/RemoveMembers/remove_not_existing_members_from_an_existing_channel
=== RUN   TestChannelStore/MySQL/RemoveMembers/remove_not_existing_and_not_existing_members_from_an_existing_channel
=== RUN   TestChannelStore/MySQL/RemoveMembers/remove_existing_members_from_an_existing_channel
=== RUN   TestChannelStore/MySQL/ChannelDeleteMemberStore
=== RUN   TestChannelStore/MySQL/GetChannels
=== RUN   TestChannelStore/MySQL/GetAllChannels
=== RUN   TestChannelStore/MySQL/GetMoreChannels
=== RUN   TestChannelStore/MySQL/GetMoreChannels/only_o3_listed_in_more_channels
=== RUN   TestChannelStore/MySQL/GetMoreChannels/both_o3_and_o6_listed_in_more_channels
=== RUN   TestChannelStore/MySQL/GetMoreChannels/only_o3_listed_in_more_channels_with_offset_0,_limit_1
=== RUN   TestChannelStore/MySQL/GetMoreChannels/only_o6_listed_in_more_channels_with_offset_1,_limit_1
=== RUN   TestChannelStore/MySQL/GetMoreChannels/verify_analytics_for_open_channels
=== RUN   TestChannelStore/MySQL/GetMoreChannels/verify_analytics_for_private_channels
=== RUN   TestChannelStore/MySQL/GetPrivateChannelsForTeam
=== RUN   TestChannelStore/MySQL/GetPrivateChannelsForTeam/only_p1_initially_listed_in_private_channels
=== RUN   TestChannelStore/MySQL/GetPrivateChannelsForTeam/both_p1_and_p3_listed_in_private_channels
=== RUN   TestChannelStore/MySQL/GetPrivateChannelsForTeam/only_p1_listed_in_private_channels_with_offset_0,_limit_1
=== RUN   TestChannelStore/MySQL/GetPrivateChannelsForTeam/only_p3_listed_in_private_channels_with_offset_1,_limit_1
=== RUN   TestChannelStore/MySQL/GetPrivateChannelsForTeam/verify_analytics_for_private_channels
=== RUN   TestChannelStore/MySQL/GetPrivateChannelsForTeam/verify_analytics_for_open_open_channels
=== RUN   TestChannelStore/MySQL/GetPublicChannelsForTeam
=== RUN   TestChannelStore/MySQL/GetPublicChannelsForTeam/only_o1_initially_listed_in_public_channels
=== RUN   TestChannelStore/MySQL/GetPublicChannelsForTeam/both_o1_and_o4_listed_in_public_channels
=== RUN   TestChannelStore/MySQL/GetPublicChannelsForTeam/only_o1_listed_in_public_channels_with_offset_0,_limit_1
=== RUN   TestChannelStore/MySQL/GetPublicChannelsForTeam/only_o4_listed_in_public_channels_with_offset_1,_limit_1
=== RUN   TestChannelStore/MySQL/GetPublicChannelsForTeam/verify_analytics_for_open_channels
=== RUN   TestChannelStore/MySQL/GetPublicChannelsForTeam/verify_analytics_for_private_channels
=== RUN   TestChannelStore/MySQL/GetPublicChannelsByIdsForTeam
=== RUN   TestChannelStore/MySQL/GetPublicChannelsByIdsForTeam/oc1_by_itself_should_be_found_as_a_public_channel_in_the_team
=== RUN   TestChannelStore/MySQL/GetPublicChannelsByIdsForTeam/only_oc1,_among_others,_should_be_found_as_a_public_channel_in_the_team
=== RUN   TestChannelStore/MySQL/GetPublicChannelsByIdsForTeam/only_oc1_and_oc4,_among_others,_should_be_found_as_a_public_channel_in_the_team
=== RUN   TestChannelStore/MySQL/GetPublicChannelsByIdsForTeam/random_channel_id_should_not_be_found_as_a_public_channel_in_the_team
=== RUN   TestChannelStore/MySQL/GetChannelCounts
=== RUN   TestChannelStore/MySQL/GetMembersForUser
=== RUN   TestChannelStore/MySQL/GetMembersForUser/with_channels
=== RUN   TestChannelStore/MySQL/GetMembersForUser/with_channels_and_direct_messages
=== RUN   TestChannelStore/MySQL/GetMembersForUser/with_channels,_direct_channels_and_group_messages
=== RUN   TestChannelStore/MySQL/GetMembersForUserWithPagination
=== RUN   TestChannelStore/MySQL/CountPostsAfter
=== RUN   TestChannelStore/MySQL/CountPostsAfter/should_count_all_posts_with_or_without_the_given_user_ID
=== RUN   TestChannelStore/MySQL/CountPostsAfter/should_not_count_deleted_posts
=== RUN   TestChannelStore/MySQL/CountPostsAfter/should_count_system/bot_messages,_but_not_join/leave_messages
=== RUN   TestChannelStore/MySQL/UpdateLastViewedAt
=== RUN   TestChannelStore/MySQL/IncrementMentionCount
=== RUN   TestChannelStore/MySQL/UpdateChannelMember
=== RUN   TestChannelStore/MySQL/GetMember
=== RUN   TestChannelStore/MySQL/GetMemberForPost
=== RUN   TestChannelStore/MySQL/GetMemberCount
=== RUN   TestChannelStore/MySQL/GetMemberCountsByGroup
=== RUN   TestChannelStore/MySQL/GetMemberCountsByGroup/empty_slice_for_channel_with_no_groups
=== RUN   TestChannelStore/MySQL/GetMemberCountsByGroup/returns_memberCountsByGroup_without_timezones
=== RUN   TestChannelStore/MySQL/GetMemberCountsByGroup/returns_memberCountsByGroup_with_timezones_when_no_timezones_set
=== RUN   TestChannelStore/MySQL/GetMemberCountsByGroup/returns_memberCountsByGroup_for_multiple_groups_with_lots_of_users_without_timezones
=== RUN   TestChannelStore/MySQL/GetMemberCountsByGroup/returns_memberCountsByGroup_for_multiple_groups_with_lots_of_users_with_timezones
=== RUN   TestChannelStore/MySQL/GetGuestCount
=== RUN   TestChannelStore/MySQL/GetGuestCount/Regular_member_doesn't_count
=== RUN   TestChannelStore/MySQL/GetGuestCount/Guest_member_does_count
=== RUN   TestChannelStore/MySQL/GetGuestCount/make_sure_members_of_other_channels_aren't_counted
=== RUN   TestChannelStore/MySQL/GetGuestCount/make_sure_inactive_users_aren't_counted
=== RUN   TestChannelStore/MySQL/SearchMore
=== RUN   TestChannelStore/MySQL/SearchMore/three_public_channels_matching_'ChannelA',_but_already_a_member_of_one_and_one_deleted
=== RUN   TestChannelStore/MySQL/SearchMore/one_public_channels,_but_already_a_member
=== RUN   TestChannelStore/MySQL/SearchMore/three_matching_channels,_but_only_two_public
=== RUN   TestChannelStore/MySQL/SearchMore/one_channel_matching_'off-topic'
=== RUN   TestChannelStore/MySQL/SearchMore/search_purpose
=== RUN   TestChannelStore/MySQL/SearchInTeam
=== RUN   TestChannelStore/MySQL/SearchInTeam/SearchInTeam/ChannelA
=== RUN   TestChannelStore/MySQL/SearchInTeam/SearchInTeam/ChannelA,_include_deleted
=== RUN   TestChannelStore/MySQL/SearchInTeam/SearchInTeam/ChannelA,_other_team
=== RUN   TestChannelStore/MySQL/SearchInTeam/SearchInTeam/empty_string
=== RUN   TestChannelStore/MySQL/SearchInTeam/SearchInTeam/no_matches
=== RUN   TestChannelStore/MySQL/SearchInTeam/SearchInTeam/prefix
=== RUN   TestChannelStore/MySQL/SearchInTeam/SearchInTeam/full_match_with_dash
=== RUN   TestChannelStore/MySQL/SearchInTeam/SearchInTeam/town_square
=== RUN   TestChannelStore/MySQL/SearchInTeam/SearchInTeam/the_in_name
=== RUN   TestChannelStore/MySQL/SearchInTeam/SearchInTeam/Mobile
=== RUN   TestChannelStore/MySQL/SearchInTeam/SearchInTeam/search_purpose
=== RUN   TestChannelStore/MySQL/SearchInTeam/SearchInTeam/pipe_ignored
=== RUN   TestChannelStore/MySQL/SearchInTeam/AutocompleteInTeam/ChannelA
=== RUN   TestChannelStore/MySQL/SearchInTeam/AutocompleteInTeam/ChannelA,_include_deleted
=== RUN   TestChannelStore/MySQL/SearchInTeam/AutocompleteInTeam/ChannelA,_other_team
=== RUN   TestChannelStore/MySQL/SearchInTeam/AutocompleteInTeam/empty_string
=== RUN   TestChannelStore/MySQL/SearchInTeam/AutocompleteInTeam/no_matches
=== RUN   TestChannelStore/MySQL/SearchInTeam/AutocompleteInTeam/prefix
=== RUN   TestChannelStore/MySQL/SearchInTeam/AutocompleteInTeam/full_match_with_dash
=== RUN   TestChannelStore/MySQL/SearchInTeam/AutocompleteInTeam/town_square
=== RUN   TestChannelStore/MySQL/SearchInTeam/AutocompleteInTeam/the_in_name
=== RUN   TestChannelStore/MySQL/SearchInTeam/AutocompleteInTeam/Mobile
=== RUN   TestChannelStore/MySQL/SearchInTeam/AutocompleteInTeam/search_purpose
=== RUN   TestChannelStore/MySQL/SearchInTeam/AutocompleteInTeam/pipe_ignored
=== RUN   TestChannelStore/MySQL/SearchArchivedInTeam
=== RUN   TestChannelStore/MySQL/SearchArchivedInTeam/empty_result
=== RUN   TestChannelStore/MySQL/SearchArchivedInTeam/error
=== RUN   TestChannelStore/MySQL/SearchForUserInTeam
=== RUN   TestChannelStore/MySQL/SearchForUserInTeam/Search_for_test,_get_channels_1_and_2
=== RUN   TestChannelStore/MySQL/SearchForUserInTeam/Search_for_dev,_get_channels_1,_2_and_3
=== RUN   TestChannelStore/MySQL/SearchForUserInTeam/After_adding_user_to_channel_4,_search_for_dev,_get_channels_1,_2,_3_and_4
=== RUN   TestChannelStore/MySQL/SearchForUserInTeam/Mark_channel_1_as_deleted,_search_for_dev,_get_channels_2,_3_and_4
=== RUN   TestChannelStore/MySQL/SearchForUserInTeam/With_includeDeleted,_search_for_dev,_get_channels_1,_2,_3_and_4
=== RUN   TestChannelStore/MySQL/SearchAllChannels
=== RUN   TestChannelStore/MySQL/SearchAllChannels/Search_FooBar_by_display_name
=== RUN   TestChannelStore/MySQL/SearchAllChannels/Search_FooBar_by_display_name2
=== RUN   TestChannelStore/MySQL/SearchAllChannels/Search_FooBar_by_display_name3
=== RUN   TestChannelStore/MySQL/SearchAllChannels/Search_FooBar_by_name
=== RUN   TestChannelStore/MySQL/SearchAllChannels/Search_FooBar_by_name2
=== RUN   TestChannelStore/MySQL/SearchAllChannels/ChannelA
=== RUN   TestChannelStore/MySQL/SearchAllChannels/ChannelA,_include_deleted
=== RUN   TestChannelStore/MySQL/SearchAllChannels/empty_string
=== RUN   TestChannelStore/MySQL/SearchAllChannels/no_matches
=== RUN   TestChannelStore/MySQL/SearchAllChannels/prefix
=== RUN   TestChannelStore/MySQL/SearchAllChannels/full_match_with_dash
=== RUN   TestChannelStore/MySQL/SearchAllChannels/town_square
=== RUN   TestChannelStore/MySQL/SearchAllChannels/that_in_name
=== RUN   TestChannelStore/MySQL/SearchAllChannels/Mobile
=== RUN   TestChannelStore/MySQL/SearchAllChannels/search_purpose
=== RUN   TestChannelStore/MySQL/SearchAllChannels/pipe_ignored
=== RUN   TestChannelStore/MySQL/SearchAllChannels/exclude_defaults_search_'off'
=== RUN   TestChannelStore/MySQL/SearchAllChannels/exclude_defaults_search_'town'
=== RUN   TestChannelStore/MySQL/SearchAllChannels/exclude_by_group_association
=== RUN   TestChannelStore/MySQL/SearchAllChannels/paginate_includes_count
=== RUN   TestChannelStore/MySQL/SearchAllChannels/paginate,_page_2_correct_entries_and_count
=== RUN   TestChannelStore/MySQL/SearchAllChannels/Filter_private
=== RUN   TestChannelStore/MySQL/SearchAllChannels/Filter_public
=== RUN   TestChannelStore/MySQL/SearchAllChannels/Filter_public_and_private
=== RUN   TestChannelStore/MySQL/SearchAllChannels/Filter_public_and_private_and_include_deleted
=== RUN   TestChannelStore/MySQL/SearchAllChannels/Filter_group_constrained
=== RUN   TestChannelStore/MySQL/SearchAllChannels/Filter_exclude_group_constrained_and_include_deleted
=== RUN   TestChannelStore/MySQL/SearchAllChannels/Filter_private_and_exclude_group_constrained
=== RUN   TestChannelStore/MySQL/SearchAllChannels/Filter_team_2
=== RUN   TestChannelStore/MySQL/SearchAllChannels/Filter_team_2,_private
=== RUN   TestChannelStore/MySQL/SearchAllChannels/Filter_team_1_and_team_2,_private
=== RUN   TestChannelStore/MySQL/SearchAllChannels/Filter_team_1_and_team_2,_public_and_private
=== RUN   TestChannelStore/MySQL/SearchAllChannels/Filter_team_1_and_team_2,_public_and_private_and_group_constrained
=== RUN   TestChannelStore/MySQL/SearchAllChannels/Filter_team_1_and_team_2,_public_and_private_and_exclude_group_constrained
=== RUN   TestChannelStore/MySQL/SearchAllChannels/Filter_deleted_returns_only_deleted_channels
=== RUN   TestChannelStore/MySQL/GetMembersByIds
=== RUN   TestChannelStore/MySQL/GetMembersByChannelIds
=== RUN   TestChannelStore/MySQL/GetMembersByChannelIds/should_return_the_user's_members_for_the_given_channels
=== RUN   TestChannelStore/MySQL/GetMembersByChannelIds/should_not_error_or_return_anything_for_invalid_channel_IDs
=== RUN   TestChannelStore/MySQL/GetMembersByChannelIds/should_not_error_or_return_anything_for_invalid_user_IDs
=== RUN   TestChannelStore/MySQL/SearchGroupChannels
=== RUN   TestChannelStore/MySQL/SearchGroupChannels/Get_all_group_channels_for_user1
=== RUN   TestChannelStore/MySQL/SearchGroupChannels/Get_group_channels_for_user1_and_term_'three'
=== RUN   TestChannelStore/MySQL/SearchGroupChannels/Get_group_channels_for_user1_and_term_'four_two'
=== RUN   TestChannelStore/MySQL/SearchGroupChannels/Get_all_group_channels_for_user2
=== RUN   TestChannelStore/MySQL/SearchGroupChannels/Get_group_channels_for_user2_and_term_'four'
=== RUN   TestChannelStore/MySQL/SearchGroupChannels/Get_all_group_channels_for_user4
=== RUN   TestChannelStore/MySQL/SearchGroupChannels/Get_group_channels_for_user4_and_term_'one_five'
=== RUN   TestChannelStore/MySQL/AnalyticsDeletedTypeCount
=== RUN   TestChannelStore/MySQL/GetPinnedPosts
=== RUN   TestChannelStore/MySQL/GetPinnedPosts/with_correct_ReplyCount
=== RUN   TestChannelStore/MySQL/GetPinnedPostCount
=== RUN   TestChannelStore/MySQL/MaxChannelsPerTeam
=== RUN   TestChannelStore/MySQL/GetChannelsByScheme
=== RUN   TestChannelStore/MySQL/MigrateChannelMembers
=== RUN   TestChannelStore/MySQL/ResetAllChannelSchemes
=== RUN   TestChannelStore/MySQL/ClearAllCustomRoleAssignments
=== RUN   TestChannelStore/MySQL/MaterializedPublicChannels
=== RUN   TestChannelStore/MySQL/MaterializedPublicChannels/o1_and_o2_initially_listed_in_public_channels
=== RUN   TestChannelStore/MySQL/MaterializedPublicChannels/o1_still_listed_in_public_channels_when_marked_as_deleted
=== RUN   TestChannelStore/MySQL/MaterializedPublicChannels/o1_no_longer_listed_in_public_channels_when_permanently_deleted
=== RUN   TestChannelStore/MySQL/MaterializedPublicChannels/o2_no_longer_listed_since_now_private
=== RUN   TestChannelStore/MySQL/MaterializedPublicChannels/o2_listed_once_again_since_now_public
=== RUN   TestChannelStore/MySQL/MaterializedPublicChannels/verify_o3_INSERT_converted_to_UPDATE
=== RUN   TestChannelStore/MySQL/MaterializedPublicChannels/verify_o4_UPDATE_converted_to_INSERT
=== RUN   TestChannelStore/MySQL/GetAllChannelsForExportAfter
=== RUN   TestChannelStore/MySQL/GetChannelMembersForExport
=== RUN   TestChannelStore/MySQL/RemoveAllDeactivatedMembers
=== RUN   TestChannelStore/MySQL/ExportAllDirectChannels
=== RUN   TestChannelStore/MySQL/ExportAllDirectChannelsExcludePrivateAndPublic
=== RUN   TestChannelStore/MySQL/ExportAllDirectChannelsDeletedChannel
=== RUN   TestChannelStore/MySQL/GetChannelsBatchForIndexing
=== RUN   TestChannelStore/MySQL/GroupSyncedChannelCount
=== RUN   TestChannelStore/MySQL/CreateInitialSidebarCategories
=== RUN   TestChannelStore/MySQL/CreateInitialSidebarCategories/should_create_initial_favorites/channels/DMs_categories
=== RUN   TestChannelStore/MySQL/CreateInitialSidebarCategories/should_create_initial_favorites/channels/DMs_categories_for_multiple_users
=== RUN   TestChannelStore/MySQL/CreateInitialSidebarCategories/should_create_initial_favorites/channels/DMs_categories_on_different_teams
=== RUN   TestChannelStore/MySQL/CreateInitialSidebarCategories/shouldn't_create_additional_categories_when_ones_already_exist
=== RUN   TestChannelStore/MySQL/CreateInitialSidebarCategories/shouldn't_create_additional_categories_when_ones_already_exist_even_when_ran_simultaneously
=== RUN   TestChannelStore/MySQL/CreateInitialSidebarCategories/should_populate_the_Favorites_category_with_regular_channels
=== RUN   TestChannelStore/MySQL/CreateInitialSidebarCategories/should_populate_the_Favorites_category_in_alphabetical_order
=== RUN   TestChannelStore/MySQL/CreateInitialSidebarCategories/should_populate_the_Favorites_category_with_DMs_and_GMs
=== RUN   TestChannelStore/MySQL/CreateInitialSidebarCategories/should_not_populate_the_Favorites_category_with_channels_from_other_teams
=== RUN   TestChannelStore/MySQL/CreateSidebarCategory
=== RUN   TestChannelStore/MySQL/CreateSidebarCategory/should_place_the_new_category_second_if_Favorites_comes_first
=== RUN   TestChannelStore/MySQL/CreateSidebarCategory/should_place_the_new_category_first_if_Favorites_is_not_first
=== RUN   TestChannelStore/MySQL/CreateSidebarCategory/should_create_the_category_with_its_channels
=== RUN   TestChannelStore/MySQL/CreateSidebarCategory/should_remove_any_channels_from_their_previous_categories
=== RUN   TestChannelStore/MySQL/GetSidebarCategory
=== RUN   TestChannelStore/MySQL/GetSidebarCategory/should_return_a_custom_category_with_its_Channels_field_set
=== RUN   TestChannelStore/MySQL/GetSidebarCategory/should_return_any_orphaned_channels_with_the_Channels_category
=== RUN   TestChannelStore/MySQL/GetSidebarCategory/shouldn't_return_orphaned_channels_on_another_team_with_the_Channels_category
=== RUN   TestChannelStore/MySQL/GetSidebarCategory/shouldn't_return_non-orphaned_channels_with_the_Channels_category
=== RUN   TestChannelStore/MySQL/GetSidebarCategory/should_return_any_orphaned_DM_channels_with_the_Direct_Messages_category
=== RUN   TestChannelStore/MySQL/GetSidebarCategory/should_return_any_orphaned_GM_channels_with_the_Direct_Messages_category
=== RUN   TestChannelStore/MySQL/GetSidebarCategory/should_return_orphaned_DM_channels_in_the_DMs_categorywhich_are_in_a_custom_category_on_another_team
=== RUN   TestChannelStore/MySQL/GetSidebarCategories
=== RUN   TestChannelStore/MySQL/GetSidebarCategories/should_return_channels_in_the_same_order_between_different_ways_of_getting_categories
=== RUN   TestChannelStore/MySQL/UpdateSidebarCategories
=== RUN   TestChannelStore/MySQL/UpdateSidebarCategories/ensure_the_query_to_update_SidebarCategories_hasn't_been_polluted_by_UpdateSidebarCategoryOrder
=== RUN   TestChannelStore/MySQL/UpdateSidebarCategories/categories_should_be_returned_in_their_original_order
=== RUN   TestChannelStore/MySQL/UpdateSidebarCategories/should_silently_fail_to_update_read_only_fields
=== RUN   TestChannelStore/MySQL/UpdateSidebarCategories/should_add_and_remove_favorites_preferences_based_on_the_Favorites_category
=== RUN   TestChannelStore/MySQL/UpdateSidebarCategories/should_add_and_remove_favorites_preferences_for_DMs
=== RUN   TestChannelStore/MySQL/UpdateSidebarCategories/should_add_and_remove_favorites_preferences,_even_if_the_channel_is_already_favorited_in_preferences
=== RUN   TestChannelStore/MySQL/UpdateSidebarCategories/should_not_affect_other_users'_favorites_preferences
=== RUN   TestChannelStore/MySQL/UpdateSidebarCategories/channels_removed_from_Channels_or_DMs_categories_should_be_re-added
=== RUN   TestChannelStore/MySQL/UpdateSidebarCategories/should_be_able_to_move_DMs_into_and_out_of_custom_categories
=== RUN   TestChannelStore/MySQL/UpdateSidebarCategories/should_successfully_move_channels_between_categories
=== RUN   TestChannelStore/MySQL/UpdateSidebarCategories/should_correctly_return_the_original_categories_that_were_modified
=== RUN   TestChannelStore/MySQL/DeleteSidebarCategory
=== RUN   TestChannelStore/MySQL/DeleteSidebarCategory/should_correctly_remove_an_empty_category
=== RUN   TestChannelStore/MySQL/DeleteSidebarCategory/should_correctly_remove_a_category_and_its_channels
=== RUN   TestChannelStore/MySQL/DeleteSidebarCategory/should_not_allow_you_to_remove_non-custom_categories
=== RUN   TestChannelStore/MySQL/UpdateSidebarChannelsByPreferences
=== RUN   TestChannelStore/MySQL/UpdateSidebarChannelsByPreferences/Should_be_able_to_update_sidebar_channels
=== RUN   TestChannelStore/MySQL/UpdateSidebarChannelsByPreferences/Should_not_panic_if_channel_is_not_found
=== RUN   TestChannelStore/PostgreSQL
=== RUN   TestChannelStore/PostgreSQL/Save
=== RUN   TestChannelStore/PostgreSQL/SaveDirectChannel
=== RUN   TestChannelStore/PostgreSQL/CreateDirectChannel
=== RUN   TestChannelStore/PostgreSQL/Update
=== RUN   TestChannelStore/PostgreSQL/GetChannelUnread
=== RUN   TestChannelStore/PostgreSQL/Get
=== RUN   TestChannelStore/PostgreSQL/GetChannelsByIds
=== RUN   TestChannelStore/PostgreSQL/GetChannelsByIds/Get_2_existing_channels
=== RUN   TestChannelStore/PostgreSQL/GetChannelsByIds/Get_1_existing_and_1_not_existing_channel
=== RUN   TestChannelStore/PostgreSQL/GetChannelsByIds/Get_2_existing_and_1_deleted_channel
=== RUN   TestChannelStore/PostgreSQL/GetForPost
=== RUN   TestChannelStore/PostgreSQL/Restore
=== RUN   TestChannelStore/PostgreSQL/Delete
=== RUN   TestChannelStore/PostgreSQL/GetByName
=== RUN   TestChannelStore/PostgreSQL/GetByNames
=== RUN   TestChannelStore/PostgreSQL/GetDeletedByName
=== RUN   TestChannelStore/PostgreSQL/GetDeleted
=== RUN   TestChannelStore/PostgreSQL/ChannelMemberStore
=== RUN   TestChannelStore/PostgreSQL/SaveMember
=== RUN   TestChannelStore/PostgreSQL/SaveMember/not_valid_channel_member
=== RUN   TestChannelStore/PostgreSQL/SaveMember/duplicated_entries_should_fail
=== RUN   TestChannelStore/PostgreSQL/SaveMember/insert_member_correctly_(in_channel_without_channel_scheme_and_team_without_scheme)
=== RUN   TestChannelStore/PostgreSQL/SaveMember/insert_member_correctly_(in_channel_without_channel_scheme_and_team_without_scheme)/channel_user_implicit
=== RUN   TestChannelStore/PostgreSQL/SaveMember/insert_member_correctly_(in_channel_without_channel_scheme_and_team_without_scheme)/channel_user_explicit
=== RUN   TestChannelStore/PostgreSQL/SaveMember/insert_member_correctly_(in_channel_without_channel_scheme_and_team_without_scheme)/channel_guest_implicit
=== RUN   TestChannelStore/PostgreSQL/SaveMember/insert_member_correctly_(in_channel_without_channel_scheme_and_team_without_scheme)/channel_guest_explicit
=== RUN   TestChannelStore/PostgreSQL/SaveMember/insert_member_correctly_(in_channel_without_channel_scheme_and_team_without_scheme)/channel_admin_implicit
=== RUN   TestChannelStore/PostgreSQL/SaveMember/insert_member_correctly_(in_channel_without_channel_scheme_and_team_without_scheme)/channel_admin_explicit
=== RUN   TestChannelStore/PostgreSQL/SaveMember/insert_member_correctly_(in_channel_without_channel_scheme_and_team_without_scheme)/channel_user_implicit_and_explicit_custom_role
=== RUN   TestChannelStore/PostgreSQL/SaveMember/insert_member_correctly_(in_channel_without_channel_scheme_and_team_without_scheme)/channel_user_explicit_and_explicit_custom_role
=== RUN   TestChannelStore/PostgreSQL/SaveMember/insert_member_correctly_(in_channel_without_channel_scheme_and_team_without_scheme)/channel_guest_implicit_and_explicit_custom_role
=== RUN   TestChannelStore/PostgreSQL/SaveMember/insert_member_correctly_(in_channel_without_channel_scheme_and_team_without_scheme)/channel_guest_explicit_and_explicit_custom_role
=== RUN   TestChannelStore/PostgreSQL/SaveMember/insert_member_correctly_(in_channel_without_channel_scheme_and_team_without_scheme)/channel_admin_implicit_and_explicit_custom_role
=== RUN   TestChannelStore/PostgreSQL/SaveMember/insert_member_correctly_(in_channel_without_channel_scheme_and_team_without_scheme)/channel_admin_explicit_and_explicit_custom_role
=== RUN   TestChannelStore/PostgreSQL/SaveMember/insert_member_correctly_(in_channel_without_channel_scheme_and_team_without_scheme)/channel_member_with_only_explicit_custom_roles
=== RUN   TestChannelStore/PostgreSQL/SaveMember/insert_member_correctly_(in_channel_without_scheme_and_team_with_scheme)
=== RUN   TestChannelStore/PostgreSQL/SaveMember/insert_member_correctly_(in_channel_without_scheme_and_team_with_scheme)/channel_user_implicit
=== RUN   TestChannelStore/PostgreSQL/SaveMember/insert_member_correctly_(in_channel_without_scheme_and_team_with_scheme)/channel_user_explicit
=== RUN   TestChannelStore/PostgreSQL/SaveMember/insert_member_correctly_(in_channel_without_scheme_and_team_with_scheme)/channel_guest_implicit
=== RUN   TestChannelStore/PostgreSQL/SaveMember/insert_member_correctly_(in_channel_without_scheme_and_team_with_scheme)/channel_guest_explicit
=== RUN   TestChannelStore/PostgreSQL/SaveMember/insert_member_correctly_(in_channel_without_scheme_and_team_with_scheme)/channel_admin_implicit
=== RUN   TestChannelStore/PostgreSQL/SaveMember/insert_member_correctly_(in_channel_without_scheme_and_team_with_scheme)/channel_admin_explicit
=== RUN   TestChannelStore/PostgreSQL/SaveMember/insert_member_correctly_(in_channel_without_scheme_and_team_with_scheme)/channel_user_implicit_and_explicit_custom_role
=== RUN   TestChannelStore/PostgreSQL/SaveMember/insert_member_correctly_(in_channel_without_scheme_and_team_with_scheme)/channel_user_explicit_and_explicit_custom_role
=== RUN   TestChannelStore/PostgreSQL/SaveMember/insert_member_correctly_(in_channel_without_scheme_and_team_with_scheme)/channel_guest_implicit_and_explicit_custom_role
=== RUN   TestChannelStore/PostgreSQL/SaveMember/insert_member_correctly_(in_channel_without_scheme_and_team_with_scheme)/channel_guest_explicit_and_explicit_custom_role
=== RUN   TestChannelStore/PostgreSQL/SaveMember/insert_member_correctly_(in_channel_without_scheme_and_team_with_scheme)/channel_admin_implicit_and_explicit_custom_role
=== RUN   TestChannelStore/PostgreSQL/SaveMember/insert_member_correctly_(in_channel_without_scheme_and_team_with_scheme)/channel_admin_explicit_and_explicit_custom_role
=== RUN   TestChannelStore/PostgreSQL/SaveMember/insert_member_correctly_(in_channel_without_scheme_and_team_with_scheme)/channel_member_with_only_explicit_custom_roles
=== RUN   TestChannelStore/PostgreSQL/SaveMember/insert_member_correctly_(in_channel_with_channel_scheme)
=== RUN   TestChannelStore/PostgreSQL/SaveMember/insert_member_correctly_(in_channel_with_channel_scheme)/channel_user_implicit
=== RUN   TestChannelStore/PostgreSQL/SaveMember/insert_member_correctly_(in_channel_with_channel_scheme)/channel_user_explicit
=== RUN   TestChannelStore/PostgreSQL/SaveMember/insert_member_correctly_(in_channel_with_channel_scheme)/channel_guest_implicit
=== RUN   TestChannelStore/PostgreSQL/SaveMember/insert_member_correctly_(in_channel_with_channel_scheme)/channel_guest_explicit
=== RUN   TestChannelStore/PostgreSQL/SaveMember/insert_member_correctly_(in_channel_with_channel_scheme)/channel_admin_implicit
=== RUN   TestChannelStore/PostgreSQL/SaveMember/insert_member_correctly_(in_channel_with_channel_scheme)/channel_admin_explicit
=== RUN   TestChannelStore/PostgreSQL/SaveMember/insert_member_correctly_(in_channel_with_channel_scheme)/channel_user_implicit_and_explicit_custom_role
=== RUN   TestChannelStore/PostgreSQL/SaveMember/insert_member_correctly_(in_channel_with_channel_scheme)/channel_user_explicit_and_explicit_custom_role
=== RUN   TestChannelStore/PostgreSQL/SaveMember/insert_member_correctly_(in_channel_with_channel_scheme)/channel_guest_implicit_and_explicit_custom_role
=== RUN   TestChannelStore/PostgreSQL/SaveMember/insert_member_correctly_(in_channel_with_channel_scheme)/channel_guest_explicit_and_explicit_custom_role
=== RUN   TestChannelStore/PostgreSQL/SaveMember/insert_member_correctly_(in_channel_with_channel_scheme)/channel_admin_implicit_and_explicit_custom_role
=== RUN   TestChannelStore/PostgreSQL/SaveMember/insert_member_correctly_(in_channel_with_channel_scheme)/channel_admin_explicit_and_explicit_custom_role
=== RUN   TestChannelStore/PostgreSQL/SaveMember/insert_member_correctly_(in_channel_with_channel_scheme)/channel_member_with_only_explicit_custom_roles
=== RUN   TestChannelStore/PostgreSQL/SaveMultipleMembers
=== RUN   TestChannelStore/PostgreSQL/SaveMultipleMembers/any_not_valid_channel_member
=== RUN   TestChannelStore/PostgreSQL/SaveMultipleMembers/duplicated_entries_should_fail
=== RUN   TestChannelStore/PostgreSQL/SaveMultipleMembers/insert_members_correctly_(in_channel_without_channel_scheme_and_team_without_scheme)
=== RUN   TestChannelStore/PostgreSQL/SaveMultipleMembers/insert_members_correctly_(in_channel_without_channel_scheme_and_team_without_scheme)/channel_user_implicit
=== RUN   TestChannelStore/PostgreSQL/SaveMultipleMembers/insert_members_correctly_(in_channel_without_channel_scheme_and_team_without_scheme)/channel_user_explicit
=== RUN   TestChannelStore/PostgreSQL/SaveMultipleMembers/insert_members_correctly_(in_channel_without_channel_scheme_and_team_without_scheme)/channel_guest_implicit
=== RUN   TestChannelStore/PostgreSQL/SaveMultipleMembers/insert_members_correctly_(in_channel_without_channel_scheme_and_team_without_scheme)/channel_guest_explicit
=== RUN   TestChannelStore/PostgreSQL/SaveMultipleMembers/insert_members_correctly_(in_channel_without_channel_scheme_and_team_without_scheme)/channel_admin_implicit
=== RUN   TestChannelStore/PostgreSQL/SaveMultipleMembers/insert_members_correctly_(in_channel_without_channel_scheme_and_team_without_scheme)/channel_admin_explicit
=== RUN   TestChannelStore/PostgreSQL/SaveMultipleMembers/insert_members_correctly_(in_channel_without_channel_scheme_and_team_without_scheme)/channel_user_implicit_and_explicit_custom_role
=== RUN   TestChannelStore/PostgreSQL/SaveMultipleMembers/insert_members_correctly_(in_channel_without_channel_scheme_and_team_without_scheme)/channel_user_explicit_and_explicit_custom_role
=== RUN   TestChannelStore/PostgreSQL/SaveMultipleMembers/insert_members_correctly_(in_channel_without_channel_scheme_and_team_without_scheme)/channel_guest_implicit_and_explicit_custom_role
=== RUN   TestChannelStore/PostgreSQL/SaveMultipleMembers/insert_members_correctly_(in_channel_without_channel_scheme_and_team_without_scheme)/channel_guest_explicit_and_explicit_custom_role
=== RUN   TestChannelStore/PostgreSQL/SaveMultipleMembers/insert_members_correctly_(in_channel_without_channel_scheme_and_team_without_scheme)/channel_admin_implicit_and_explicit_custom_role
=== RUN   TestChannelStore/PostgreSQL/SaveMultipleMembers/insert_members_correctly_(in_channel_without_channel_scheme_and_team_without_scheme)/channel_admin_explicit_and_explicit_custom_role
=== RUN   TestChannelStore/PostgreSQL/SaveMultipleMembers/insert_members_correctly_(in_channel_without_channel_scheme_and_team_without_scheme)/channel_member_with_only_explicit_custom_roles
=== RUN   TestChannelStore/PostgreSQL/SaveMultipleMembers/insert_members_correctly_(in_channel_without_scheme_and_team_with_scheme)
=== RUN   TestChannelStore/PostgreSQL/SaveMultipleMembers/insert_members_correctly_(in_channel_without_scheme_and_team_with_scheme)/channel_user_implicit
=== RUN   TestChannelStore/PostgreSQL/SaveMultipleMembers/insert_members_correctly_(in_channel_without_scheme_and_team_with_scheme)/channel_user_explicit
=== RUN   TestChannelStore/PostgreSQL/SaveMultipleMembers/insert_members_correctly_(in_channel_without_scheme_and_team_with_scheme)/channel_guest_implicit
=== RUN   TestChannelStore/PostgreSQL/SaveMultipleMembers/insert_members_correctly_(in_channel_without_scheme_and_team_with_scheme)/channel_guest_explicit
=== RUN   TestChannelStore/PostgreSQL/SaveMultipleMembers/insert_members_correctly_(in_channel_without_scheme_and_team_with_scheme)/channel_admin_implicit
=== RUN   TestChannelStore/PostgreSQL/SaveMultipleMembers/insert_members_correctly_(in_channel_without_scheme_and_team_with_scheme)/channel_admin_explicit
=== RUN   TestChannelStore/PostgreSQL/SaveMultipleMembers/insert_members_correctly_(in_channel_without_scheme_and_team_with_scheme)/channel_user_implicit_and_explicit_custom_role
=== RUN   TestChannelStore/PostgreSQL/SaveMultipleMembers/insert_members_correctly_(in_channel_without_scheme_and_team_with_scheme)/channel_user_explicit_and_explicit_custom_role
=== RUN   TestChannelStore/PostgreSQL/SaveMultipleMembers/insert_members_correctly_(in_channel_without_scheme_and_team_with_scheme)/channel_guest_implicit_and_explicit_custom_role
=== RUN   TestChannelStore/PostgreSQL/SaveMultipleMembers/insert_members_correctly_(in_channel_without_scheme_and_team_with_scheme)/channel_guest_explicit_and_explicit_custom_role
=== RUN   TestChannelStore/PostgreSQL/SaveMultipleMembers/insert_members_correctly_(in_channel_without_scheme_and_team_with_scheme)/channel_admin_implicit_and_explicit_custom_role
=== RUN   TestChannelStore/PostgreSQL/SaveMultipleMembers/insert_members_correctly_(in_channel_without_scheme_and_team_with_scheme)/channel_admin_explicit_and_explicit_custom_role
=== RUN   TestChannelStore/PostgreSQL/SaveMultipleMembers/insert_members_correctly_(in_channel_without_scheme_and_team_with_scheme)/channel_member_with_only_explicit_custom_roles
=== RUN   TestChannelStore/PostgreSQL/SaveMultipleMembers/insert_members_correctly_(in_channel_with_channel_scheme)
=== RUN   TestChannelStore/PostgreSQL/SaveMultipleMembers/insert_members_correctly_(in_channel_with_channel_scheme)/channel_user_implicit
=== RUN   TestChannelStore/PostgreSQL/SaveMultipleMembers/insert_members_correctly_(in_channel_with_channel_scheme)/channel_user_explicit
=== RUN   TestChannelStore/PostgreSQL/SaveMultipleMembers/insert_members_correctly_(in_channel_with_channel_scheme)/channel_guest_implicit
=== RUN   TestChannelStore/PostgreSQL/SaveMultipleMembers/insert_members_correctly_(in_channel_with_channel_scheme)/channel_guest_explicit
=== RUN   TestChannelStore/PostgreSQL/SaveMultipleMembers/insert_members_correctly_(in_channel_with_channel_scheme)/channel_admin_implicit
=== RUN   TestChannelStore/PostgreSQL/SaveMultipleMembers/insert_members_correctly_(in_channel_with_channel_scheme)/channel_admin_explicit
=== RUN   TestChannelStore/PostgreSQL/SaveMultipleMembers/insert_members_correctly_(in_channel_with_channel_scheme)/channel_user_implicit_and_explicit_custom_role
=== RUN   TestChannelStore/PostgreSQL/SaveMultipleMembers/insert_members_correctly_(in_channel_with_channel_scheme)/channel_user_explicit_and_explicit_custom_role
=== RUN   TestChannelStore/PostgreSQL/SaveMultipleMembers/insert_members_correctly_(in_channel_with_channel_scheme)/channel_guest_implicit_and_explicit_custom_role
=== RUN   TestChannelStore/PostgreSQL/SaveMultipleMembers/insert_members_correctly_(in_channel_with_channel_scheme)/channel_guest_explicit_and_explicit_custom_role
=== RUN   TestChannelStore/PostgreSQL/SaveMultipleMembers/insert_members_correctly_(in_channel_with_channel_scheme)/channel_admin_implicit_and_explicit_custom_role
=== RUN   TestChannelStore/PostgreSQL/SaveMultipleMembers/insert_members_correctly_(in_channel_with_channel_scheme)/channel_admin_explicit_and_explicit_custom_role
=== RUN   TestChannelStore/PostgreSQL/SaveMultipleMembers/insert_members_correctly_(in_channel_with_channel_scheme)/channel_member_with_only_explicit_custom_roles
=== RUN   TestChannelStore/PostgreSQL/UpdateMember
=== RUN   TestChannelStore/PostgreSQL/UpdateMember/not_valid_channel_member
=== RUN   TestChannelStore/PostgreSQL/UpdateMember/insert_member_correctly_(in_channel_without_channel_scheme_and_team_without_scheme)
=== RUN   TestChannelStore/PostgreSQL/UpdateMember/insert_member_correctly_(in_channel_without_channel_scheme_and_team_without_scheme)/channel_user_implicit
=== RUN   TestChannelStore/PostgreSQL/UpdateMember/insert_member_correctly_(in_channel_without_channel_scheme_and_team_without_scheme)/channel_user_explicit
=== RUN   TestChannelStore/PostgreSQL/UpdateMember/insert_member_correctly_(in_channel_without_channel_scheme_and_team_without_scheme)/channel_guest_implicit
=== RUN   TestChannelStore/PostgreSQL/UpdateMember/insert_member_correctly_(in_channel_without_channel_scheme_and_team_without_scheme)/channel_guest_explicit
=== RUN   TestChannelStore/PostgreSQL/UpdateMember/insert_member_correctly_(in_channel_without_channel_scheme_and_team_without_scheme)/channel_admin_implicit
=== RUN   TestChannelStore/PostgreSQL/UpdateMember/insert_member_correctly_(in_channel_without_channel_scheme_and_team_without_scheme)/channel_admin_explicit
=== RUN   TestChannelStore/PostgreSQL/UpdateMember/insert_member_correctly_(in_channel_without_channel_scheme_and_team_without_scheme)/channel_user_implicit_and_explicit_custom_role
=== RUN   TestChannelStore/PostgreSQL/UpdateMember/insert_member_correctly_(in_channel_without_channel_scheme_and_team_without_scheme)/channel_user_explicit_and_explicit_custom_role
=== RUN   TestChannelStore/PostgreSQL/UpdateMember/insert_member_correctly_(in_channel_without_channel_scheme_and_team_without_scheme)/channel_guest_implicit_and_explicit_custom_role
=== RUN   TestChannelStore/PostgreSQL/UpdateMember/insert_member_correctly_(in_channel_without_channel_scheme_and_team_without_scheme)/channel_guest_explicit_and_explicit_custom_role
=== RUN   TestChannelStore/PostgreSQL/UpdateMember/insert_member_correctly_(in_channel_without_channel_scheme_and_team_without_scheme)/channel_admin_implicit_and_explicit_custom_role
=== RUN   TestChannelStore/PostgreSQL/UpdateMember/insert_member_correctly_(in_channel_without_channel_scheme_and_team_without_scheme)/channel_admin_explicit_and_explicit_custom_role
=== RUN   TestChannelStore/PostgreSQL/UpdateMember/insert_member_correctly_(in_channel_without_channel_scheme_and_team_without_scheme)/channel_member_with_only_explicit_custom_roles
=== RUN   TestChannelStore/PostgreSQL/UpdateMember/insert_member_correctly_(in_channel_without_scheme_and_team_with_scheme)
=== RUN   TestChannelStore/PostgreSQL/UpdateMember/insert_member_correctly_(in_channel_without_scheme_and_team_with_scheme)/channel_user_implicit
=== RUN   TestChannelStore/PostgreSQL/UpdateMember/insert_member_correctly_(in_channel_without_scheme_and_team_with_scheme)/channel_user_explicit
=== RUN   TestChannelStore/PostgreSQL/UpdateMember/insert_member_correctly_(in_channel_without_scheme_and_team_with_scheme)/channel_guest_implicit
=== RUN   TestChannelStore/PostgreSQL/UpdateMember/insert_member_correctly_(in_channel_without_scheme_and_team_with_scheme)/channel_guest_explicit
=== RUN   TestChannelStore/PostgreSQL/UpdateMember/insert_member_correctly_(in_channel_without_scheme_and_team_with_scheme)/channel_admin_implicit
=== RUN   TestChannelStore/PostgreSQL/UpdateMember/insert_member_correctly_(in_channel_without_scheme_and_team_with_scheme)/channel_admin_explicit
=== RUN   TestChannelStore/PostgreSQL/UpdateMember/insert_member_correctly_(in_channel_without_scheme_and_team_with_scheme)/channel_user_implicit_and_explicit_custom_role
=== RUN   TestChannelStore/PostgreSQL/UpdateMember/insert_member_correctly_(in_channel_without_scheme_and_team_with_scheme)/channel_user_explicit_and_explicit_custom_role
=== RUN   TestChannelStore/PostgreSQL/UpdateMember/insert_member_correctly_(in_channel_without_scheme_and_team_with_scheme)/channel_guest_implicit_and_explicit_custom_role
=== RUN   TestChannelStore/PostgreSQL/UpdateMember/insert_member_correctly_(in_channel_without_scheme_and_team_with_scheme)/channel_guest_explicit_and_explicit_custom_role
=== RUN   TestChannelStore/PostgreSQL/UpdateMember/insert_member_correctly_(in_channel_without_scheme_and_team_with_scheme)/channel_admin_implicit_and_explicit_custom_role
=== RUN   TestChannelStore/PostgreSQL/UpdateMember/insert_member_correctly_(in_channel_without_scheme_and_team_with_scheme)/channel_admin_explicit_and_explicit_custom_role
=== RUN   TestChannelStore/PostgreSQL/UpdateMember/insert_member_correctly_(in_channel_without_scheme_and_team_with_scheme)/channel_member_with_only_explicit_custom_roles
=== RUN   TestChannelStore/PostgreSQL/UpdateMember/insert_member_correctly_(in_channel_with_channel_scheme)
=== RUN   TestChannelStore/PostgreSQL/UpdateMember/insert_member_correctly_(in_channel_with_channel_scheme)/channel_user_implicit
=== RUN   TestChannelStore/PostgreSQL/UpdateMember/insert_member_correctly_(in_channel_with_channel_scheme)/channel_user_explicit
=== RUN   TestChannelStore/PostgreSQL/UpdateMember/insert_member_correctly_(in_channel_with_channel_scheme)/channel_guest_implicit
=== RUN   TestChannelStore/PostgreSQL/UpdateMember/insert_member_correctly_(in_channel_with_channel_scheme)/channel_guest_explicit
=== RUN   TestChannelStore/PostgreSQL/UpdateMember/insert_member_correctly_(in_channel_with_channel_scheme)/channel_admin_implicit
=== RUN   TestChannelStore/PostgreSQL/UpdateMember/insert_member_correctly_(in_channel_with_channel_scheme)/channel_admin_explicit
=== RUN   TestChannelStore/PostgreSQL/UpdateMember/insert_member_correctly_(in_channel_with_channel_scheme)/channel_user_implicit_and_explicit_custom_role
=== RUN   TestChannelStore/PostgreSQL/UpdateMember/insert_member_correctly_(in_channel_with_channel_scheme)/channel_user_explicit_and_explicit_custom_role
=== RUN   TestChannelStore/PostgreSQL/UpdateMember/insert_member_correctly_(in_channel_with_channel_scheme)/channel_guest_implicit_and_explicit_custom_role
=== RUN   TestChannelStore/PostgreSQL/UpdateMember/insert_member_correctly_(in_channel_with_channel_scheme)/channel_guest_explicit_and_explicit_custom_role
=== RUN   TestChannelStore/PostgreSQL/UpdateMember/insert_member_correctly_(in_channel_with_channel_scheme)/channel_admin_implicit_and_explicit_custom_role
=== RUN   TestChannelStore/PostgreSQL/UpdateMember/insert_member_correctly_(in_channel_with_channel_scheme)/channel_admin_explicit_and_explicit_custom_role
=== RUN   TestChannelStore/PostgreSQL/UpdateMember/insert_member_correctly_(in_channel_with_channel_scheme)/channel_member_with_only_explicit_custom_roles
=== RUN   TestChannelStore/PostgreSQL/UpdateMultipleMembers
=== RUN   TestChannelStore/PostgreSQL/UpdateMultipleMembers/any_not_valid_channel_member
=== RUN   TestChannelStore/PostgreSQL/UpdateMultipleMembers/duplicated_entries_should_fail
=== RUN   TestChannelStore/PostgreSQL/UpdateMultipleMembers/insert_members_correctly_(in_channel_without_channel_scheme_and_team_without_scheme)
=== RUN   TestChannelStore/PostgreSQL/UpdateMultipleMembers/insert_members_correctly_(in_channel_without_channel_scheme_and_team_without_scheme)/channel_user_implicit
=== RUN   TestChannelStore/PostgreSQL/UpdateMultipleMembers/insert_members_correctly_(in_channel_without_channel_scheme_and_team_without_scheme)/channel_user_explicit
=== RUN   TestChannelStore/PostgreSQL/UpdateMultipleMembers/insert_members_correctly_(in_channel_without_channel_scheme_and_team_without_scheme)/channel_guest_implicit
=== RUN   TestChannelStore/PostgreSQL/UpdateMultipleMembers/insert_members_correctly_(in_channel_without_channel_scheme_and_team_without_scheme)/channel_guest_explicit
=== RUN   TestChannelStore/PostgreSQL/UpdateMultipleMembers/insert_members_correctly_(in_channel_without_channel_scheme_and_team_without_scheme)/channel_admin_implicit
=== RUN   TestChannelStore/PostgreSQL/UpdateMultipleMembers/insert_members_correctly_(in_channel_without_channel_scheme_and_team_without_scheme)/channel_admin_explicit
=== RUN   TestChannelStore/PostgreSQL/UpdateMultipleMembers/insert_members_correctly_(in_channel_without_channel_scheme_and_team_without_scheme)/channel_user_implicit_and_explicit_custom_role
=== RUN   TestChannelStore/PostgreSQL/UpdateMultipleMembers/insert_members_correctly_(in_channel_without_channel_scheme_and_team_without_scheme)/channel_user_explicit_and_explicit_custom_role
=== RUN   TestChannelStore/PostgreSQL/UpdateMultipleMembers/insert_members_correctly_(in_channel_without_channel_scheme_and_team_without_scheme)/channel_guest_implicit_and_explicit_custom_role
=== RUN   TestChannelStore/PostgreSQL/UpdateMultipleMembers/insert_members_correctly_(in_channel_without_channel_scheme_and_team_without_scheme)/channel_guest_explicit_and_explicit_custom_role
=== RUN   TestChannelStore/PostgreSQL/UpdateMultipleMembers/insert_members_correctly_(in_channel_without_channel_scheme_and_team_without_scheme)/channel_admin_implicit_and_explicit_custom_role
=== RUN   TestChannelStore/PostgreSQL/UpdateMultipleMembers/insert_members_correctly_(in_channel_without_channel_scheme_and_team_without_scheme)/channel_admin_explicit_and_explicit_custom_role
=== RUN   TestChannelStore/PostgreSQL/UpdateMultipleMembers/insert_members_correctly_(in_channel_without_channel_scheme_and_team_without_scheme)/channel_member_with_only_explicit_custom_roles
=== RUN   TestChannelStore/PostgreSQL/UpdateMultipleMembers/insert_members_correctly_(in_channel_without_scheme_and_team_with_scheme)
=== RUN   TestChannelStore/PostgreSQL/UpdateMultipleMembers/insert_members_correctly_(in_channel_without_scheme_and_team_with_scheme)/channel_user_implicit
=== RUN   TestChannelStore/PostgreSQL/UpdateMultipleMembers/insert_members_correctly_(in_channel_without_scheme_and_team_with_scheme)/channel_user_explicit
=== RUN   TestChannelStore/PostgreSQL/UpdateMultipleMembers/insert_members_correctly_(in_channel_without_scheme_and_team_with_scheme)/channel_guest_implicit
=== RUN   TestChannelStore/PostgreSQL/UpdateMultipleMembers/insert_members_correctly_(in_channel_without_scheme_and_team_with_scheme)/channel_guest_explicit
=== RUN   TestChannelStore/PostgreSQL/UpdateMultipleMembers/insert_members_correctly_(in_channel_without_scheme_and_team_with_scheme)/channel_admin_implicit
=== RUN   TestChannelStore/PostgreSQL/UpdateMultipleMembers/insert_members_correctly_(in_channel_without_scheme_and_team_with_scheme)/channel_admin_explicit
=== RUN   TestChannelStore/PostgreSQL/UpdateMultipleMembers/insert_members_correctly_(in_channel_without_scheme_and_team_with_scheme)/channel_user_implicit_and_explicit_custom_role
=== RUN   TestChannelStore/PostgreSQL/UpdateMultipleMembers/insert_members_correctly_(in_channel_without_scheme_and_team_with_scheme)/channel_user_explicit_and_explicit_custom_role
=== RUN   TestChannelStore/PostgreSQL/UpdateMultipleMembers/insert_members_correctly_(in_channel_without_scheme_and_team_with_scheme)/channel_guest_implicit_and_explicit_custom_role
=== RUN   TestChannelStore/PostgreSQL/UpdateMultipleMembers/insert_members_correctly_(in_channel_without_scheme_and_team_with_scheme)/channel_guest_explicit_and_explicit_custom_role
=== RUN   TestChannelStore/PostgreSQL/UpdateMultipleMembers/insert_members_correctly_(in_channel_without_scheme_and_team_with_scheme)/channel_admin_implicit_and_explicit_custom_role
=== RUN   TestChannelStore/PostgreSQL/UpdateMultipleMembers/insert_members_correctly_(in_channel_without_scheme_and_team_with_scheme)/channel_admin_explicit_and_explicit_custom_role
=== RUN   TestChannelStore/PostgreSQL/UpdateMultipleMembers/insert_members_correctly_(in_channel_without_scheme_and_team_with_scheme)/channel_member_with_only_explicit_custom_roles
=== RUN   TestChannelStore/PostgreSQL/UpdateMultipleMembers/insert_members_correctly_(in_channel_with_channel_scheme)
=== RUN   TestChannelStore/PostgreSQL/UpdateMultipleMembers/insert_members_correctly_(in_channel_with_channel_scheme)/channel_user_implicit
=== RUN   TestChannelStore/PostgreSQL/UpdateMultipleMembers/insert_members_correctly_(in_channel_with_channel_scheme)/channel_user_explicit
=== RUN   TestChannelStore/PostgreSQL/UpdateMultipleMembers/insert_members_correctly_(in_channel_with_channel_scheme)/channel_guest_implicit
=== RUN   TestChannelStore/PostgreSQL/UpdateMultipleMembers/insert_members_correctly_(in_channel_with_channel_scheme)/channel_guest_explicit
=== RUN   TestChannelStore/PostgreSQL/UpdateMultipleMembers/insert_members_correctly_(in_channel_with_channel_scheme)/channel_admin_implicit
=== RUN   TestChannelStore/PostgreSQL/UpdateMultipleMembers/insert_members_correctly_(in_channel_with_channel_scheme)/channel_admin_explicit
=== RUN   TestChannelStore/PostgreSQL/UpdateMultipleMembers/insert_members_correctly_(in_channel_with_channel_scheme)/channel_user_implicit_and_explicit_custom_role
=== RUN   TestChannelStore/PostgreSQL/UpdateMultipleMembers/insert_members_correctly_(in_channel_with_channel_scheme)/channel_user_explicit_and_explicit_custom_role
=== RUN   TestChannelStore/PostgreSQL/UpdateMultipleMembers/insert_members_correctly_(in_channel_with_channel_scheme)/channel_guest_implicit_and_explicit_custom_role
=== RUN   TestChannelStore/PostgreSQL/UpdateMultipleMembers/insert_members_correctly_(in_channel_with_channel_scheme)/channel_guest_explicit_and_explicit_custom_role
=== RUN   TestChannelStore/PostgreSQL/UpdateMultipleMembers/insert_members_correctly_(in_channel_with_channel_scheme)/channel_admin_implicit_and_explicit_custom_role
=== RUN   TestChannelStore/PostgreSQL/UpdateMultipleMembers/insert_members_correctly_(in_channel_with_channel_scheme)/channel_admin_explicit_and_explicit_custom_role
=== RUN   TestChannelStore/PostgreSQL/UpdateMultipleMembers/insert_members_correctly_(in_channel_with_channel_scheme)/channel_member_with_only_explicit_custom_roles
=== RUN   TestChannelStore/PostgreSQL/RemoveMember
=== RUN   TestChannelStore/PostgreSQL/RemoveMember/remove_member_from_not_existing_channel
=== RUN   TestChannelStore/PostgreSQL/RemoveMember/remove_not_existing_member_from_an_existing_channel
=== RUN   TestChannelStore/PostgreSQL/RemoveMember/remove_existing_member_from_an_existing_channel
=== RUN   TestChannelStore/PostgreSQL/RemoveMembers
=== RUN   TestChannelStore/PostgreSQL/RemoveMembers/remove_members_from_not_existing_channel
=== RUN   TestChannelStore/PostgreSQL/RemoveMembers/remove_not_existing_members_from_an_existing_channel
=== RUN   TestChannelStore/PostgreSQL/RemoveMembers/remove_not_existing_and_not_existing_members_from_an_existing_channel
=== RUN   TestChannelStore/PostgreSQL/RemoveMembers/remove_existing_members_from_an_existing_channel
=== RUN   TestChannelStore/PostgreSQL/ChannelDeleteMemberStore
=== RUN   TestChannelStore/PostgreSQL/GetChannels
=== RUN   TestChannelStore/PostgreSQL/GetAllChannels
=== RUN   TestChannelStore/PostgreSQL/GetMoreChannels
=== RUN   TestChannelStore/PostgreSQL/GetMoreChannels/only_o3_listed_in_more_channels
=== RUN   TestChannelStore/PostgreSQL/GetMoreChannels/both_o3_and_o6_listed_in_more_channels
=== RUN   TestChannelStore/PostgreSQL/GetMoreChannels/only_o3_listed_in_more_channels_with_offset_0,_limit_1
=== RUN   TestChannelStore/PostgreSQL/GetMoreChannels/only_o6_listed_in_more_channels_with_offset_1,_limit_1
=== RUN   TestChannelStore/PostgreSQL/GetMoreChannels/verify_analytics_for_open_channels
=== RUN   TestChannelStore/PostgreSQL/GetMoreChannels/verify_analytics_for_private_channels
=== RUN   TestChannelStore/PostgreSQL/GetPrivateChannelsForTeam
=== RUN   TestChannelStore/PostgreSQL/GetPrivateChannelsForTeam/only_p1_initially_listed_in_private_channels
=== RUN   TestChannelStore/PostgreSQL/GetPrivateChannelsForTeam/both_p1_and_p3_listed_in_private_channels
=== RUN   TestChannelStore/PostgreSQL/GetPrivateChannelsForTeam/only_p1_listed_in_private_channels_with_offset_0,_limit_1
=== RUN   TestChannelStore/PostgreSQL/GetPrivateChannelsForTeam/only_p3_listed_in_private_channels_with_offset_1,_limit_1
=== RUN   TestChannelStore/PostgreSQL/GetPrivateChannelsForTeam/verify_analytics_for_private_channels
=== RUN   TestChannelStore/PostgreSQL/GetPrivateChannelsForTeam/verify_analytics_for_open_open_channels
=== RUN   TestChannelStore/PostgreSQL/GetPublicChannelsForTeam
=== RUN   TestChannelStore/PostgreSQL/GetPublicChannelsForTeam/only_o1_initially_listed_in_public_channels
=== RUN   TestChannelStore/PostgreSQL/GetPublicChannelsForTeam/both_o1_and_o4_listed_in_public_channels
=== RUN   TestChannelStore/PostgreSQL/GetPublicChannelsForTeam/only_o1_listed_in_public_channels_with_offset_0,_limit_1
=== RUN   TestChannelStore/PostgreSQL/GetPublicChannelsForTeam/only_o4_listed_in_public_channels_with_offset_1,_limit_1
=== RUN   TestChannelStore/PostgreSQL/GetPublicChannelsForTeam/verify_analytics_for_open_channels
=== RUN   TestChannelStore/PostgreSQL/GetPublicChannelsForTeam/verify_analytics_for_private_channels
=== RUN   TestChannelStore/PostgreSQL/GetPublicChannelsByIdsForTeam
=== RUN   TestChannelStore/PostgreSQL/GetPublicChannelsByIdsForTeam/oc1_by_itself_should_be_found_as_a_public_channel_in_the_team
=== RUN   TestChannelStore/PostgreSQL/GetPublicChannelsByIdsForTeam/only_oc1,_among_others,_should_be_found_as_a_public_channel_in_the_team
=== RUN   TestChannelStore/PostgreSQL/GetPublicChannelsByIdsForTeam/only_oc1_and_oc4,_among_others,_should_be_found_as_a_public_channel_in_the_team
=== RUN   TestChannelStore/PostgreSQL/GetPublicChannelsByIdsForTeam/random_channel_id_should_not_be_found_as_a_public_channel_in_the_team
=== RUN   TestChannelStore/PostgreSQL/GetChannelCounts
=== RUN   TestChannelStore/PostgreSQL/GetMembersForUser
=== RUN   TestChannelStore/PostgreSQL/GetMembersForUser/with_channels
=== RUN   TestChannelStore/PostgreSQL/GetMembersForUser/with_channels_and_direct_messages
=== RUN   TestChannelStore/PostgreSQL/GetMembersForUser/with_channels,_direct_channels_and_group_messages
=== RUN   TestChannelStore/PostgreSQL/GetMembersForUserWithPagination
=== RUN   TestChannelStore/PostgreSQL/CountPostsAfter
=== RUN   TestChannelStore/PostgreSQL/CountPostsAfter/should_count_all_posts_with_or_without_the_given_user_ID
=== RUN   TestChannelStore/PostgreSQL/CountPostsAfter/should_not_count_deleted_posts
=== RUN   TestChannelStore/PostgreSQL/CountPostsAfter/should_count_system/bot_messages,_but_not_join/leave_messages
=== RUN   TestChannelStore/PostgreSQL/UpdateLastViewedAt
=== RUN   TestChannelStore/PostgreSQL/IncrementMentionCount
=== RUN   TestChannelStore/PostgreSQL/UpdateChannelMember
=== RUN   TestChannelStore/PostgreSQL/GetMember
=== RUN   TestChannelStore/PostgreSQL/GetMemberForPost
=== RUN   TestChannelStore/PostgreSQL/GetMemberCount
=== RUN   TestChannelStore/PostgreSQL/GetMemberCountsByGroup
=== RUN   TestChannelStore/PostgreSQL/GetMemberCountsByGroup/empty_slice_for_channel_with_no_groups
=== RUN   TestChannelStore/PostgreSQL/GetMemberCountsByGroup/returns_memberCountsByGroup_without_timezones
=== RUN   TestChannelStore/PostgreSQL/GetMemberCountsByGroup/returns_memberCountsByGroup_with_timezones_when_no_timezones_set
=== RUN   TestChannelStore/PostgreSQL/GetMemberCountsByGroup/returns_memberCountsByGroup_for_multiple_groups_with_lots_of_users_without_timezones
=== RUN   TestChannelStore/PostgreSQL/GetMemberCountsByGroup/returns_memberCountsByGroup_for_multiple_groups_with_lots_of_users_with_timezones
=== RUN   TestChannelStore/PostgreSQL/GetGuestCount
=== RUN   TestChannelStore/PostgreSQL/GetGuestCount/Regular_member_doesn't_count
=== RUN   TestChannelStore/PostgreSQL/GetGuestCount/Guest_member_does_count
=== RUN   TestChannelStore/PostgreSQL/GetGuestCount/make_sure_members_of_other_channels_aren't_counted
=== RUN   TestChannelStore/PostgreSQL/GetGuestCount/make_sure_inactive_users_aren't_counted
=== RUN   TestChannelStore/PostgreSQL/SearchMore
=== RUN   TestChannelStore/PostgreSQL/SearchMore/three_public_channels_matching_'ChannelA',_but_already_a_member_of_one_and_one_deleted
=== RUN   TestChannelStore/PostgreSQL/SearchMore/one_public_channels,_but_already_a_member
=== RUN   TestChannelStore/PostgreSQL/SearchMore/three_matching_channels,_but_only_two_public
=== RUN   TestChannelStore/PostgreSQL/SearchMore/one_channel_matching_'off-topic'
=== RUN   TestChannelStore/PostgreSQL/SearchMore/search_purpose
=== RUN   TestChannelStore/PostgreSQL/SearchInTeam
=== RUN   TestChannelStore/PostgreSQL/SearchInTeam/AutocompleteInTeam/ChannelA
=== RUN   TestChannelStore/PostgreSQL/SearchInTeam/AutocompleteInTeam/ChannelA,_include_deleted
=== RUN   TestChannelStore/PostgreSQL/SearchInTeam/AutocompleteInTeam/ChannelA,_other_team
=== RUN   TestChannelStore/PostgreSQL/SearchInTeam/AutocompleteInTeam/empty_string
=== RUN   TestChannelStore/PostgreSQL/SearchInTeam/AutocompleteInTeam/no_matches
=== RUN   TestChannelStore/PostgreSQL/SearchInTeam/AutocompleteInTeam/prefix
=== RUN   TestChannelStore/PostgreSQL/SearchInTeam/AutocompleteInTeam/full_match_with_dash
=== RUN   TestChannelStore/PostgreSQL/SearchInTeam/AutocompleteInTeam/town_square
=== RUN   TestChannelStore/PostgreSQL/SearchInTeam/AutocompleteInTeam/the_in_name
=== RUN   TestChannelStore/PostgreSQL/SearchInTeam/AutocompleteInTeam/Mobile
=== RUN   TestChannelStore/PostgreSQL/SearchInTeam/AutocompleteInTeam/search_purpose
=== RUN   TestChannelStore/PostgreSQL/SearchInTeam/AutocompleteInTeam/pipe_ignored
=== RUN   TestChannelStore/PostgreSQL/SearchInTeam/SearchInTeam/ChannelA
=== RUN   TestChannelStore/PostgreSQL/SearchInTeam/SearchInTeam/ChannelA,_include_deleted
=== RUN   TestChannelStore/PostgreSQL/SearchInTeam/SearchInTeam/ChannelA,_other_team
=== RUN   TestChannelStore/PostgreSQL/SearchInTeam/SearchInTeam/empty_string
=== RUN   TestChannelStore/PostgreSQL/SearchInTeam/SearchInTeam/no_matches
=== RUN   TestChannelStore/PostgreSQL/SearchInTeam/SearchInTeam/prefix
=== RUN   TestChannelStore/PostgreSQL/SearchInTeam/SearchInTeam/full_match_with_dash
=== RUN   TestChannelStore/PostgreSQL/SearchInTeam/SearchInTeam/town_square
=== RUN   TestChannelStore/PostgreSQL/SearchInTeam/SearchInTeam/the_in_name
=== RUN   TestChannelStore/PostgreSQL/SearchInTeam/SearchInTeam/Mobile
=== RUN   TestChannelStore/PostgreSQL/SearchInTeam/SearchInTeam/search_purpose
=== RUN   TestChannelStore/PostgreSQL/SearchInTeam/SearchInTeam/pipe_ignored
=== RUN   TestChannelStore/PostgreSQL/SearchArchivedInTeam
=== RUN   TestChannelStore/PostgreSQL/SearchArchivedInTeam/empty_result
=== RUN   TestChannelStore/PostgreSQL/SearchArchivedInTeam/error
=== RUN   TestChannelStore/PostgreSQL/SearchForUserInTeam
=== RUN   TestChannelStore/PostgreSQL/SearchForUserInTeam/Search_for_test,_get_channels_1_and_2
=== RUN   TestChannelStore/PostgreSQL/SearchForUserInTeam/Search_for_dev,_get_channels_1,_2_and_3
=== RUN   TestChannelStore/PostgreSQL/SearchForUserInTeam/After_adding_user_to_channel_4,_search_for_dev,_get_channels_1,_2,_3_and_4
=== RUN   TestChannelStore/PostgreSQL/SearchForUserInTeam/Mark_channel_1_as_deleted,_search_for_dev,_get_channels_2,_3_and_4
=== RUN   TestChannelStore/PostgreSQL/SearchForUserInTeam/With_includeDeleted,_search_for_dev,_get_channels_1,_2,_3_and_4
=== RUN   TestChannelStore/PostgreSQL/SearchAllChannels
=== RUN   TestChannelStore/PostgreSQL/SearchAllChannels/Search_FooBar_by_display_name
=== RUN   TestChannelStore/PostgreSQL/SearchAllChannels/Search_FooBar_by_display_name2
=== RUN   TestChannelStore/PostgreSQL/SearchAllChannels/Search_FooBar_by_display_name3
=== RUN   TestChannelStore/PostgreSQL/SearchAllChannels/Search_FooBar_by_name
=== RUN   TestChannelStore/PostgreSQL/SearchAllChannels/Search_FooBar_by_name2
=== RUN   TestChannelStore/PostgreSQL/SearchAllChannels/ChannelA
=== RUN   TestChannelStore/PostgreSQL/SearchAllChannels/ChannelA,_include_deleted
=== RUN   TestChannelStore/PostgreSQL/SearchAllChannels/empty_string
=== RUN   TestChannelStore/PostgreSQL/SearchAllChannels/no_matches
=== RUN   TestChannelStore/PostgreSQL/SearchAllChannels/prefix
=== RUN   TestChannelStore/PostgreSQL/SearchAllChannels/full_match_with_dash
=== RUN   TestChannelStore/PostgreSQL/SearchAllChannels/town_square
=== RUN   TestChannelStore/PostgreSQL/SearchAllChannels/that_in_name
=== RUN   TestChannelStore/PostgreSQL/SearchAllChannels/Mobile
=== RUN   TestChannelStore/PostgreSQL/SearchAllChannels/search_purpose
=== RUN   TestChannelStore/PostgreSQL/SearchAllChannels/pipe_ignored
=== RUN   TestChannelStore/PostgreSQL/SearchAllChannels/exclude_defaults_search_'off'
=== RUN   TestChannelStore/PostgreSQL/SearchAllChannels/exclude_defaults_search_'town'
=== RUN   TestChannelStore/PostgreSQL/SearchAllChannels/exclude_by_group_association
=== RUN   TestChannelStore/PostgreSQL/SearchAllChannels/paginate_includes_count
=== RUN   TestChannelStore/PostgreSQL/SearchAllChannels/paginate,_page_2_correct_entries_and_count
=== RUN   TestChannelStore/PostgreSQL/SearchAllChannels/Filter_private
=== RUN   TestChannelStore/PostgreSQL/SearchAllChannels/Filter_public
=== RUN   TestChannelStore/PostgreSQL/SearchAllChannels/Filter_public_and_private
=== RUN   TestChannelStore/PostgreSQL/SearchAllChannels/Filter_public_and_private_and_include_deleted
=== RUN   TestChannelStore/PostgreSQL/SearchAllChannels/Filter_group_constrained
=== RUN   TestChannelStore/PostgreSQL/SearchAllChannels/Filter_exclude_group_constrained_and_include_deleted
=== RUN   TestChannelStore/PostgreSQL/SearchAllChannels/Filter_private_and_exclude_group_constrained
=== RUN   TestChannelStore/PostgreSQL/SearchAllChannels/Filter_team_2
=== RUN   TestChannelStore/PostgreSQL/SearchAllChannels/Filter_team_2,_private
=== RUN   TestChannelStore/PostgreSQL/SearchAllChannels/Filter_team_1_and_team_2,_private
=== RUN   TestChannelStore/PostgreSQL/SearchAllChannels/Filter_team_1_and_team_2,_public_and_private
=== RUN   TestChannelStore/PostgreSQL/SearchAllChannels/Filter_team_1_and_team_2,_public_and_private_and_group_constrained
=== RUN   TestChannelStore/PostgreSQL/SearchAllChannels/Filter_team_1_and_team_2,_public_and_private_and_exclude_group_constrained
=== RUN   TestChannelStore/PostgreSQL/SearchAllChannels/Filter_deleted_returns_only_deleted_channels
=== RUN   TestChannelStore/PostgreSQL/GetMembersByIds
=== RUN   TestChannelStore/PostgreSQL/GetMembersByChannelIds
=== RUN   TestChannelStore/PostgreSQL/GetMembersByChannelIds/should_return_the_user's_members_for_the_given_channels
=== RUN   TestChannelStore/PostgreSQL/GetMembersByChannelIds/should_not_error_or_return_anything_for_invalid_channel_IDs
=== RUN   TestChannelStore/PostgreSQL/GetMembersByChannelIds/should_not_error_or_return_anything_for_invalid_user_IDs
=== RUN   TestChannelStore/PostgreSQL/SearchGroupChannels
=== RUN   TestChannelStore/PostgreSQL/SearchGroupChannels/Get_all_group_channels_for_user1
=== RUN   TestChannelStore/PostgreSQL/SearchGroupChannels/Get_group_channels_for_user1_and_term_'three'
=== RUN   TestChannelStore/PostgreSQL/SearchGroupChannels/Get_group_channels_for_user1_and_term_'four_two'
=== RUN   TestChannelStore/PostgreSQL/SearchGroupChannels/Get_all_group_channels_for_user2
=== RUN   TestChannelStore/PostgreSQL/SearchGroupChannels/Get_group_channels_for_user2_and_term_'four'
=== RUN   TestChannelStore/PostgreSQL/SearchGroupChannels/Get_all_group_channels_for_user4
=== RUN   TestChannelStore/PostgreSQL/SearchGroupChannels/Get_group_channels_for_user4_and_term_'one_five'
=== RUN   TestChannelStore/PostgreSQL/AnalyticsDeletedTypeCount
=== RUN   TestChannelStore/PostgreSQL/GetPinnedPosts
=== RUN   TestChannelStore/PostgreSQL/GetPinnedPosts/with_correct_ReplyCount
=== RUN   TestChannelStore/PostgreSQL/GetPinnedPostCount
=== RUN   TestChannelStore/PostgreSQL/MaxChannelsPerTeam
=== RUN   TestChannelStore/PostgreSQL/GetChannelsByScheme
=== RUN   TestChannelStore/PostgreSQL/MigrateChannelMembers
=== RUN   TestChannelStore/PostgreSQL/ResetAllChannelSchemes
=== RUN   TestChannelStore/PostgreSQL/ClearAllCustomRoleAssignments
=== RUN   TestChannelStore/PostgreSQL/MaterializedPublicChannels
=== RUN   TestChannelStore/PostgreSQL/MaterializedPublicChannels/o1_and_o2_initially_listed_in_public_channels
=== RUN   TestChannelStore/PostgreSQL/MaterializedPublicChannels/o1_still_listed_in_public_channels_when_marked_as_deleted
=== RUN   TestChannelStore/PostgreSQL/MaterializedPublicChannels/o1_no_longer_listed_in_public_channels_when_permanently_deleted
=== RUN   TestChannelStore/PostgreSQL/MaterializedPublicChannels/o2_no_longer_listed_since_now_private
=== RUN   TestChannelStore/PostgreSQL/MaterializedPublicChannels/o2_listed_once_again_since_now_public
=== RUN   TestChannelStore/PostgreSQL/MaterializedPublicChannels/verify_o3_INSERT_converted_to_UPDATE
=== RUN   TestChannelStore/PostgreSQL/MaterializedPublicChannels/verify_o4_UPDATE_converted_to_INSERT
=== RUN   TestChannelStore/PostgreSQL/GetAllChannelsForExportAfter
=== RUN   TestChannelStore/PostgreSQL/GetChannelMembersForExport
=== RUN   TestChannelStore/PostgreSQL/RemoveAllDeactivatedMembers
=== RUN   TestChannelStore/PostgreSQL/ExportAllDirectChannels
=== RUN   TestChannelStore/PostgreSQL/ExportAllDirectChannelsExcludePrivateAndPublic
=== RUN   TestChannelStore/PostgreSQL/ExportAllDirectChannelsDeletedChannel
=== RUN   TestChannelStore/PostgreSQL/GetChannelsBatchForIndexing
=== RUN   TestChannelStore/PostgreSQL/GroupSyncedChannelCount
=== RUN   TestChannelStore/PostgreSQL/CreateInitialSidebarCategories
=== RUN   TestChannelStore/PostgreSQL/CreateInitialSidebarCategories/should_create_initial_favorites/channels/DMs_categories
=== RUN   TestChannelStore/PostgreSQL/CreateInitialSidebarCategories/should_create_initial_favorites/channels/DMs_categories_for_multiple_users
=== RUN   TestChannelStore/PostgreSQL/CreateInitialSidebarCategories/should_create_initial_favorites/channels/DMs_categories_on_different_teams
=== RUN   TestChannelStore/PostgreSQL/CreateInitialSidebarCategories/shouldn't_create_additional_categories_when_ones_already_exist
=== RUN   TestChannelStore/PostgreSQL/CreateInitialSidebarCategories/shouldn't_create_additional_categories_when_ones_already_exist_even_when_ran_simultaneously
=== RUN   TestChannelStore/PostgreSQL/CreateInitialSidebarCategories/should_populate_the_Favorites_category_with_regular_channels
=== RUN   TestChannelStore/PostgreSQL/CreateInitialSidebarCategories/should_populate_the_Favorites_category_in_alphabetical_order
=== RUN   TestChannelStore/PostgreSQL/CreateInitialSidebarCategories/should_populate_the_Favorites_category_with_DMs_and_GMs
=== RUN   TestChannelStore/PostgreSQL/CreateInitialSidebarCategories/should_not_populate_the_Favorites_category_with_channels_from_other_teams
=== RUN   TestChannelStore/PostgreSQL/CreateSidebarCategory
=== RUN   TestChannelStore/PostgreSQL/CreateSidebarCategory/should_place_the_new_category_second_if_Favorites_comes_first
=== RUN   TestChannelStore/PostgreSQL/CreateSidebarCategory/should_place_the_new_category_first_if_Favorites_is_not_first
=== RUN   TestChannelStore/PostgreSQL/CreateSidebarCategory/should_create_the_category_with_its_channels
=== RUN   TestChannelStore/PostgreSQL/CreateSidebarCategory/should_remove_any_channels_from_their_previous_categories
=== RUN   TestChannelStore/PostgreSQL/GetSidebarCategory
=== RUN   TestChannelStore/PostgreSQL/GetSidebarCategory/should_return_a_custom_category_with_its_Channels_field_set
=== RUN   TestChannelStore/PostgreSQL/GetSidebarCategory/should_return_any_orphaned_channels_with_the_Channels_category
=== RUN   TestChannelStore/PostgreSQL/GetSidebarCategory/shouldn't_return_orphaned_channels_on_another_team_with_the_Channels_category
=== RUN   TestChannelStore/PostgreSQL/GetSidebarCategory/shouldn't_return_non-orphaned_channels_with_the_Channels_category
=== RUN   TestChannelStore/PostgreSQL/GetSidebarCategory/should_return_any_orphaned_DM_channels_with_the_Direct_Messages_category
=== RUN   TestChannelStore/PostgreSQL/GetSidebarCategory/should_return_any_orphaned_GM_channels_with_the_Direct_Messages_category
=== RUN   TestChannelStore/PostgreSQL/GetSidebarCategory/should_return_orphaned_DM_channels_in_the_DMs_categorywhich_are_in_a_custom_category_on_another_team
=== RUN   TestChannelStore/PostgreSQL/GetSidebarCategories
=== RUN   TestChannelStore/PostgreSQL/GetSidebarCategories/should_return_channels_in_the_same_order_between_different_ways_of_getting_categories
=== RUN   TestChannelStore/PostgreSQL/UpdateSidebarCategories
=== RUN   TestChannelStore/PostgreSQL/UpdateSidebarCategories/ensure_the_query_to_update_SidebarCategories_hasn't_been_polluted_by_UpdateSidebarCategoryOrder
=== RUN   TestChannelStore/PostgreSQL/UpdateSidebarCategories/categories_should_be_returned_in_their_original_order
=== RUN   TestChannelStore/PostgreSQL/UpdateSidebarCategories/should_silently_fail_to_update_read_only_fields
=== RUN   TestChannelStore/PostgreSQL/UpdateSidebarCategories/should_add_and_remove_favorites_preferences_based_on_the_Favorites_category
=== RUN   TestChannelStore/PostgreSQL/UpdateSidebarCategories/should_add_and_remove_favorites_preferences_for_DMs
=== RUN   TestChannelStore/PostgreSQL/UpdateSidebarCategories/should_add_and_remove_favorites_preferences,_even_if_the_channel_is_already_favorited_in_preferences
=== RUN   TestChannelStore/PostgreSQL/UpdateSidebarCategories/should_not_affect_other_users'_favorites_preferences
=== RUN   TestChannelStore/PostgreSQL/UpdateSidebarCategories/channels_removed_from_Channels_or_DMs_categories_should_be_re-added
=== RUN   TestChannelStore/PostgreSQL/UpdateSidebarCategories/should_be_able_to_move_DMs_into_and_out_of_custom_categories
=== RUN   TestChannelStore/PostgreSQL/UpdateSidebarCategories/should_successfully_move_channels_between_categories
=== RUN   TestChannelStore/PostgreSQL/UpdateSidebarCategories/should_correctly_return_the_original_categories_that_were_modified
=== RUN   TestChannelStore/PostgreSQL/DeleteSidebarCategory
=== RUN   TestChannelStore/PostgreSQL/DeleteSidebarCategory/should_correctly_remove_an_empty_category
=== RUN   TestChannelStore/PostgreSQL/DeleteSidebarCategory/should_correctly_remove_a_category_and_its_channels
=== RUN   TestChannelStore/PostgreSQL/DeleteSidebarCategory/should_not_allow_you_to_remove_non-custom_categories
=== RUN   TestChannelStore/PostgreSQL/UpdateSidebarChannelsByPreferences
=== RUN   TestChannelStore/PostgreSQL/UpdateSidebarChannelsByPreferences/Should_be_able_to_update_sidebar_channels
=== RUN   TestChannelStore/PostgreSQL/UpdateSidebarChannelsByPreferences/Should_not_panic_if_channel_is_not_found
--- PASS: TestChannelStore (19.50s)
    --- PASS: TestChannelStore/MySQL (10.12s)
        --- PASS: TestChannelStore/MySQL/Save (0.05s)
        --- PASS: TestChannelStore/MySQL/SaveDirectChannel (0.13s)
        --- PASS: TestChannelStore/MySQL/CreateDirectChannel (0.04s)
        --- PASS: TestChannelStore/MySQL/Update (0.15s)
        --- PASS: TestChannelStore/MySQL/GetChannelUnread (0.06s)
        --- PASS: TestChannelStore/MySQL/Get (0.13s)
        --- PASS: TestChannelStore/MySQL/GetChannelsByIds (0.06s)
            --- PASS: TestChannelStore/MySQL/GetChannelsByIds/Get_2_existing_channels (0.00s)
            --- PASS: TestChannelStore/MySQL/GetChannelsByIds/Get_1_existing_and_1_not_existing_channel (0.00s)
            --- PASS: TestChannelStore/MySQL/GetChannelsByIds/Get_2_existing_and_1_deleted_channel (0.00s)
        --- PASS: TestChannelStore/MySQL/GetForPost (0.02s)
        --- PASS: TestChannelStore/MySQL/Restore (0.03s)
        --- PASS: TestChannelStore/MySQL/Delete (0.09s)
        --- PASS: TestChannelStore/MySQL/GetByName (0.03s)
        --- PASS: TestChannelStore/MySQL/GetByNames (0.04s)
        --- PASS: TestChannelStore/MySQL/GetDeletedByName (0.02s)
        --- PASS: TestChannelStore/MySQL/GetDeleted (0.05s)
        --- PASS: TestChannelStore/MySQL/ChannelMemberStore (0.08s)
        --- PASS: TestChannelStore/MySQL/SaveMember (0.69s)
            --- PASS: TestChannelStore/MySQL/SaveMember/not_valid_channel_member (0.00s)
            --- PASS: TestChannelStore/MySQL/SaveMember/duplicated_entries_should_fail (0.02s)
            --- PASS: TestChannelStore/MySQL/SaveMember/insert_member_correctly_(in_channel_without_channel_scheme_and_team_without_scheme) (0.21s)
                --- PASS: TestChannelStore/MySQL/SaveMember/insert_member_correctly_(in_channel_without_channel_scheme_and_team_without_scheme)/channel_user_implicit (0.01s)
                --- PASS: TestChannelStore/MySQL/SaveMember/insert_member_correctly_(in_channel_without_channel_scheme_and_team_without_scheme)/channel_user_explicit (0.01s)
                --- PASS: TestChannelStore/MySQL/SaveMember/insert_member_correctly_(in_channel_without_channel_scheme_and_team_without_scheme)/channel_guest_implicit (0.01s)
                --- PASS: TestChannelStore/MySQL/SaveMember/insert_member_correctly_(in_channel_without_channel_scheme_and_team_without_scheme)/channel_guest_explicit (0.01s)
                --- PASS: TestChannelStore/MySQL/SaveMember/insert_member_correctly_(in_channel_without_channel_scheme_and_team_without_scheme)/channel_admin_implicit (0.01s)
                --- PASS: TestChannelStore/MySQL/SaveMember/insert_member_correctly_(in_channel_without_channel_scheme_and_team_without_scheme)/channel_admin_explicit (0.01s)
                --- PASS: TestChannelStore/MySQL/SaveMember/insert_member_correctly_(in_channel_without_channel_scheme_and_team_without_scheme)/channel_user_implicit_and_explicit_custom_role (0.02s)
                --- PASS: TestChannelStore/MySQL/SaveMember/insert_member_correctly_(in_channel_without_channel_scheme_and_team_without_scheme)/channel_user_explicit_and_explicit_custom_role (0.01s)
                --- PASS: TestChannelStore/MySQL/SaveMember/insert_member_correctly_(in_channel_without_channel_scheme_and_team_without_scheme)/channel_guest_implicit_and_explicit_custom_role (0.01s)
                --- PASS: TestChannelStore/MySQL/SaveMember/insert_member_correctly_(in_channel_without_channel_scheme_and_team_without_scheme)/channel_guest_explicit_and_explicit_custom_role (0.02s)
                --- PASS: TestChannelStore/MySQL/SaveMember/insert_member_correctly_(in_channel_without_channel_scheme_and_team_without_scheme)/channel_admin_implicit_and_explicit_custom_role (0.01s)
                --- PASS: TestChannelStore/MySQL/SaveMember/insert_member_correctly_(in_channel_without_channel_scheme_and_team_without_scheme)/channel_admin_explicit_and_explicit_custom_role (0.02s)
                --- PASS: TestChannelStore/MySQL/SaveMember/insert_member_correctly_(in_channel_without_channel_scheme_and_team_without_scheme)/channel_member_with_only_explicit_custom_roles (0.01s)
            --- PASS: TestChannelStore/MySQL/SaveMember/insert_member_correctly_(in_channel_without_scheme_and_team_with_scheme) (0.23s)
                --- PASS: TestChannelStore/MySQL/SaveMember/insert_member_correctly_(in_channel_without_scheme_and_team_with_scheme)/channel_user_implicit (0.02s)
                --- PASS: TestChannelStore/MySQL/SaveMember/insert_member_correctly_(in_channel_without_scheme_and_team_with_scheme)/channel_user_explicit (0.01s)
                --- PASS: TestChannelStore/MySQL/SaveMember/insert_member_correctly_(in_channel_without_scheme_and_team_with_scheme)/channel_guest_implicit (0.01s)
                --- PASS: TestChannelStore/MySQL/SaveMember/insert_member_correctly_(in_channel_without_scheme_and_team_with_scheme)/channel_guest_explicit (0.01s)
                --- PASS: TestChannelStore/MySQL/SaveMember/insert_member_correctly_(in_channel_without_scheme_and_team_with_scheme)/channel_admin_implicit (0.01s)
                --- PASS: TestChannelStore/MySQL/SaveMember/insert_member_correctly_(in_channel_without_scheme_and_team_with_scheme)/channel_admin_explicit (0.01s)
                --- PASS: TestChannelStore/MySQL/SaveMember/insert_member_correctly_(in_channel_without_scheme_and_team_with_scheme)/channel_user_implicit_and_explicit_custom_role (0.01s)
                --- PASS: TestChannelStore/MySQL/SaveMember/insert_member_correctly_(in_channel_without_scheme_and_team_with_scheme)/channel_user_explicit_and_explicit_custom_role (0.01s)
                --- PASS: TestChannelStore/MySQL/SaveMember/insert_member_correctly_(in_channel_without_scheme_and_team_with_scheme)/channel_guest_implicit_and_explicit_custom_role (0.01s)
                --- PASS: TestChannelStore/MySQL/SaveMember/insert_member_correctly_(in_channel_without_scheme_and_team_with_scheme)/channel_guest_explicit_and_explicit_custom_role (0.01s)
                --- PASS: TestChannelStore/MySQL/SaveMember/insert_member_correctly_(in_channel_without_scheme_and_team_with_scheme)/channel_admin_implicit_and_explicit_custom_role (0.01s)
                --- PASS: TestChannelStore/MySQL/SaveMember/insert_member_correctly_(in_channel_without_scheme_and_team_with_scheme)/channel_admin_explicit_and_explicit_custom_role (0.01s)
                --- PASS: TestChannelStore/MySQL/SaveMember/insert_member_correctly_(in_channel_without_scheme_and_team_with_scheme)/channel_member_with_only_explicit_custom_roles (0.01s)
            --- PASS: TestChannelStore/MySQL/SaveMember/insert_member_correctly_(in_channel_with_channel_scheme) (0.22s)
                --- PASS: TestChannelStore/MySQL/SaveMember/insert_member_correctly_(in_channel_with_channel_scheme)/channel_user_implicit (0.02s)
                --- PASS: TestChannelStore/MySQL/SaveMember/insert_member_correctly_(in_channel_with_channel_scheme)/channel_user_explicit (0.01s)
                --- PASS: TestChannelStore/MySQL/SaveMember/insert_member_correctly_(in_channel_with_channel_scheme)/channel_guest_implicit (0.01s)
                --- PASS: TestChannelStore/MySQL/SaveMember/insert_member_correctly_(in_channel_with_channel_scheme)/channel_guest_explicit (0.02s)
                --- PASS: TestChannelStore/MySQL/SaveMember/insert_member_correctly_(in_channel_with_channel_scheme)/channel_admin_implicit (0.01s)
                --- PASS: TestChannelStore/MySQL/SaveMember/insert_member_correctly_(in_channel_with_channel_scheme)/channel_admin_explicit (0.01s)
                --- PASS: TestChannelStore/MySQL/SaveMember/insert_member_correctly_(in_channel_with_channel_scheme)/channel_user_implicit_and_explicit_custom_role (0.01s)
                --- PASS: TestChannelStore/MySQL/SaveMember/insert_member_correctly_(in_channel_with_channel_scheme)/channel_user_explicit_and_explicit_custom_role (0.01s)
                --- PASS: TestChannelStore/MySQL/SaveMember/insert_member_correctly_(in_channel_with_channel_scheme)/channel_guest_implicit_and_explicit_custom_role (0.01s)
                --- PASS: TestChannelStore/MySQL/SaveMember/insert_member_correctly_(in_channel_with_channel_scheme)/channel_guest_explicit_and_explicit_custom_role (0.01s)
                --- PASS: TestChannelStore/MySQL/SaveMember/insert_member_correctly_(in_channel_with_channel_scheme)/channel_admin_implicit_and_explicit_custom_role (0.02s)
                --- PASS: TestChannelStore/MySQL/SaveMember/insert_member_correctly_(in_channel_with_channel_scheme)/channel_admin_explicit_and_explicit_custom_role (0.01s)
                --- PASS: TestChannelStore/MySQL/SaveMember/insert_member_correctly_(in_channel_with_channel_scheme)/channel_member_with_only_explicit_custom_roles (0.01s)
        --- PASS: TestChannelStore/MySQL/SaveMultipleMembers (0.80s)
            --- PASS: TestChannelStore/MySQL/SaveMultipleMembers/any_not_valid_channel_member (0.00s)
            --- PASS: TestChannelStore/MySQL/SaveMultipleMembers/duplicated_entries_should_fail (0.01s)
            --- PASS: TestChannelStore/MySQL/SaveMultipleMembers/insert_members_correctly_(in_channel_without_channel_scheme_and_team_without_scheme) (0.25s)
                --- PASS: TestChannelStore/MySQL/SaveMultipleMembers/insert_members_correctly_(in_channel_without_channel_scheme_and_team_without_scheme)/channel_user_implicit (0.02s)
                --- PASS: TestChannelStore/MySQL/SaveMultipleMembers/insert_members_correctly_(in_channel_without_channel_scheme_and_team_without_scheme)/channel_user_explicit (0.02s)
                --- PASS: TestChannelStore/MySQL/SaveMultipleMembers/insert_members_correctly_(in_channel_without_channel_scheme_and_team_without_scheme)/channel_guest_implicit (0.02s)
                --- PASS: TestChannelStore/MySQL/SaveMultipleMembers/insert_members_correctly_(in_channel_without_channel_scheme_and_team_without_scheme)/channel_guest_explicit (0.02s)
                --- PASS: TestChannelStore/MySQL/SaveMultipleMembers/insert_members_correctly_(in_channel_without_channel_scheme_and_team_without_scheme)/channel_admin_implicit (0.02s)
                --- PASS: TestChannelStore/MySQL/SaveMultipleMembers/insert_members_correctly_(in_channel_without_channel_scheme_and_team_without_scheme)/channel_admin_explicit (0.02s)
                --- PASS: TestChannelStore/MySQL/SaveMultipleMembers/insert_members_correctly_(in_channel_without_channel_scheme_and_team_without_scheme)/channel_user_implicit_and_explicit_custom_role (0.02s)
                --- PASS: TestChannelStore/MySQL/SaveMultipleMembers/insert_members_correctly_(in_channel_without_channel_scheme_and_team_without_scheme)/channel_user_explicit_and_explicit_custom_role (0.02s)
                --- PASS: TestChannelStore/MySQL/SaveMultipleMembers/insert_members_correctly_(in_channel_without_channel_scheme_and_team_without_scheme)/channel_guest_implicit_and_explicit_custom_role (0.02s)
                --- PASS: TestChannelStore/MySQL/SaveMultipleMembers/insert_members_correctly_(in_channel_without_channel_scheme_and_team_without_scheme)/channel_guest_explicit_and_explicit_custom_role (0.02s)
                --- PASS: TestChannelStore/MySQL/SaveMultipleMembers/insert_members_correctly_(in_channel_without_channel_scheme_and_team_without_scheme)/channel_admin_implicit_and_explicit_custom_role (0.02s)
                --- PASS: TestChannelStore/MySQL/SaveMultipleMembers/insert_members_correctly_(in_channel_without_channel_scheme_and_team_without_scheme)/channel_admin_explicit_and_explicit_custom_role (0.02s)
                --- PASS: TestChannelStore/MySQL/SaveMultipleMembers/insert_members_correctly_(in_channel_without_channel_scheme_and_team_without_scheme)/channel_member_with_only_explicit_custom_roles (0.02s)
            --- PASS: TestChannelStore/MySQL/SaveMultipleMembers/insert_members_correctly_(in_channel_without_scheme_and_team_with_scheme) (0.27s)
                --- PASS: TestChannelStore/MySQL/SaveMultipleMembers/insert_members_correctly_(in_channel_without_scheme_and_team_with_scheme)/channel_user_implicit (0.02s)
                --- PASS: TestChannelStore/MySQL/SaveMultipleMembers/insert_members_correctly_(in_channel_without_scheme_and_team_with_scheme)/channel_user_explicit (0.02s)
                --- PASS: TestChannelStore/MySQL/SaveMultipleMembers/insert_members_correctly_(in_channel_without_scheme_and_team_with_scheme)/channel_guest_implicit (0.02s)
                --- PASS: TestChannelStore/MySQL/SaveMultipleMembers/insert_members_correctly_(in_channel_without_scheme_and_team_with_scheme)/channel_guest_explicit (0.02s)
                --- PASS: TestChannelStore/MySQL/SaveMultipleMembers/insert_members_correctly_(in_channel_without_scheme_and_team_with_scheme)/channel_admin_implicit (0.02s)
                --- PASS: TestChannelStore/MySQL/SaveMultipleMembers/insert_members_correctly_(in_channel_without_scheme_and_team_with_scheme)/channel_admin_explicit (0.02s)
                --- PASS: TestChannelStore/MySQL/SaveMultipleMembers/insert_members_correctly_(in_channel_without_scheme_and_team_with_scheme)/channel_user_implicit_and_explicit_custom_role (0.02s)
                --- PASS: TestChannelStore/MySQL/SaveMultipleMembers/insert_members_correctly_(in_channel_without_scheme_and_team_with_scheme)/channel_user_explicit_and_explicit_custom_role (0.02s)
                --- PASS: TestChannelStore/MySQL/SaveMultipleMembers/insert_members_correctly_(in_channel_without_scheme_and_team_with_scheme)/channel_guest_implicit_and_explicit_custom_role (0.02s)
                --- PASS: TestChannelStore/MySQL/SaveMultipleMembers/insert_members_correctly_(in_channel_without_scheme_and_team_with_scheme)/channel_guest_explicit_and_explicit_custom_role (0.02s)
                --- PASS: TestChannelStore/MySQL/SaveMultipleMembers/insert_members_correctly_(in_channel_without_scheme_and_team_with_scheme)/channel_admin_implicit_and_explicit_custom_role (0.02s)
                --- PASS: TestChannelStore/MySQL/SaveMultipleMembers/insert_members_correctly_(in_channel_without_scheme_and_team_with_scheme)/channel_admin_explicit_and_explicit_custom_role (0.02s)
                --- PASS: TestChannelStore/MySQL/SaveMultipleMembers/insert_members_correctly_(in_channel_without_scheme_and_team_with_scheme)/channel_member_with_only_explicit_custom_roles (0.02s)
            --- PASS: TestChannelStore/MySQL/SaveMultipleMembers/insert_members_correctly_(in_channel_with_channel_scheme) (0.27s)
                --- PASS: TestChannelStore/MySQL/SaveMultipleMembers/insert_members_correctly_(in_channel_with_channel_scheme)/channel_user_implicit (0.02s)
                --- PASS: TestChannelStore/MySQL/SaveMultipleMembers/insert_members_correctly_(in_channel_with_channel_scheme)/channel_user_explicit (0.02s)
                --- PASS: TestChannelStore/MySQL/SaveMultipleMembers/insert_members_correctly_(in_channel_with_channel_scheme)/channel_guest_implicit (0.02s)
                --- PASS: TestChannelStore/MySQL/SaveMultipleMembers/insert_members_correctly_(in_channel_with_channel_scheme)/channel_guest_explicit (0.02s)
                --- PASS: TestChannelStore/MySQL/SaveMultipleMembers/insert_members_correctly_(in_channel_with_channel_scheme)/channel_admin_implicit (0.02s)
                --- PASS: TestChannelStore/MySQL/SaveMultipleMembers/insert_members_correctly_(in_channel_with_channel_scheme)/channel_admin_explicit (0.02s)
                --- PASS: TestChannelStore/MySQL/SaveMultipleMembers/insert_members_correctly_(in_channel_with_channel_scheme)/channel_user_implicit_and_explicit_custom_role (0.02s)
                --- PASS: TestChannelStore/MySQL/SaveMultipleMembers/insert_members_correctly_(in_channel_with_channel_scheme)/channel_user_explicit_and_explicit_custom_role (0.02s)
                --- PASS: TestChannelStore/MySQL/SaveMultipleMembers/insert_members_correctly_(in_channel_with_channel_scheme)/channel_guest_implicit_and_explicit_custom_role (0.02s)
                --- PASS: TestChannelStore/MySQL/SaveMultipleMembers/insert_members_correctly_(in_channel_with_channel_scheme)/channel_guest_explicit_and_explicit_custom_role (0.02s)
                --- PASS: TestChannelStore/MySQL/SaveMultipleMembers/insert_members_correctly_(in_channel_with_channel_scheme)/channel_admin_implicit_and_explicit_custom_role (0.02s)
                --- PASS: TestChannelStore/MySQL/SaveMultipleMembers/insert_members_correctly_(in_channel_with_channel_scheme)/channel_admin_explicit_and_explicit_custom_role (0.02s)
                --- PASS: TestChannelStore/MySQL/SaveMultipleMembers/insert_members_correctly_(in_channel_with_channel_scheme)/channel_member_with_only_explicit_custom_roles (0.02s)
        --- PASS: TestChannelStore/MySQL/UpdateMember (0.40s)
            --- PASS: TestChannelStore/MySQL/UpdateMember/not_valid_channel_member (0.00s)
            --- PASS: TestChannelStore/MySQL/UpdateMember/insert_member_correctly_(in_channel_without_channel_scheme_and_team_without_scheme) (0.12s)
                --- PASS: TestChannelStore/MySQL/UpdateMember/insert_member_correctly_(in_channel_without_channel_scheme_and_team_without_scheme)/channel_user_implicit (0.01s)
                --- PASS: TestChannelStore/MySQL/UpdateMember/insert_member_correctly_(in_channel_without_channel_scheme_and_team_without_scheme)/channel_user_explicit (0.01s)
                --- PASS: TestChannelStore/MySQL/UpdateMember/insert_member_correctly_(in_channel_without_channel_scheme_and_team_without_scheme)/channel_guest_implicit (0.01s)
                --- PASS: TestChannelStore/MySQL/UpdateMember/insert_member_correctly_(in_channel_without_channel_scheme_and_team_without_scheme)/channel_guest_explicit (0.01s)
                --- PASS: TestChannelStore/MySQL/UpdateMember/insert_member_correctly_(in_channel_without_channel_scheme_and_team_without_scheme)/channel_admin_implicit (0.01s)
                --- PASS: TestChannelStore/MySQL/UpdateMember/insert_member_correctly_(in_channel_without_channel_scheme_and_team_without_scheme)/channel_admin_explicit (0.01s)
                --- PASS: TestChannelStore/MySQL/UpdateMember/insert_member_correctly_(in_channel_without_channel_scheme_and_team_without_scheme)/channel_user_implicit_and_explicit_custom_role (0.01s)
                --- PASS: TestChannelStore/MySQL/UpdateMember/insert_member_correctly_(in_channel_without_channel_scheme_and_team_without_scheme)/channel_user_explicit_and_explicit_custom_role (0.01s)
                --- PASS: TestChannelStore/MySQL/UpdateMember/insert_member_correctly_(in_channel_without_channel_scheme_and_team_without_scheme)/channel_guest_implicit_and_explicit_custom_role (0.01s)
                --- PASS: TestChannelStore/MySQL/UpdateMember/insert_member_correctly_(in_channel_without_channel_scheme_and_team_without_scheme)/channel_guest_explicit_and_explicit_custom_role (0.01s)
                --- PASS: TestChannelStore/MySQL/UpdateMember/insert_member_correctly_(in_channel_without_channel_scheme_and_team_without_scheme)/channel_admin_implicit_and_explicit_custom_role (0.01s)
                --- PASS: TestChannelStore/MySQL/UpdateMember/insert_member_correctly_(in_channel_without_channel_scheme_and_team_without_scheme)/channel_admin_explicit_and_explicit_custom_role (0.01s)
                --- PASS: TestChannelStore/MySQL/UpdateMember/insert_member_correctly_(in_channel_without_channel_scheme_and_team_without_scheme)/channel_member_with_only_explicit_custom_roles (0.01s)
            --- PASS: TestChannelStore/MySQL/UpdateMember/insert_member_correctly_(in_channel_without_scheme_and_team_with_scheme) (0.14s)
                --- PASS: TestChannelStore/MySQL/UpdateMember/insert_member_correctly_(in_channel_without_scheme_and_team_with_scheme)/channel_user_implicit (0.01s)
                --- PASS: TestChannelStore/MySQL/UpdateMember/insert_member_correctly_(in_channel_without_scheme_and_team_with_scheme)/channel_user_explicit (0.01s)
                --- PASS: TestChannelStore/MySQL/UpdateMember/insert_member_correctly_(in_channel_without_scheme_and_team_with_scheme)/channel_guest_implicit (0.01s)
                --- PASS: TestChannelStore/MySQL/UpdateMember/insert_member_correctly_(in_channel_without_scheme_and_team_with_scheme)/channel_guest_explicit (0.01s)
                --- PASS: TestChannelStore/MySQL/UpdateMember/insert_member_correctly_(in_channel_without_scheme_and_team_with_scheme)/channel_admin_implicit (0.01s)
                --- PASS: TestChannelStore/MySQL/UpdateMember/insert_member_correctly_(in_channel_without_scheme_and_team_with_scheme)/channel_admin_explicit (0.01s)
                --- PASS: TestChannelStore/MySQL/UpdateMember/insert_member_correctly_(in_channel_without_scheme_and_team_with_scheme)/channel_user_implicit_and_explicit_custom_role (0.01s)
                --- PASS: TestChannelStore/MySQL/UpdateMember/insert_member_correctly_(in_channel_without_scheme_and_team_with_scheme)/channel_user_explicit_and_explicit_custom_role (0.01s)
                --- PASS: TestChannelStore/MySQL/UpdateMember/insert_member_correctly_(in_channel_without_scheme_and_team_with_scheme)/channel_guest_implicit_and_explicit_custom_role (0.01s)
                --- PASS: TestChannelStore/MySQL/UpdateMember/insert_member_correctly_(in_channel_without_scheme_and_team_with_scheme)/channel_guest_explicit_and_explicit_custom_role (0.01s)
                --- PASS: TestChannelStore/MySQL/UpdateMember/insert_member_correctly_(in_channel_without_scheme_and_team_with_scheme)/channel_admin_implicit_and_explicit_custom_role (0.01s)
                --- PASS: TestChannelStore/MySQL/UpdateMember/insert_member_correctly_(in_channel_without_scheme_and_team_with_scheme)/channel_admin_explicit_and_explicit_custom_role (0.01s)
                --- PASS: TestChannelStore/MySQL/UpdateMember/insert_member_correctly_(in_channel_without_scheme_and_team_with_scheme)/channel_member_with_only_explicit_custom_roles (0.01s)
            --- PASS: TestChannelStore/MySQL/UpdateMember/insert_member_correctly_(in_channel_with_channel_scheme) (0.14s)
                --- PASS: TestChannelStore/MySQL/UpdateMember/insert_member_correctly_(in_channel_with_channel_scheme)/channel_user_implicit (0.01s)
                --- PASS: TestChannelStore/MySQL/UpdateMember/insert_member_correctly_(in_channel_with_channel_scheme)/channel_user_explicit (0.01s)
                --- PASS: TestChannelStore/MySQL/UpdateMember/insert_member_correctly_(in_channel_with_channel_scheme)/channel_guest_implicit (0.01s)
                --- PASS: TestChannelStore/MySQL/UpdateMember/insert_member_correctly_(in_channel_with_channel_scheme)/channel_guest_explicit (0.01s)
                --- PASS: TestChannelStore/MySQL/UpdateMember/insert_member_correctly_(in_channel_with_channel_scheme)/channel_admin_implicit (0.01s)
                --- PASS: TestChannelStore/MySQL/UpdateMember/insert_member_correctly_(in_channel_with_channel_scheme)/channel_admin_explicit (0.01s)
                --- PASS: TestChannelStore/MySQL/UpdateMember/insert_member_correctly_(in_channel_with_channel_scheme)/channel_user_implicit_and_explicit_custom_role (0.01s)
                --- PASS: TestChannelStore/MySQL/UpdateMember/insert_member_correctly_(in_channel_with_channel_scheme)/channel_user_explicit_and_explicit_custom_role (0.01s)
                --- PASS: TestChannelStore/MySQL/UpdateMember/insert_member_correctly_(in_channel_with_channel_scheme)/channel_guest_implicit_and_explicit_custom_role (0.01s)
                --- PASS: TestChannelStore/MySQL/UpdateMember/insert_member_correctly_(in_channel_with_channel_scheme)/channel_guest_explicit_and_explicit_custom_role (0.01s)
                --- PASS: TestChannelStore/MySQL/UpdateMember/insert_member_correctly_(in_channel_with_channel_scheme)/channel_admin_implicit_and_explicit_custom_role (0.01s)
                --- PASS: TestChannelStore/MySQL/UpdateMember/insert_member_correctly_(in_channel_with_channel_scheme)/channel_admin_explicit_and_explicit_custom_role (0.01s)
                --- PASS: TestChannelStore/MySQL/UpdateMember/insert_member_correctly_(in_channel_with_channel_scheme)/channel_member_with_only_explicit_custom_roles (0.01s)
        --- PASS: TestChannelStore/MySQL/UpdateMultipleMembers (0.63s)
            --- PASS: TestChannelStore/MySQL/UpdateMultipleMembers/any_not_valid_channel_member (0.00s)
            --- PASS: TestChannelStore/MySQL/UpdateMultipleMembers/duplicated_entries_should_fail (0.01s)
            --- PASS: TestChannelStore/MySQL/UpdateMultipleMembers/insert_members_correctly_(in_channel_without_channel_scheme_and_team_without_scheme) (0.20s)
                --- PASS: TestChannelStore/MySQL/UpdateMultipleMembers/insert_members_correctly_(in_channel_without_channel_scheme_and_team_without_scheme)/channel_user_implicit (0.01s)
                --- PASS: TestChannelStore/MySQL/UpdateMultipleMembers/insert_members_correctly_(in_channel_without_channel_scheme_and_team_without_scheme)/channel_user_explicit (0.01s)
                --- PASS: TestChannelStore/MySQL/UpdateMultipleMembers/insert_members_correctly_(in_channel_without_channel_scheme_and_team_without_scheme)/channel_guest_implicit (0.01s)
                --- PASS: TestChannelStore/MySQL/UpdateMultipleMembers/insert_members_correctly_(in_channel_without_channel_scheme_and_team_without_scheme)/channel_guest_explicit (0.02s)
                --- PASS: TestChannelStore/MySQL/UpdateMultipleMembers/insert_members_correctly_(in_channel_without_channel_scheme_and_team_without_scheme)/channel_admin_implicit (0.01s)
                --- PASS: TestChannelStore/MySQL/UpdateMultipleMembers/insert_members_correctly_(in_channel_without_channel_scheme_and_team_without_scheme)/channel_admin_explicit (0.01s)
                --- PASS: TestChannelStore/MySQL/UpdateMultipleMembers/insert_members_correctly_(in_channel_without_channel_scheme_and_team_without_scheme)/channel_user_implicit_and_explicit_custom_role (0.01s)
                --- PASS: TestChannelStore/MySQL/UpdateMultipleMembers/insert_members_correctly_(in_channel_without_channel_scheme_and_team_without_scheme)/channel_user_explicit_and_explicit_custom_role (0.01s)
                --- PASS: TestChannelStore/MySQL/UpdateMultipleMembers/insert_members_correctly_(in_channel_without_channel_scheme_and_team_without_scheme)/channel_guest_implicit_and_explicit_custom_role (0.01s)
                --- PASS: TestChannelStore/MySQL/UpdateMultipleMembers/insert_members_correctly_(in_channel_without_channel_scheme_and_team_without_scheme)/channel_guest_explicit_and_explicit_custom_role (0.01s)
                --- PASS: TestChannelStore/MySQL/UpdateMultipleMembers/insert_members_correctly_(in_channel_without_channel_scheme_and_team_without_scheme)/channel_admin_implicit_and_explicit_custom_role (0.01s)
                --- PASS: TestChannelStore/MySQL/UpdateMultipleMembers/insert_members_correctly_(in_channel_without_channel_scheme_and_team_without_scheme)/channel_admin_explicit_and_explicit_custom_role (0.01s)
                --- PASS: TestChannelStore/MySQL/UpdateMultipleMembers/insert_members_correctly_(in_channel_without_channel_scheme_and_team_without_scheme)/channel_member_with_only_explicit_custom_roles (0.01s)
            --- PASS: TestChannelStore/MySQL/UpdateMultipleMembers/insert_members_correctly_(in_channel_without_scheme_and_team_with_scheme) (0.21s)
                --- PASS: TestChannelStore/MySQL/UpdateMultipleMembers/insert_members_correctly_(in_channel_without_scheme_and_team_with_scheme)/channel_user_implicit (0.01s)
                --- PASS: TestChannelStore/MySQL/UpdateMultipleMembers/insert_members_correctly_(in_channel_without_scheme_and_team_with_scheme)/channel_user_explicit (0.01s)
                --- PASS: TestChannelStore/MySQL/UpdateMultipleMembers/insert_members_correctly_(in_channel_without_scheme_and_team_with_scheme)/channel_guest_implicit (0.01s)
                --- PASS: TestChannelStore/MySQL/UpdateMultipleMembers/insert_members_correctly_(in_channel_without_scheme_and_team_with_scheme)/channel_guest_explicit (0.01s)
                --- PASS: TestChannelStore/MySQL/UpdateMultipleMembers/insert_members_correctly_(in_channel_without_scheme_and_team_with_scheme)/channel_admin_implicit (0.01s)
                --- PASS: TestChannelStore/MySQL/UpdateMultipleMembers/insert_members_correctly_(in_channel_without_scheme_and_team_with_scheme)/channel_admin_explicit (0.01s)
                --- PASS: TestChannelStore/MySQL/UpdateMultipleMembers/insert_members_correctly_(in_channel_without_scheme_and_team_with_scheme)/channel_user_implicit_and_explicit_custom_role (0.01s)
                --- PASS: TestChannelStore/MySQL/UpdateMultipleMembers/insert_members_correctly_(in_channel_without_scheme_and_team_with_scheme)/channel_user_explicit_and_explicit_custom_role (0.01s)
                --- PASS: TestChannelStore/MySQL/UpdateMultipleMembers/insert_members_correctly_(in_channel_without_scheme_and_team_with_scheme)/channel_guest_implicit_and_explicit_custom_role (0.01s)
                --- PASS: TestChannelStore/MySQL/UpdateMultipleMembers/insert_members_correctly_(in_channel_without_scheme_and_team_with_scheme)/channel_guest_explicit_and_explicit_custom_role (0.01s)
                --- PASS: TestChannelStore/MySQL/UpdateMultipleMembers/insert_members_correctly_(in_channel_without_scheme_and_team_with_scheme)/channel_admin_implicit_and_explicit_custom_role (0.01s)
                --- PASS: TestChannelStore/MySQL/UpdateMultipleMembers/insert_members_correctly_(in_channel_without_scheme_and_team_with_scheme)/channel_admin_explicit_and_explicit_custom_role (0.01s)
                --- PASS: TestChannelStore/MySQL/UpdateMultipleMembers/insert_members_correctly_(in_channel_without_scheme_and_team_with_scheme)/channel_member_with_only_explicit_custom_roles (0.01s)
            --- PASS: TestChannelStore/MySQL/UpdateMultipleMembers/insert_members_correctly_(in_channel_with_channel_scheme) (0.20s)
                --- PASS: TestChannelStore/MySQL/UpdateMultipleMembers/insert_members_correctly_(in_channel_with_channel_scheme)/channel_user_implicit (0.01s)
                --- PASS: TestChannelStore/MySQL/UpdateMultipleMembers/insert_members_correctly_(in_channel_with_channel_scheme)/channel_user_explicit (0.01s)
                --- PASS: TestChannelStore/MySQL/UpdateMultipleMembers/insert_members_correctly_(in_channel_with_channel_scheme)/channel_guest_implicit (0.01s)
                --- PASS: TestChannelStore/MySQL/UpdateMultipleMembers/insert_members_correctly_(in_channel_with_channel_scheme)/channel_guest_explicit (0.01s)
                --- PASS: TestChannelStore/MySQL/UpdateMultipleMembers/insert_members_correctly_(in_channel_with_channel_scheme)/channel_admin_implicit (0.01s)
                --- PASS: TestChannelStore/MySQL/UpdateMultipleMembers/insert_members_correctly_(in_channel_with_channel_scheme)/channel_admin_explicit (0.01s)
                --- PASS: TestChannelStore/MySQL/UpdateMultipleMembers/insert_members_correctly_(in_channel_with_channel_scheme)/channel_user_implicit_and_explicit_custom_role (0.01s)
                --- PASS: TestChannelStore/MySQL/UpdateMultipleMembers/insert_members_correctly_(in_channel_with_channel_scheme)/channel_user_explicit_and_explicit_custom_role (0.01s)
                --- PASS: TestChannelStore/MySQL/UpdateMultipleMembers/insert_members_correctly_(in_channel_with_channel_scheme)/channel_guest_implicit_and_explicit_custom_role (0.01s)
                --- PASS: TestChannelStore/MySQL/UpdateMultipleMembers/insert_members_correctly_(in_channel_with_channel_scheme)/channel_guest_explicit_and_explicit_custom_role (0.01s)
                --- PASS: TestChannelStore/MySQL/UpdateMultipleMembers/insert_members_correctly_(in_channel_with_channel_scheme)/channel_admin_implicit_and_explicit_custom_role (0.01s)
                --- PASS: TestChannelStore/MySQL/UpdateMultipleMembers/insert_members_correctly_(in_channel_with_channel_scheme)/channel_admin_explicit_and_explicit_custom_role (0.01s)
                --- PASS: TestChannelStore/MySQL/UpdateMultipleMembers/insert_members_correctly_(in_channel_with_channel_scheme)/channel_member_with_only_explicit_custom_roles (0.01s)
        --- PASS: TestChannelStore/MySQL/RemoveMember (0.05s)
            --- PASS: TestChannelStore/MySQL/RemoveMember/remove_member_from_not_existing_channel (0.01s)
            --- PASS: TestChannelStore/MySQL/RemoveMember/remove_not_existing_member_from_an_existing_channel (0.01s)
            --- PASS: TestChannelStore/MySQL/RemoveMember/remove_existing_member_from_an_existing_channel (0.02s)
        --- PASS: TestChannelStore/MySQL/RemoveMembers (0.07s)
            --- PASS: TestChannelStore/MySQL/RemoveMembers/remove_members_from_not_existing_channel (0.01s)
            --- PASS: TestChannelStore/MySQL/RemoveMembers/remove_not_existing_members_from_an_existing_channel (0.01s)
            --- PASS: TestChannelStore/MySQL/RemoveMembers/remove_not_existing_and_not_existing_members_from_an_existing_channel (0.02s)
            --- PASS: TestChannelStore/MySQL/RemoveMembers/remove_existing_members_from_an_existing_channel (0.02s)
        --- PASS: TestChannelStore/MySQL/ChannelDeleteMemberStore (0.06s)
        --- PASS: TestChannelStore/MySQL/GetChannels (0.09s)
        --- PASS: TestChannelStore/MySQL/GetAllChannels (0.16s)
        --- PASS: TestChannelStore/MySQL/GetMoreChannels (0.10s)
            --- PASS: TestChannelStore/MySQL/GetMoreChannels/only_o3_listed_in_more_channels (0.00s)
            --- PASS: TestChannelStore/MySQL/GetMoreChannels/both_o3_and_o6_listed_in_more_channels (0.00s)
            --- PASS: TestChannelStore/MySQL/GetMoreChannels/only_o3_listed_in_more_channels_with_offset_0,_limit_1 (0.00s)
            --- PASS: TestChannelStore/MySQL/GetMoreChannels/only_o6_listed_in_more_channels_with_offset_1,_limit_1 (0.00s)
            --- PASS: TestChannelStore/MySQL/GetMoreChannels/verify_analytics_for_open_channels (0.00s)
            --- PASS: TestChannelStore/MySQL/GetMoreChannels/verify_analytics_for_private_channels (0.00s)
        --- PASS: TestChannelStore/MySQL/GetPrivateChannelsForTeam (0.06s)
            --- PASS: TestChannelStore/MySQL/GetPrivateChannelsForTeam/only_p1_initially_listed_in_private_channels (0.00s)
            --- PASS: TestChannelStore/MySQL/GetPrivateChannelsForTeam/both_p1_and_p3_listed_in_private_channels (0.00s)
            --- PASS: TestChannelStore/MySQL/GetPrivateChannelsForTeam/only_p1_listed_in_private_channels_with_offset_0,_limit_1 (0.00s)
            --- PASS: TestChannelStore/MySQL/GetPrivateChannelsForTeam/only_p3_listed_in_private_channels_with_offset_1,_limit_1 (0.00s)
            --- PASS: TestChannelStore/MySQL/GetPrivateChannelsForTeam/verify_analytics_for_private_channels (0.00s)
            --- PASS: TestChannelStore/MySQL/GetPrivateChannelsForTeam/verify_analytics_for_open_open_channels (0.00s)
        --- PASS: TestChannelStore/MySQL/GetPublicChannelsForTeam (0.06s)
            --- PASS: TestChannelStore/MySQL/GetPublicChannelsForTeam/only_o1_initially_listed_in_public_channels (0.00s)
            --- PASS: TestChannelStore/MySQL/GetPublicChannelsForTeam/both_o1_and_o4_listed_in_public_channels (0.00s)
            --- PASS: TestChannelStore/MySQL/GetPublicChannelsForTeam/only_o1_listed_in_public_channels_with_offset_0,_limit_1 (0.00s)
            --- PASS: TestChannelStore/MySQL/GetPublicChannelsForTeam/only_o4_listed_in_public_channels_with_offset_1,_limit_1 (0.00s)
            --- PASS: TestChannelStore/MySQL/GetPublicChannelsForTeam/verify_analytics_for_open_channels (0.00s)
            --- PASS: TestChannelStore/MySQL/GetPublicChannelsForTeam/verify_analytics_for_private_channels (0.00s)
        --- PASS: TestChannelStore/MySQL/GetPublicChannelsByIdsForTeam (0.05s)
            --- PASS: TestChannelStore/MySQL/GetPublicChannelsByIdsForTeam/oc1_by_itself_should_be_found_as_a_public_channel_in_the_team (0.00s)
            --- PASS: TestChannelStore/MySQL/GetPublicChannelsByIdsForTeam/only_oc1,_among_others,_should_be_found_as_a_public_channel_in_the_team (0.00s)
            --- PASS: TestChannelStore/MySQL/GetPublicChannelsByIdsForTeam/only_oc1_and_oc4,_among_others,_should_be_found_as_a_public_channel_in_the_team (0.00s)
            --- PASS: TestChannelStore/MySQL/GetPublicChannelsByIdsForTeam/random_channel_id_should_not_be_found_as_a_public_channel_in_the_team (0.00s)
        --- PASS: TestChannelStore/MySQL/GetChannelCounts (0.05s)
        --- PASS: TestChannelStore/MySQL/GetMembersForUser (0.12s)
            --- PASS: TestChannelStore/MySQL/GetMembersForUser/with_channels (0.00s)
            --- PASS: TestChannelStore/MySQL/GetMembersForUser/with_channels_and_direct_messages (0.04s)
            --- PASS: TestChannelStore/MySQL/GetMembersForUser/with_channels,_direct_channels_and_group_messages (0.04s)
        --- PASS: TestChannelStore/MySQL/GetMembersForUserWithPagination (0.04s)
        --- PASS: TestChannelStore/MySQL/CountPostsAfter (0.11s)
            --- PASS: TestChannelStore/MySQL/CountPostsAfter/should_count_all_posts_with_or_without_the_given_user_ID (0.03s)
            --- PASS: TestChannelStore/MySQL/CountPostsAfter/should_not_count_deleted_posts (0.02s)
            --- PASS: TestChannelStore/MySQL/CountPostsAfter/should_count_system/bot_messages,_but_not_join/leave_messages (0.05s)
        --- PASS: TestChannelStore/MySQL/UpdateLastViewedAt (0.05s)
        --- PASS: TestChannelStore/MySQL/IncrementMentionCount (0.03s)
        --- PASS: TestChannelStore/MySQL/UpdateChannelMember (0.02s)
        --- PASS: TestChannelStore/MySQL/GetMember (0.04s)
        --- PASS: TestChannelStore/MySQL/GetMemberForPost (0.03s)
        --- PASS: TestChannelStore/MySQL/GetMemberCount (0.09s)
        --- PASS: TestChannelStore/MySQL/GetMemberCountsByGroup (0.42s)
            --- PASS: TestChannelStore/MySQL/GetMemberCountsByGroup/empty_slice_for_channel_with_no_groups (0.00s)
            --- PASS: TestChannelStore/MySQL/GetMemberCountsByGroup/returns_memberCountsByGroup_without_timezones (0.00s)
            --- PASS: TestChannelStore/MySQL/GetMemberCountsByGroup/returns_memberCountsByGroup_with_timezones_when_no_timezones_set (0.00s)
            --- PASS: TestChannelStore/MySQL/GetMemberCountsByGroup/returns_memberCountsByGroup_for_multiple_groups_with_lots_of_users_without_timezones (0.00s)
            --- PASS: TestChannelStore/MySQL/GetMemberCountsByGroup/returns_memberCountsByGroup_for_multiple_groups_with_lots_of_users_with_timezones (0.00s)
        --- PASS: TestChannelStore/MySQL/GetGuestCount (0.09s)
            --- PASS: TestChannelStore/MySQL/GetGuestCount/Regular_member_doesn't_count (0.02s)
            --- PASS: TestChannelStore/MySQL/GetGuestCount/Guest_member_does_count (0.02s)
            --- PASS: TestChannelStore/MySQL/GetGuestCount/make_sure_members_of_other_channels_aren't_counted (0.02s)
            --- PASS: TestChannelStore/MySQL/GetGuestCount/make_sure_inactive_users_aren't_counted (0.02s)
        --- PASS: TestChannelStore/MySQL/SearchMore (0.11s)
            --- PASS: TestChannelStore/MySQL/SearchMore/three_public_channels_matching_'ChannelA',_but_already_a_member_of_one_and_one_deleted (0.00s)
            --- PASS: TestChannelStore/MySQL/SearchMore/one_public_channels,_but_already_a_member (0.00s)
            --- PASS: TestChannelStore/MySQL/SearchMore/three_matching_channels,_but_only_two_public (0.00s)
            --- PASS: TestChannelStore/MySQL/SearchMore/one_channel_matching_'off-topic' (0.00s)
            --- PASS: TestChannelStore/MySQL/SearchMore/search_purpose (0.00s)
        --- PASS: TestChannelStore/MySQL/SearchInTeam (0.20s)
            --- PASS: TestChannelStore/MySQL/SearchInTeam/SearchInTeam/ChannelA (0.00s)
            --- PASS: TestChannelStore/MySQL/SearchInTeam/SearchInTeam/ChannelA,_include_deleted (0.00s)
            --- PASS: TestChannelStore/MySQL/SearchInTeam/SearchInTeam/ChannelA,_other_team (0.00s)
            --- PASS: TestChannelStore/MySQL/SearchInTeam/SearchInTeam/empty_string (0.00s)
            --- PASS: TestChannelStore/MySQL/SearchInTeam/SearchInTeam/no_matches (0.00s)
            --- PASS: TestChannelStore/MySQL/SearchInTeam/SearchInTeam/prefix (0.00s)
            --- PASS: TestChannelStore/MySQL/SearchInTeam/SearchInTeam/full_match_with_dash (0.00s)
            --- PASS: TestChannelStore/MySQL/SearchInTeam/SearchInTeam/town_square (0.00s)
            --- PASS: TestChannelStore/MySQL/SearchInTeam/SearchInTeam/the_in_name (0.00s)
            --- PASS: TestChannelStore/MySQL/SearchInTeam/SearchInTeam/Mobile (0.00s)
            --- PASS: TestChannelStore/MySQL/SearchInTeam/SearchInTeam/search_purpose (0.00s)
            --- PASS: TestChannelStore/MySQL/SearchInTeam/SearchInTeam/pipe_ignored (0.00s)
            --- PASS: TestChannelStore/MySQL/SearchInTeam/AutocompleteInTeam/ChannelA (0.00s)
            --- PASS: TestChannelStore/MySQL/SearchInTeam/AutocompleteInTeam/ChannelA,_include_deleted (0.00s)
            --- PASS: TestChannelStore/MySQL/SearchInTeam/AutocompleteInTeam/ChannelA,_other_team (0.00s)
            --- PASS: TestChannelStore/MySQL/SearchInTeam/AutocompleteInTeam/empty_string (0.00s)
            --- PASS: TestChannelStore/MySQL/SearchInTeam/AutocompleteInTeam/no_matches (0.00s)
            --- PASS: TestChannelStore/MySQL/SearchInTeam/AutocompleteInTeam/prefix (0.00s)
            --- PASS: TestChannelStore/MySQL/SearchInTeam/AutocompleteInTeam/full_match_with_dash (0.00s)
            --- PASS: TestChannelStore/MySQL/SearchInTeam/AutocompleteInTeam/town_square (0.00s)
            --- PASS: TestChannelStore/MySQL/SearchInTeam/AutocompleteInTeam/the_in_name (0.00s)
            --- PASS: TestChannelStore/MySQL/SearchInTeam/AutocompleteInTeam/Mobile (0.00s)
            --- PASS: TestChannelStore/MySQL/SearchInTeam/AutocompleteInTeam/search_purpose (0.00s)
            --- PASS: TestChannelStore/MySQL/SearchInTeam/AutocompleteInTeam/pipe_ignored (0.00s)
        --- PASS: TestChannelStore/MySQL/SearchArchivedInTeam (0.02s)
            --- PASS: TestChannelStore/MySQL/SearchArchivedInTeam/empty_result (0.00s)
            --- PASS: TestChannelStore/MySQL/SearchArchivedInTeam/error (0.01s)
        --- PASS: TestChannelStore/MySQL/SearchForUserInTeam (0.10s)
            --- PASS: TestChannelStore/MySQL/SearchForUserInTeam/Search_for_test,_get_channels_1_and_2 (0.00s)
            --- PASS: TestChannelStore/MySQL/SearchForUserInTeam/Search_for_dev,_get_channels_1,_2_and_3 (0.00s)
            --- PASS: TestChannelStore/MySQL/SearchForUserInTeam/After_adding_user_to_channel_4,_search_for_dev,_get_channels_1,_2,_3_and_4 (0.01s)
            --- PASS: TestChannelStore/MySQL/SearchForUserInTeam/Mark_channel_1_as_deleted,_search_for_dev,_get_channels_2,_3_and_4 (0.01s)
            --- PASS: TestChannelStore/MySQL/SearchForUserInTeam/With_includeDeleted,_search_for_dev,_get_channels_1,_2,_3_and_4 (0.00s)
        --- PASS: TestChannelStore/MySQL/SearchAllChannels (0.30s)
            --- PASS: TestChannelStore/MySQL/SearchAllChannels/Search_FooBar_by_display_name (0.00s)
            --- PASS: TestChannelStore/MySQL/SearchAllChannels/Search_FooBar_by_display_name2 (0.00s)
            --- PASS: TestChannelStore/MySQL/SearchAllChannels/Search_FooBar_by_display_name3 (0.00s)
            --- PASS: TestChannelStore/MySQL/SearchAllChannels/Search_FooBar_by_name (0.00s)
            --- PASS: TestChannelStore/MySQL/SearchAllChannels/Search_FooBar_by_name2 (0.00s)
            --- PASS: TestChannelStore/MySQL/SearchAllChannels/ChannelA (0.01s)
            --- PASS: TestChannelStore/MySQL/SearchAllChannels/ChannelA,_include_deleted (0.00s)
            --- PASS: TestChannelStore/MySQL/SearchAllChannels/empty_string (0.00s)
            --- PASS: TestChannelStore/MySQL/SearchAllChannels/no_matches (0.00s)
            --- PASS: TestChannelStore/MySQL/SearchAllChannels/prefix (0.00s)
            --- PASS: TestChannelStore/MySQL/SearchAllChannels/full_match_with_dash (0.01s)
            --- PASS: TestChannelStore/MySQL/SearchAllChannels/town_square (0.00s)
            --- PASS: TestChannelStore/MySQL/SearchAllChannels/that_in_name (0.00s)
            --- PASS: TestChannelStore/MySQL/SearchAllChannels/Mobile (0.00s)
            --- PASS: TestChannelStore/MySQL/SearchAllChannels/search_purpose (0.00s)
            --- PASS: TestChannelStore/MySQL/SearchAllChannels/pipe_ignored (0.00s)
            --- PASS: TestChannelStore/MySQL/SearchAllChannels/exclude_defaults_search_'off' (0.00s)
            --- PASS: TestChannelStore/MySQL/SearchAllChannels/exclude_defaults_search_'town' (0.00s)
            --- PASS: TestChannelStore/MySQL/SearchAllChannels/exclude_by_group_association (0.00s)
            --- PASS: TestChannelStore/MySQL/SearchAllChannels/paginate_includes_count (0.00s)
            --- PASS: TestChannelStore/MySQL/SearchAllChannels/paginate,_page_2_correct_entries_and_count (0.01s)
            --- PASS: TestChannelStore/MySQL/SearchAllChannels/Filter_private (0.00s)
            --- PASS: TestChannelStore/MySQL/SearchAllChannels/Filter_public (0.00s)
            --- PASS: TestChannelStore/MySQL/SearchAllChannels/Filter_public_and_private (0.01s)
            --- PASS: TestChannelStore/MySQL/SearchAllChannels/Filter_public_and_private_and_include_deleted (0.00s)
            --- PASS: TestChannelStore/MySQL/SearchAllChannels/Filter_group_constrained (0.01s)
            --- PASS: TestChannelStore/MySQL/SearchAllChannels/Filter_exclude_group_constrained_and_include_deleted (0.00s)
            --- PASS: TestChannelStore/MySQL/SearchAllChannels/Filter_private_and_exclude_group_constrained (0.00s)
            --- PASS: TestChannelStore/MySQL/SearchAllChannels/Filter_team_2 (0.00s)
            --- PASS: TestChannelStore/MySQL/SearchAllChannels/Filter_team_2,_private (0.00s)
            --- PASS: TestChannelStore/MySQL/SearchAllChannels/Filter_team_1_and_team_2,_private (0.00s)
            --- PASS: TestChannelStore/MySQL/SearchAllChannels/Filter_team_1_and_team_2,_public_and_private (0.00s)
            --- PASS: TestChannelStore/MySQL/SearchAllChannels/Filter_team_1_and_team_2,_public_and_private_and_group_constrained (0.00s)
            --- PASS: TestChannelStore/MySQL/SearchAllChannels/Filter_team_1_and_team_2,_public_and_private_and_exclude_group_constrained (0.00s)
            --- PASS: TestChannelStore/MySQL/SearchAllChannels/Filter_deleted_returns_only_deleted_channels (0.01s)
        --- PASS: TestChannelStore/MySQL/GetMembersByIds (0.03s)
        --- PASS: TestChannelStore/MySQL/GetMembersByChannelIds (0.04s)
            --- PASS: TestChannelStore/MySQL/GetMembersByChannelIds/should_return_the_user's_members_for_the_given_channels (0.00s)
            --- PASS: TestChannelStore/MySQL/GetMembersByChannelIds/should_not_error_or_return_anything_for_invalid_channel_IDs (0.00s)
            --- PASS: TestChannelStore/MySQL/GetMembersByChannelIds/should_not_error_or_return_anything_for_invalid_user_IDs (0.00s)
        --- PASS: TestChannelStore/MySQL/SearchGroupChannels (0.15s)
            --- PASS: TestChannelStore/MySQL/SearchGroupChannels/Get_all_group_channels_for_user1 (0.00s)
            --- PASS: TestChannelStore/MySQL/SearchGroupChannels/Get_group_channels_for_user1_and_term_'three' (0.00s)
            --- PASS: TestChannelStore/MySQL/SearchGroupChannels/Get_group_channels_for_user1_and_term_'four_two' (0.00s)
            --- PASS: TestChannelStore/MySQL/SearchGroupChannels/Get_all_group_channels_for_user2 (0.00s)
            --- PASS: TestChannelStore/MySQL/SearchGroupChannels/Get_group_channels_for_user2_and_term_'four' (0.00s)
            --- PASS: TestChannelStore/MySQL/SearchGroupChannels/Get_all_group_channels_for_user4 (0.00s)
            --- PASS: TestChannelStore/MySQL/SearchGroupChannels/Get_group_channels_for_user4_and_term_'one_five' (0.00s)
        --- PASS: TestChannelStore/MySQL/AnalyticsDeletedTypeCount (0.08s)
        --- PASS: TestChannelStore/MySQL/GetPinnedPosts (0.07s)
            --- PASS: TestChannelStore/MySQL/GetPinnedPosts/with_correct_ReplyCount (0.04s)
        --- PASS: TestChannelStore/MySQL/GetPinnedPostCount (0.05s)
        --- PASS: TestChannelStore/MySQL/MaxChannelsPerTeam (0.01s)
        --- PASS: TestChannelStore/MySQL/GetChannelsByScheme (0.05s)
        --- PASS: TestChannelStore/MySQL/MigrateChannelMembers (0.32s)
        --- PASS: TestChannelStore/MySQL/ResetAllChannelSchemes (0.04s)
        --- PASS: TestChannelStore/MySQL/ClearAllCustomRoleAssignments (0.07s)
        --- PASS: TestChannelStore/MySQL/MaterializedPublicChannels (0.08s)
            --- PASS: TestChannelStore/MySQL/MaterializedPublicChannels/o1_and_o2_initially_listed_in_public_channels (0.00s)
            --- PASS: TestChannelStore/MySQL/MaterializedPublicChannels/o1_still_listed_in_public_channels_when_marked_as_deleted (0.00s)
            --- PASS: TestChannelStore/MySQL/MaterializedPublicChannels/o1_no_longer_listed_in_public_channels_when_permanently_deleted (0.00s)
            --- PASS: TestChannelStore/MySQL/MaterializedPublicChannels/o2_no_longer_listed_since_now_private (0.00s)
            --- PASS: TestChannelStore/MySQL/MaterializedPublicChannels/o2_listed_once_again_since_now_public (0.00s)
            --- PASS: TestChannelStore/MySQL/MaterializedPublicChannels/verify_o3_INSERT_converted_to_UPDATE (0.00s)
            --- PASS: TestChannelStore/MySQL/MaterializedPublicChannels/verify_o4_UPDATE_converted_to_INSERT (0.00s)
        --- PASS: TestChannelStore/MySQL/GetAllChannelsForExportAfter (0.01s)
        --- PASS: TestChannelStore/MySQL/GetChannelMembersForExport (0.04s)
        --- PASS: TestChannelStore/MySQL/RemoveAllDeactivatedMembers (0.12s)
        --- PASS: TestChannelStore/MySQL/ExportAllDirectChannels (0.10s)
        --- PASS: TestChannelStore/MySQL/ExportAllDirectChannelsExcludePrivateAndPublic (0.11s)
        --- PASS: TestChannelStore/MySQL/ExportAllDirectChannelsDeletedChannel (0.10s)
        --- PASS: TestChannelStore/MySQL/GetChannelsBatchForIndexing (0.09s)
        --- PASS: TestChannelStore/MySQL/GroupSyncedChannelCount (0.04s)
        --- PASS: TestChannelStore/MySQL/CreateInitialSidebarCategories (0.40s)
            --- PASS: TestChannelStore/MySQL/CreateInitialSidebarCategories/should_create_initial_favorites/channels/DMs_categories (0.02s)
            --- PASS: TestChannelStore/MySQL/CreateInitialSidebarCategories/should_create_initial_favorites/channels/DMs_categories_for_multiple_users (0.03s)
            --- PASS: TestChannelStore/MySQL/CreateInitialSidebarCategories/should_create_initial_favorites/channels/DMs_categories_on_different_teams (0.04s)
            --- PASS: TestChannelStore/MySQL/CreateInitialSidebarCategories/shouldn't_create_additional_categories_when_ones_already_exist (0.04s)
            --- PASS: TestChannelStore/MySQL/CreateInitialSidebarCategories/shouldn't_create_additional_categories_when_ones_already_exist_even_when_ran_simultaneously (0.03s)
            --- PASS: TestChannelStore/MySQL/CreateInitialSidebarCategories/should_populate_the_Favorites_category_with_regular_channels (0.07s)
            --- PASS: TestChannelStore/MySQL/CreateInitialSidebarCategories/should_populate_the_Favorites_category_in_alphabetical_order (0.08s)
            --- PASS: TestChannelStore/MySQL/CreateInitialSidebarCategories/should_populate_the_Favorites_category_with_DMs_and_GMs (0.06s)
            --- PASS: TestChannelStore/MySQL/CreateInitialSidebarCategories/should_not_populate_the_Favorites_category_with_channels_from_other_teams (0.05s)
        --- PASS: TestChannelStore/MySQL/CreateSidebarCategory (0.27s)
            --- PASS: TestChannelStore/MySQL/CreateSidebarCategory/should_place_the_new_category_second_if_Favorites_comes_first (0.04s)
            --- PASS: TestChannelStore/MySQL/CreateSidebarCategory/should_place_the_new_category_first_if_Favorites_is_not_first (0.06s)
            --- PASS: TestChannelStore/MySQL/CreateSidebarCategory/should_create_the_category_with_its_channels (0.06s)
            --- PASS: TestChannelStore/MySQL/CreateSidebarCategory/should_remove_any_channels_from_their_previous_categories (0.11s)
        --- PASS: TestChannelStore/MySQL/GetSidebarCategory (0.37s)
            --- PASS: TestChannelStore/MySQL/GetSidebarCategory/should_return_a_custom_category_with_its_Channels_field_set (0.04s)
            --- PASS: TestChannelStore/MySQL/GetSidebarCategory/should_return_any_orphaned_channels_with_the_Channels_category (0.06s)
            --- PASS: TestChannelStore/MySQL/GetSidebarCategory/shouldn't_return_orphaned_channels_on_another_team_with_the_Channels_category (0.04s)
            --- PASS: TestChannelStore/MySQL/GetSidebarCategory/shouldn't_return_non-orphaned_channels_with_the_Channels_category (0.07s)
            --- PASS: TestChannelStore/MySQL/GetSidebarCategory/should_return_any_orphaned_DM_channels_with_the_Direct_Messages_category (0.04s)
            --- PASS: TestChannelStore/MySQL/GetSidebarCategory/should_return_any_orphaned_GM_channels_with_the_Direct_Messages_category (0.04s)
            --- PASS: TestChannelStore/MySQL/GetSidebarCategory/should_return_orphaned_DM_channels_in_the_DMs_categorywhich_are_in_a_custom_category_on_another_team (0.07s)
        --- PASS: TestChannelStore/MySQL/GetSidebarCategories (0.05s)
            --- PASS: TestChannelStore/MySQL/GetSidebarCategories/should_return_channels_in_the_same_order_between_different_ways_of_getting_categories (0.05s)
        --- PASS: TestChannelStore/MySQL/UpdateSidebarCategories (1.12s)
            --- PASS: TestChannelStore/MySQL/UpdateSidebarCategories/ensure_the_query_to_update_SidebarCategories_hasn't_been_polluted_by_UpdateSidebarCategoryOrder (0.05s)
            --- PASS: TestChannelStore/MySQL/UpdateSidebarCategories/categories_should_be_returned_in_their_original_order (0.06s)
            --- PASS: TestChannelStore/MySQL/UpdateSidebarCategories/should_silently_fail_to_update_read_only_fields (0.09s)
            --- PASS: TestChannelStore/MySQL/UpdateSidebarCategories/should_add_and_remove_favorites_preferences_based_on_the_Favorites_category (0.08s)
            --- PASS: TestChannelStore/MySQL/UpdateSidebarCategories/should_add_and_remove_favorites_preferences_for_DMs (0.07s)
            --- PASS: TestChannelStore/MySQL/UpdateSidebarCategories/should_add_and_remove_favorites_preferences,_even_if_the_channel_is_already_favorited_in_preferences (0.12s)
            --- PASS: TestChannelStore/MySQL/UpdateSidebarCategories/should_not_affect_other_users'_favorites_preferences (0.20s)
            --- PASS: TestChannelStore/MySQL/UpdateSidebarCategories/channels_removed_from_Channels_or_DMs_categories_should_be_re-added (0.08s)
            --- PASS: TestChannelStore/MySQL/UpdateSidebarCategories/should_be_able_to_move_DMs_into_and_out_of_custom_categories (0.14s)
            --- PASS: TestChannelStore/MySQL/UpdateSidebarCategories/should_successfully_move_channels_between_categories (0.13s)
            --- PASS: TestChannelStore/MySQL/UpdateSidebarCategories/should_correctly_return_the_original_categories_that_were_modified (0.10s)
        --- PASS: TestChannelStore/MySQL/DeleteSidebarCategory (0.25s)
            --- PASS: TestChannelStore/MySQL/DeleteSidebarCategory/should_correctly_remove_an_empty_category (0.07s)
            --- PASS: TestChannelStore/MySQL/DeleteSidebarCategory/should_correctly_remove_a_category_and_its_channels (0.13s)
            --- PASS: TestChannelStore/MySQL/DeleteSidebarCategory/should_not_allow_you_to_remove_non-custom_categories (0.04s)
        --- PASS: TestChannelStore/MySQL/UpdateSidebarChannelsByPreferences (0.05s)
            --- PASS: TestChannelStore/MySQL/UpdateSidebarChannelsByPreferences/Should_be_able_to_update_sidebar_channels (0.03s)
            --- PASS: TestChannelStore/MySQL/UpdateSidebarChannelsByPreferences/Should_not_panic_if_channel_is_not_found (0.02s)
    --- PASS: TestChannelStore/PostgreSQL (9.38s)
        --- PASS: TestChannelStore/PostgreSQL/Save (0.04s)
        --- PASS: TestChannelStore/PostgreSQL/SaveDirectChannel (0.05s)
        --- PASS: TestChannelStore/PostgreSQL/CreateDirectChannel (0.04s)
        --- PASS: TestChannelStore/PostgreSQL/Update (0.15s)
        --- PASS: TestChannelStore/PostgreSQL/GetChannelUnread (0.05s)
        --- PASS: TestChannelStore/PostgreSQL/Get (0.05s)
        --- PASS: TestChannelStore/PostgreSQL/GetChannelsByIds (0.05s)
            --- PASS: TestChannelStore/PostgreSQL/GetChannelsByIds/Get_2_existing_channels (0.00s)
            --- PASS: TestChannelStore/PostgreSQL/GetChannelsByIds/Get_1_existing_and_1_not_existing_channel (0.00s)
            --- PASS: TestChannelStore/PostgreSQL/GetChannelsByIds/Get_2_existing_and_1_deleted_channel (0.00s)
        --- PASS: TestChannelStore/PostgreSQL/GetForPost (0.02s)
        --- PASS: TestChannelStore/PostgreSQL/Restore (0.02s)
        --- PASS: TestChannelStore/PostgreSQL/Delete (0.08s)
        --- PASS: TestChannelStore/PostgreSQL/GetByName (0.03s)
        --- PASS: TestChannelStore/PostgreSQL/GetByNames (0.04s)
        --- PASS: TestChannelStore/PostgreSQL/GetDeletedByName (0.02s)
        --- PASS: TestChannelStore/PostgreSQL/GetDeleted (0.05s)
        --- PASS: TestChannelStore/PostgreSQL/ChannelMemberStore (0.09s)
        --- PASS: TestChannelStore/PostgreSQL/SaveMember (0.63s)
            --- PASS: TestChannelStore/PostgreSQL/SaveMember/not_valid_channel_member (0.00s)
            --- PASS: TestChannelStore/PostgreSQL/SaveMember/duplicated_entries_should_fail (0.02s)
            --- PASS: TestChannelStore/PostgreSQL/SaveMember/insert_member_correctly_(in_channel_without_channel_scheme_and_team_without_scheme) (0.19s)
                --- PASS: TestChannelStore/PostgreSQL/SaveMember/insert_member_correctly_(in_channel_without_channel_scheme_and_team_without_scheme)/channel_user_implicit (0.01s)
                --- PASS: TestChannelStore/PostgreSQL/SaveMember/insert_member_correctly_(in_channel_without_channel_scheme_and_team_without_scheme)/channel_user_explicit (0.02s)
                --- PASS: TestChannelStore/PostgreSQL/SaveMember/insert_member_correctly_(in_channel_without_channel_scheme_and_team_without_scheme)/channel_guest_implicit (0.01s)
                --- PASS: TestChannelStore/PostgreSQL/SaveMember/insert_member_correctly_(in_channel_without_channel_scheme_and_team_without_scheme)/channel_guest_explicit (0.01s)
                --- PASS: TestChannelStore/PostgreSQL/SaveMember/insert_member_correctly_(in_channel_without_channel_scheme_and_team_without_scheme)/channel_admin_implicit (0.01s)
                --- PASS: TestChannelStore/PostgreSQL/SaveMember/insert_member_correctly_(in_channel_without_channel_scheme_and_team_without_scheme)/channel_admin_explicit (0.01s)
                --- PASS: TestChannelStore/PostgreSQL/SaveMember/insert_member_correctly_(in_channel_without_channel_scheme_and_team_without_scheme)/channel_user_implicit_and_explicit_custom_role (0.01s)
                --- PASS: TestChannelStore/PostgreSQL/SaveMember/insert_member_correctly_(in_channel_without_channel_scheme_and_team_without_scheme)/channel_user_explicit_and_explicit_custom_role (0.01s)
                --- PASS: TestChannelStore/PostgreSQL/SaveMember/insert_member_correctly_(in_channel_without_channel_scheme_and_team_without_scheme)/channel_guest_implicit_and_explicit_custom_role (0.01s)
                --- PASS: TestChannelStore/PostgreSQL/SaveMember/insert_member_correctly_(in_channel_without_channel_scheme_and_team_without_scheme)/channel_guest_explicit_and_explicit_custom_role (0.01s)
                --- PASS: TestChannelStore/PostgreSQL/SaveMember/insert_member_correctly_(in_channel_without_channel_scheme_and_team_without_scheme)/channel_admin_implicit_and_explicit_custom_role (0.01s)
                --- PASS: TestChannelStore/PostgreSQL/SaveMember/insert_member_correctly_(in_channel_without_channel_scheme_and_team_without_scheme)/channel_admin_explicit_and_explicit_custom_role (0.01s)
                --- PASS: TestChannelStore/PostgreSQL/SaveMember/insert_member_correctly_(in_channel_without_channel_scheme_and_team_without_scheme)/channel_member_with_only_explicit_custom_roles (0.01s)
            --- PASS: TestChannelStore/PostgreSQL/SaveMember/insert_member_correctly_(in_channel_without_scheme_and_team_with_scheme) (0.21s)
                --- PASS: TestChannelStore/PostgreSQL/SaveMember/insert_member_correctly_(in_channel_without_scheme_and_team_with_scheme)/channel_user_implicit (0.01s)
                --- PASS: TestChannelStore/PostgreSQL/SaveMember/insert_member_correctly_(in_channel_without_scheme_and_team_with_scheme)/channel_user_explicit (0.01s)
                --- PASS: TestChannelStore/PostgreSQL/SaveMember/insert_member_correctly_(in_channel_without_scheme_and_team_with_scheme)/channel_guest_implicit (0.01s)
                --- PASS: TestChannelStore/PostgreSQL/SaveMember/insert_member_correctly_(in_channel_without_scheme_and_team_with_scheme)/channel_guest_explicit (0.01s)
                --- PASS: TestChannelStore/PostgreSQL/SaveMember/insert_member_correctly_(in_channel_without_scheme_and_team_with_scheme)/channel_admin_implicit (0.01s)
                --- PASS: TestChannelStore/PostgreSQL/SaveMember/insert_member_correctly_(in_channel_without_scheme_and_team_with_scheme)/channel_admin_explicit (0.01s)
                --- PASS: TestChannelStore/PostgreSQL/SaveMember/insert_member_correctly_(in_channel_without_scheme_and_team_with_scheme)/channel_user_implicit_and_explicit_custom_role (0.01s)
                --- PASS: TestChannelStore/PostgreSQL/SaveMember/insert_member_correctly_(in_channel_without_scheme_and_team_with_scheme)/channel_user_explicit_and_explicit_custom_role (0.01s)
                --- PASS: TestChannelStore/PostgreSQL/SaveMember/insert_member_correctly_(in_channel_without_scheme_and_team_with_scheme)/channel_guest_implicit_and_explicit_custom_role (0.01s)
                --- PASS: TestChannelStore/PostgreSQL/SaveMember/insert_member_correctly_(in_channel_without_scheme_and_team_with_scheme)/channel_guest_explicit_and_explicit_custom_role (0.01s)
                --- PASS: TestChannelStore/PostgreSQL/SaveMember/insert_member_correctly_(in_channel_without_scheme_and_team_with_scheme)/channel_admin_implicit_and_explicit_custom_role (0.01s)
                --- PASS: TestChannelStore/PostgreSQL/SaveMember/insert_member_correctly_(in_channel_without_scheme_and_team_with_scheme)/channel_admin_explicit_and_explicit_custom_role (0.01s)
                --- PASS: TestChannelStore/PostgreSQL/SaveMember/insert_member_correctly_(in_channel_without_scheme_and_team_with_scheme)/channel_member_with_only_explicit_custom_roles (0.01s)
            --- PASS: TestChannelStore/PostgreSQL/SaveMember/insert_member_correctly_(in_channel_with_channel_scheme) (0.20s)
                --- PASS: TestChannelStore/PostgreSQL/SaveMember/insert_member_correctly_(in_channel_with_channel_scheme)/channel_user_implicit (0.01s)
                --- PASS: TestChannelStore/PostgreSQL/SaveMember/insert_member_correctly_(in_channel_with_channel_scheme)/channel_user_explicit (0.01s)
                --- PASS: TestChannelStore/PostgreSQL/SaveMember/insert_member_correctly_(in_channel_with_channel_scheme)/channel_guest_implicit (0.01s)
                --- PASS: TestChannelStore/PostgreSQL/SaveMember/insert_member_correctly_(in_channel_with_channel_scheme)/channel_guest_explicit (0.01s)
                --- PASS: TestChannelStore/PostgreSQL/SaveMember/insert_member_correctly_(in_channel_with_channel_scheme)/channel_admin_implicit (0.01s)
                --- PASS: TestChannelStore/PostgreSQL/SaveMember/insert_member_correctly_(in_channel_with_channel_scheme)/channel_admin_explicit (0.01s)
                --- PASS: TestChannelStore/PostgreSQL/SaveMember/insert_member_correctly_(in_channel_with_channel_scheme)/channel_user_implicit_and_explicit_custom_role (0.01s)
                --- PASS: TestChannelStore/PostgreSQL/SaveMember/insert_member_correctly_(in_channel_with_channel_scheme)/channel_user_explicit_and_explicit_custom_role (0.01s)
                --- PASS: TestChannelStore/PostgreSQL/SaveMember/insert_member_correctly_(in_channel_with_channel_scheme)/channel_guest_implicit_and_explicit_custom_role (0.01s)
                --- PASS: TestChannelStore/PostgreSQL/SaveMember/insert_member_correctly_(in_channel_with_channel_scheme)/channel_guest_explicit_and_explicit_custom_role (0.01s)
                --- PASS: TestChannelStore/PostgreSQL/SaveMember/insert_member_correctly_(in_channel_with_channel_scheme)/channel_admin_implicit_and_explicit_custom_role (0.01s)
                --- PASS: TestChannelStore/PostgreSQL/SaveMember/insert_member_correctly_(in_channel_with_channel_scheme)/channel_admin_explicit_and_explicit_custom_role (0.01s)
                --- PASS: TestChannelStore/PostgreSQL/SaveMember/insert_member_correctly_(in_channel_with_channel_scheme)/channel_member_with_only_explicit_custom_roles (0.01s)
        --- PASS: TestChannelStore/PostgreSQL/SaveMultipleMembers (0.77s)
            --- PASS: TestChannelStore/PostgreSQL/SaveMultipleMembers/any_not_valid_channel_member (0.00s)
            --- PASS: TestChannelStore/PostgreSQL/SaveMultipleMembers/duplicated_entries_should_fail (0.01s)
            --- PASS: TestChannelStore/PostgreSQL/SaveMultipleMembers/insert_members_correctly_(in_channel_without_channel_scheme_and_team_without_scheme) (0.26s)
                --- PASS: TestChannelStore/PostgreSQL/SaveMultipleMembers/insert_members_correctly_(in_channel_without_channel_scheme_and_team_without_scheme)/channel_user_implicit (0.02s)
                --- PASS: TestChannelStore/PostgreSQL/SaveMultipleMembers/insert_members_correctly_(in_channel_without_channel_scheme_and_team_without_scheme)/channel_user_explicit (0.02s)
                --- PASS: TestChannelStore/PostgreSQL/SaveMultipleMembers/insert_members_correctly_(in_channel_without_channel_scheme_and_team_without_scheme)/channel_guest_implicit (0.02s)
                --- PASS: TestChannelStore/PostgreSQL/SaveMultipleMembers/insert_members_correctly_(in_channel_without_channel_scheme_and_team_without_scheme)/channel_guest_explicit (0.02s)
                --- PASS: TestChannelStore/PostgreSQL/SaveMultipleMembers/insert_members_correctly_(in_channel_without_channel_scheme_and_team_without_scheme)/channel_admin_implicit (0.02s)
                --- PASS: TestChannelStore/PostgreSQL/SaveMultipleMembers/insert_members_correctly_(in_channel_without_channel_scheme_and_team_without_scheme)/channel_admin_explicit (0.02s)
                --- PASS: TestChannelStore/PostgreSQL/SaveMultipleMembers/insert_members_correctly_(in_channel_without_channel_scheme_and_team_without_scheme)/channel_user_implicit_and_explicit_custom_role (0.02s)
                --- PASS: TestChannelStore/PostgreSQL/SaveMultipleMembers/insert_members_correctly_(in_channel_without_channel_scheme_and_team_without_scheme)/channel_user_explicit_and_explicit_custom_role (0.02s)
                --- PASS: TestChannelStore/PostgreSQL/SaveMultipleMembers/insert_members_correctly_(in_channel_without_channel_scheme_and_team_without_scheme)/channel_guest_implicit_and_explicit_custom_role (0.02s)
                --- PASS: TestChannelStore/PostgreSQL/SaveMultipleMembers/insert_members_correctly_(in_channel_without_channel_scheme_and_team_without_scheme)/channel_guest_explicit_and_explicit_custom_role (0.02s)
                --- PASS: TestChannelStore/PostgreSQL/SaveMultipleMembers/insert_members_correctly_(in_channel_without_channel_scheme_and_team_without_scheme)/channel_admin_implicit_and_explicit_custom_role (0.02s)
                --- PASS: TestChannelStore/PostgreSQL/SaveMultipleMembers/insert_members_correctly_(in_channel_without_channel_scheme_and_team_without_scheme)/channel_admin_explicit_and_explicit_custom_role (0.03s)
                --- PASS: TestChannelStore/PostgreSQL/SaveMultipleMembers/insert_members_correctly_(in_channel_without_channel_scheme_and_team_without_scheme)/channel_member_with_only_explicit_custom_roles (0.02s)
            --- PASS: TestChannelStore/PostgreSQL/SaveMultipleMembers/insert_members_correctly_(in_channel_without_scheme_and_team_with_scheme) (0.26s)
                --- PASS: TestChannelStore/PostgreSQL/SaveMultipleMembers/insert_members_correctly_(in_channel_without_scheme_and_team_with_scheme)/channel_user_implicit (0.02s)
                --- PASS: TestChannelStore/PostgreSQL/SaveMultipleMembers/insert_members_correctly_(in_channel_without_scheme_and_team_with_scheme)/channel_user_explicit (0.02s)
                --- PASS: TestChannelStore/PostgreSQL/SaveMultipleMembers/insert_members_correctly_(in_channel_without_scheme_and_team_with_scheme)/channel_guest_implicit (0.02s)
                --- PASS: TestChannelStore/PostgreSQL/SaveMultipleMembers/insert_members_correctly_(in_channel_without_scheme_and_team_with_scheme)/channel_guest_explicit (0.02s)
                --- PASS: TestChannelStore/PostgreSQL/SaveMultipleMembers/insert_members_correctly_(in_channel_without_scheme_and_team_with_scheme)/channel_admin_implicit (0.02s)
                --- PASS: TestChannelStore/PostgreSQL/SaveMultipleMembers/insert_members_correctly_(in_channel_without_scheme_and_team_with_scheme)/channel_admin_explicit (0.02s)
                --- PASS: TestChannelStore/PostgreSQL/SaveMultipleMembers/insert_members_correctly_(in_channel_without_scheme_and_team_with_scheme)/channel_user_implicit_and_explicit_custom_role (0.02s)
                --- PASS: TestChannelStore/PostgreSQL/SaveMultipleMembers/insert_members_correctly_(in_channel_without_scheme_and_team_with_scheme)/channel_user_explicit_and_explicit_custom_role (0.02s)
                --- PASS: TestChannelStore/PostgreSQL/SaveMultipleMembers/insert_members_correctly_(in_channel_without_scheme_and_team_with_scheme)/channel_guest_implicit_and_explicit_custom_role (0.02s)
                --- PASS: TestChannelStore/PostgreSQL/SaveMultipleMembers/insert_members_correctly_(in_channel_without_scheme_and_team_with_scheme)/channel_guest_explicit_and_explicit_custom_role (0.02s)
                --- PASS: TestChannelStore/PostgreSQL/SaveMultipleMembers/insert_members_correctly_(in_channel_without_scheme_and_team_with_scheme)/channel_admin_implicit_and_explicit_custom_role (0.02s)
                --- PASS: TestChannelStore/PostgreSQL/SaveMultipleMembers/insert_members_correctly_(in_channel_without_scheme_and_team_with_scheme)/channel_admin_explicit_and_explicit_custom_role (0.02s)
                --- PASS: TestChannelStore/PostgreSQL/SaveMultipleMembers/insert_members_correctly_(in_channel_without_scheme_and_team_with_scheme)/channel_member_with_only_explicit_custom_roles (0.02s)
            --- PASS: TestChannelStore/PostgreSQL/SaveMultipleMembers/insert_members_correctly_(in_channel_with_channel_scheme) (0.23s)
                --- PASS: TestChannelStore/PostgreSQL/SaveMultipleMembers/insert_members_correctly_(in_channel_with_channel_scheme)/channel_user_implicit (0.02s)
                --- PASS: TestChannelStore/PostgreSQL/SaveMultipleMembers/insert_members_correctly_(in_channel_with_channel_scheme)/channel_user_explicit (0.02s)
                --- PASS: TestChannelStore/PostgreSQL/SaveMultipleMembers/insert_members_correctly_(in_channel_with_channel_scheme)/channel_guest_implicit (0.01s)
                --- PASS: TestChannelStore/PostgreSQL/SaveMultipleMembers/insert_members_correctly_(in_channel_with_channel_scheme)/channel_guest_explicit (0.02s)
                --- PASS: TestChannelStore/PostgreSQL/SaveMultipleMembers/insert_members_correctly_(in_channel_with_channel_scheme)/channel_admin_implicit (0.02s)
                --- PASS: TestChannelStore/PostgreSQL/SaveMultipleMembers/insert_members_correctly_(in_channel_with_channel_scheme)/channel_admin_explicit (0.02s)
                --- PASS: TestChannelStore/PostgreSQL/SaveMultipleMembers/insert_members_correctly_(in_channel_with_channel_scheme)/channel_user_implicit_and_explicit_custom_role (0.02s)
                --- PASS: TestChannelStore/PostgreSQL/SaveMultipleMembers/insert_members_correctly_(in_channel_with_channel_scheme)/channel_user_explicit_and_explicit_custom_role (0.01s)
                --- PASS: TestChannelStore/PostgreSQL/SaveMultipleMembers/insert_members_correctly_(in_channel_with_channel_scheme)/channel_guest_implicit_and_explicit_custom_role (0.02s)
                --- PASS: TestChannelStore/PostgreSQL/SaveMultipleMembers/insert_members_correctly_(in_channel_with_channel_scheme)/channel_guest_explicit_and_explicit_custom_role (0.02s)
                --- PASS: TestChannelStore/PostgreSQL/SaveMultipleMembers/insert_members_correctly_(in_channel_with_channel_scheme)/channel_admin_implicit_and_explicit_custom_role (0.02s)
                --- PASS: TestChannelStore/PostgreSQL/SaveMultipleMembers/insert_members_correctly_(in_channel_with_channel_scheme)/channel_admin_explicit_and_explicit_custom_role (0.02s)
                --- PASS: TestChannelStore/PostgreSQL/SaveMultipleMembers/insert_members_correctly_(in_channel_with_channel_scheme)/channel_member_with_only_explicit_custom_roles (0.02s)
        --- PASS: TestChannelStore/PostgreSQL/UpdateMember (0.38s)
            --- PASS: TestChannelStore/PostgreSQL/UpdateMember/not_valid_channel_member (0.00s)
            --- PASS: TestChannelStore/PostgreSQL/UpdateMember/insert_member_correctly_(in_channel_without_channel_scheme_and_team_without_scheme) (0.11s)
                --- PASS: TestChannelStore/PostgreSQL/UpdateMember/insert_member_correctly_(in_channel_without_channel_scheme_and_team_without_scheme)/channel_user_implicit (0.01s)
                --- PASS: TestChannelStore/PostgreSQL/UpdateMember/insert_member_correctly_(in_channel_without_channel_scheme_and_team_without_scheme)/channel_user_explicit (0.01s)
                --- PASS: TestChannelStore/PostgreSQL/UpdateMember/insert_member_correctly_(in_channel_without_channel_scheme_and_team_without_scheme)/channel_guest_implicit (0.01s)
                --- PASS: TestChannelStore/PostgreSQL/UpdateMember/insert_member_correctly_(in_channel_without_channel_scheme_and_team_without_scheme)/channel_guest_explicit (0.01s)
                --- PASS: TestChannelStore/PostgreSQL/UpdateMember/insert_member_correctly_(in_channel_without_channel_scheme_and_team_without_scheme)/channel_admin_implicit (0.01s)
                --- PASS: TestChannelStore/PostgreSQL/UpdateMember/insert_member_correctly_(in_channel_without_channel_scheme_and_team_without_scheme)/channel_admin_explicit (0.01s)
                --- PASS: TestChannelStore/PostgreSQL/UpdateMember/insert_member_correctly_(in_channel_without_channel_scheme_and_team_without_scheme)/channel_user_implicit_and_explicit_custom_role (0.01s)
                --- PASS: TestChannelStore/PostgreSQL/UpdateMember/insert_member_correctly_(in_channel_without_channel_scheme_and_team_without_scheme)/channel_user_explicit_and_explicit_custom_role (0.01s)
                --- PASS: TestChannelStore/PostgreSQL/UpdateMember/insert_member_correctly_(in_channel_without_channel_scheme_and_team_without_scheme)/channel_guest_implicit_and_explicit_custom_role (0.01s)
                --- PASS: TestChannelStore/PostgreSQL/UpdateMember/insert_member_correctly_(in_channel_without_channel_scheme_and_team_without_scheme)/channel_guest_explicit_and_explicit_custom_role (0.01s)
                --- PASS: TestChannelStore/PostgreSQL/UpdateMember/insert_member_correctly_(in_channel_without_channel_scheme_and_team_without_scheme)/channel_admin_implicit_and_explicit_custom_role (0.01s)
                --- PASS: TestChannelStore/PostgreSQL/UpdateMember/insert_member_correctly_(in_channel_without_channel_scheme_and_team_without_scheme)/channel_admin_explicit_and_explicit_custom_role (0.01s)
                --- PASS: TestChannelStore/PostgreSQL/UpdateMember/insert_member_correctly_(in_channel_without_channel_scheme_and_team_without_scheme)/channel_member_with_only_explicit_custom_roles (0.01s)
            --- PASS: TestChannelStore/PostgreSQL/UpdateMember/insert_member_correctly_(in_channel_without_scheme_and_team_with_scheme) (0.13s)
                --- PASS: TestChannelStore/PostgreSQL/UpdateMember/insert_member_correctly_(in_channel_without_scheme_and_team_with_scheme)/channel_user_implicit (0.01s)
                --- PASS: TestChannelStore/PostgreSQL/UpdateMember/insert_member_correctly_(in_channel_without_scheme_and_team_with_scheme)/channel_user_explicit (0.01s)
                --- PASS: TestChannelStore/PostgreSQL/UpdateMember/insert_member_correctly_(in_channel_without_scheme_and_team_with_scheme)/channel_guest_implicit (0.01s)
                --- PASS: TestChannelStore/PostgreSQL/UpdateMember/insert_member_correctly_(in_channel_without_scheme_and_team_with_scheme)/channel_guest_explicit (0.01s)
                --- PASS: TestChannelStore/PostgreSQL/UpdateMember/insert_member_correctly_(in_channel_without_scheme_and_team_with_scheme)/channel_admin_implicit (0.01s)
                --- PASS: TestChannelStore/PostgreSQL/UpdateMember/insert_member_correctly_(in_channel_without_scheme_and_team_with_scheme)/channel_admin_explicit (0.01s)
                --- PASS: TestChannelStore/PostgreSQL/UpdateMember/insert_member_correctly_(in_channel_without_scheme_and_team_with_scheme)/channel_user_implicit_and_explicit_custom_role (0.01s)
                --- PASS: TestChannelStore/PostgreSQL/UpdateMember/insert_member_correctly_(in_channel_without_scheme_and_team_with_scheme)/channel_user_explicit_and_explicit_custom_role (0.01s)
                --- PASS: TestChannelStore/PostgreSQL/UpdateMember/insert_member_correctly_(in_channel_without_scheme_and_team_with_scheme)/channel_guest_implicit_and_explicit_custom_role (0.01s)
                --- PASS: TestChannelStore/PostgreSQL/UpdateMember/insert_member_correctly_(in_channel_without_scheme_and_team_with_scheme)/channel_guest_explicit_and_explicit_custom_role (0.01s)
                --- PASS: TestChannelStore/PostgreSQL/UpdateMember/insert_member_correctly_(in_channel_without_scheme_and_team_with_scheme)/channel_admin_implicit_and_explicit_custom_role (0.01s)
                --- PASS: TestChannelStore/PostgreSQL/UpdateMember/insert_member_correctly_(in_channel_without_scheme_and_team_with_scheme)/channel_admin_explicit_and_explicit_custom_role (0.01s)
                --- PASS: TestChannelStore/PostgreSQL/UpdateMember/insert_member_correctly_(in_channel_without_scheme_and_team_with_scheme)/channel_member_with_only_explicit_custom_roles (0.01s)
            --- PASS: TestChannelStore/PostgreSQL/UpdateMember/insert_member_correctly_(in_channel_with_channel_scheme) (0.13s)
                --- PASS: TestChannelStore/PostgreSQL/UpdateMember/insert_member_correctly_(in_channel_with_channel_scheme)/channel_user_implicit (0.01s)
                --- PASS: TestChannelStore/PostgreSQL/UpdateMember/insert_member_correctly_(in_channel_with_channel_scheme)/channel_user_explicit (0.01s)
                --- PASS: TestChannelStore/PostgreSQL/UpdateMember/insert_member_correctly_(in_channel_with_channel_scheme)/channel_guest_implicit (0.01s)
                --- PASS: TestChannelStore/PostgreSQL/UpdateMember/insert_member_correctly_(in_channel_with_channel_scheme)/channel_guest_explicit (0.01s)
                --- PASS: TestChannelStore/PostgreSQL/UpdateMember/insert_member_correctly_(in_channel_with_channel_scheme)/channel_admin_implicit (0.01s)
                --- PASS: TestChannelStore/PostgreSQL/UpdateMember/insert_member_correctly_(in_channel_with_channel_scheme)/channel_admin_explicit (0.01s)
                --- PASS: TestChannelStore/PostgreSQL/UpdateMember/insert_member_correctly_(in_channel_with_channel_scheme)/channel_user_implicit_and_explicit_custom_role (0.01s)
                --- PASS: TestChannelStore/PostgreSQL/UpdateMember/insert_member_correctly_(in_channel_with_channel_scheme)/channel_user_explicit_and_explicit_custom_role (0.01s)
                --- PASS: TestChannelStore/PostgreSQL/UpdateMember/insert_member_correctly_(in_channel_with_channel_scheme)/channel_guest_implicit_and_explicit_custom_role (0.01s)
                --- PASS: TestChannelStore/PostgreSQL/UpdateMember/insert_member_correctly_(in_channel_with_channel_scheme)/channel_guest_explicit_and_explicit_custom_role (0.01s)
                --- PASS: TestChannelStore/PostgreSQL/UpdateMember/insert_member_correctly_(in_channel_with_channel_scheme)/channel_admin_implicit_and_explicit_custom_role (0.01s)
                --- PASS: TestChannelStore/PostgreSQL/UpdateMember/insert_member_correctly_(in_channel_with_channel_scheme)/channel_admin_explicit_and_explicit_custom_role (0.01s)
                --- PASS: TestChannelStore/PostgreSQL/UpdateMember/insert_member_correctly_(in_channel_with_channel_scheme)/channel_member_with_only_explicit_custom_roles (0.01s)
        --- PASS: TestChannelStore/PostgreSQL/UpdateMultipleMembers (0.58s)
            --- PASS: TestChannelStore/PostgreSQL/UpdateMultipleMembers/any_not_valid_channel_member (0.00s)
            --- PASS: TestChannelStore/PostgreSQL/UpdateMultipleMembers/duplicated_entries_should_fail (0.01s)
            --- PASS: TestChannelStore/PostgreSQL/UpdateMultipleMembers/insert_members_correctly_(in_channel_without_channel_scheme_and_team_without_scheme) (0.19s)
                --- PASS: TestChannelStore/PostgreSQL/UpdateMultipleMembers/insert_members_correctly_(in_channel_without_channel_scheme_and_team_without_scheme)/channel_user_implicit (0.01s)
                --- PASS: TestChannelStore/PostgreSQL/UpdateMultipleMembers/insert_members_correctly_(in_channel_without_channel_scheme_and_team_without_scheme)/channel_user_explicit (0.01s)
                --- PASS: TestChannelStore/PostgreSQL/UpdateMultipleMembers/insert_members_correctly_(in_channel_without_channel_scheme_and_team_without_scheme)/channel_guest_implicit (0.01s)
                --- PASS: TestChannelStore/PostgreSQL/UpdateMultipleMembers/insert_members_correctly_(in_channel_without_channel_scheme_and_team_without_scheme)/channel_guest_explicit (0.01s)
                --- PASS: TestChannelStore/PostgreSQL/UpdateMultipleMembers/insert_members_correctly_(in_channel_without_channel_scheme_and_team_without_scheme)/channel_admin_implicit (0.01s)
                --- PASS: TestChannelStore/PostgreSQL/UpdateMultipleMembers/insert_members_correctly_(in_channel_without_channel_scheme_and_team_without_scheme)/channel_admin_explicit (0.01s)
                --- PASS: TestChannelStore/PostgreSQL/UpdateMultipleMembers/insert_members_correctly_(in_channel_without_channel_scheme_and_team_without_scheme)/channel_user_implicit_and_explicit_custom_role (0.01s)
                --- PASS: TestChannelStore/PostgreSQL/UpdateMultipleMembers/insert_members_correctly_(in_channel_without_channel_scheme_and_team_without_scheme)/channel_user_explicit_and_explicit_custom_role (0.02s)
                --- PASS: TestChannelStore/PostgreSQL/UpdateMultipleMembers/insert_members_correctly_(in_channel_without_channel_scheme_and_team_without_scheme)/channel_guest_implicit_and_explicit_custom_role (0.01s)
                --- PASS: TestChannelStore/PostgreSQL/UpdateMultipleMembers/insert_members_correctly_(in_channel_without_channel_scheme_and_team_without_scheme)/channel_guest_explicit_and_explicit_custom_role (0.01s)
                --- PASS: TestChannelStore/PostgreSQL/UpdateMultipleMembers/insert_members_correctly_(in_channel_without_channel_scheme_and_team_without_scheme)/channel_admin_implicit_and_explicit_custom_role (0.01s)
                --- PASS: TestChannelStore/PostgreSQL/UpdateMultipleMembers/insert_members_correctly_(in_channel_without_channel_scheme_and_team_without_scheme)/channel_admin_explicit_and_explicit_custom_role (0.01s)
                --- PASS: TestChannelStore/PostgreSQL/UpdateMultipleMembers/insert_members_correctly_(in_channel_without_channel_scheme_and_team_without_scheme)/channel_member_with_only_explicit_custom_roles (0.01s)
            --- PASS: TestChannelStore/PostgreSQL/UpdateMultipleMembers/insert_members_correctly_(in_channel_without_scheme_and_team_with_scheme) (0.20s)
                --- PASS: TestChannelStore/PostgreSQL/UpdateMultipleMembers/insert_members_correctly_(in_channel_without_scheme_and_team_with_scheme)/channel_user_implicit (0.01s)
                --- PASS: TestChannelStore/PostgreSQL/UpdateMultipleMembers/insert_members_correctly_(in_channel_without_scheme_and_team_with_scheme)/channel_user_explicit (0.01s)
                --- PASS: TestChannelStore/PostgreSQL/UpdateMultipleMembers/insert_members_correctly_(in_channel_without_scheme_and_team_with_scheme)/channel_guest_implicit (0.01s)
                --- PASS: TestChannelStore/PostgreSQL/UpdateMultipleMembers/insert_members_correctly_(in_channel_without_scheme_and_team_with_scheme)/channel_guest_explicit (0.01s)
                --- PASS: TestChannelStore/PostgreSQL/UpdateMultipleMembers/insert_members_correctly_(in_channel_without_scheme_and_team_with_scheme)/channel_admin_implicit (0.01s)
                --- PASS: TestChannelStore/PostgreSQL/UpdateMultipleMembers/insert_members_correctly_(in_channel_without_scheme_and_team_with_scheme)/channel_admin_explicit (0.01s)
                --- PASS: TestChannelStore/PostgreSQL/UpdateMultipleMembers/insert_members_correctly_(in_channel_without_scheme_and_team_with_scheme)/channel_user_implicit_and_explicit_custom_role (0.01s)
                --- PASS: TestChannelStore/PostgreSQL/UpdateMultipleMembers/insert_members_correctly_(in_channel_without_scheme_and_team_with_scheme)/channel_user_explicit_and_explicit_custom_role (0.01s)
                --- PASS: TestChannelStore/PostgreSQL/UpdateMultipleMembers/insert_members_correctly_(in_channel_without_scheme_and_team_with_scheme)/channel_guest_implicit_and_explicit_custom_role (0.01s)
                --- PASS: TestChannelStore/PostgreSQL/UpdateMultipleMembers/insert_members_correctly_(in_channel_without_scheme_and_team_with_scheme)/channel_guest_explicit_and_explicit_custom_role (0.01s)
                --- PASS: TestChannelStore/PostgreSQL/UpdateMultipleMembers/insert_members_correctly_(in_channel_without_scheme_and_team_with_scheme)/channel_admin_implicit_and_explicit_custom_role (0.01s)
                --- PASS: TestChannelStore/PostgreSQL/UpdateMultipleMembers/insert_members_correctly_(in_channel_without_scheme_and_team_with_scheme)/channel_admin_explicit_and_explicit_custom_role (0.01s)
                --- PASS: TestChannelStore/PostgreSQL/UpdateMultipleMembers/insert_members_correctly_(in_channel_without_scheme_and_team_with_scheme)/channel_member_with_only_explicit_custom_roles (0.01s)
            --- PASS: TestChannelStore/PostgreSQL/UpdateMultipleMembers/insert_members_correctly_(in_channel_with_channel_scheme) (0.18s)
                --- PASS: TestChannelStore/PostgreSQL/UpdateMultipleMembers/insert_members_correctly_(in_channel_with_channel_scheme)/channel_user_implicit (0.01s)
                --- PASS: TestChannelStore/PostgreSQL/UpdateMultipleMembers/insert_members_correctly_(in_channel_with_channel_scheme)/channel_user_explicit (0.01s)
                --- PASS: TestChannelStore/PostgreSQL/UpdateMultipleMembers/insert_members_correctly_(in_channel_with_channel_scheme)/channel_guest_implicit (0.01s)
                --- PASS: TestChannelStore/PostgreSQL/UpdateMultipleMembers/insert_members_correctly_(in_channel_with_channel_scheme)/channel_guest_explicit (0.01s)
                --- PASS: TestChannelStore/PostgreSQL/UpdateMultipleMembers/insert_members_correctly_(in_channel_with_channel_scheme)/channel_admin_implicit (0.01s)
                --- PASS: TestChannelStore/PostgreSQL/UpdateMultipleMembers/insert_members_correctly_(in_channel_with_channel_scheme)/channel_admin_explicit (0.01s)
                --- PASS: TestChannelStore/PostgreSQL/UpdateMultipleMembers/insert_members_correctly_(in_channel_with_channel_scheme)/channel_user_implicit_and_explicit_custom_role (0.01s)
                --- PASS: TestChannelStore/PostgreSQL/UpdateMultipleMembers/insert_members_correctly_(in_channel_with_channel_scheme)/channel_user_explicit_and_explicit_custom_role (0.01s)
                --- PASS: TestChannelStore/PostgreSQL/UpdateMultipleMembers/insert_members_correctly_(in_channel_with_channel_scheme)/channel_guest_implicit_and_explicit_custom_role (0.01s)
                --- PASS: TestChannelStore/PostgreSQL/UpdateMultipleMembers/insert_members_correctly_(in_channel_with_channel_scheme)/channel_guest_explicit_and_explicit_custom_role (0.01s)
                --- PASS: TestChannelStore/PostgreSQL/UpdateMultipleMembers/insert_members_correctly_(in_channel_with_channel_scheme)/channel_admin_implicit_and_explicit_custom_role (0.01s)
                --- PASS: TestChannelStore/PostgreSQL/UpdateMultipleMembers/insert_members_correctly_(in_channel_with_channel_scheme)/channel_admin_explicit_and_explicit_custom_role (0.01s)
                --- PASS: TestChannelStore/PostgreSQL/UpdateMultipleMembers/insert_members_correctly_(in_channel_with_channel_scheme)/channel_member_with_only_explicit_custom_roles (0.01s)
        --- PASS: TestChannelStore/PostgreSQL/RemoveMember (0.04s)
            --- PASS: TestChannelStore/PostgreSQL/RemoveMember/remove_member_from_not_existing_channel (0.01s)
            --- PASS: TestChannelStore/PostgreSQL/RemoveMember/remove_not_existing_member_from_an_existing_channel (0.01s)
            --- PASS: TestChannelStore/PostgreSQL/RemoveMember/remove_existing_member_from_an_existing_channel (0.01s)
        --- PASS: TestChannelStore/PostgreSQL/RemoveMembers (0.06s)
            --- PASS: TestChannelStore/PostgreSQL/RemoveMembers/remove_members_from_not_existing_channel (0.01s)
            --- PASS: TestChannelStore/PostgreSQL/RemoveMembers/remove_not_existing_members_from_an_existing_channel (0.01s)
            --- PASS: TestChannelStore/PostgreSQL/RemoveMembers/remove_not_existing_and_not_existing_members_from_an_existing_channel (0.01s)
            --- PASS: TestChannelStore/PostgreSQL/RemoveMembers/remove_existing_members_from_an_existing_channel (0.01s)
        --- PASS: TestChannelStore/PostgreSQL/ChannelDeleteMemberStore (0.05s)
        --- PASS: TestChannelStore/PostgreSQL/GetChannels (0.09s)
        --- PASS: TestChannelStore/PostgreSQL/GetAllChannels (0.08s)
        --- PASS: TestChannelStore/PostgreSQL/GetMoreChannels (0.10s)
            --- PASS: TestChannelStore/PostgreSQL/GetMoreChannels/only_o3_listed_in_more_channels (0.00s)
            --- PASS: TestChannelStore/PostgreSQL/GetMoreChannels/both_o3_and_o6_listed_in_more_channels (0.00s)
            --- PASS: TestChannelStore/PostgreSQL/GetMoreChannels/only_o3_listed_in_more_channels_with_offset_0,_limit_1 (0.00s)
            --- PASS: TestChannelStore/PostgreSQL/GetMoreChannels/only_o6_listed_in_more_channels_with_offset_1,_limit_1 (0.00s)
            --- PASS: TestChannelStore/PostgreSQL/GetMoreChannels/verify_analytics_for_open_channels (0.00s)
            --- PASS: TestChannelStore/PostgreSQL/GetMoreChannels/verify_analytics_for_private_channels (0.00s)
        --- PASS: TestChannelStore/PostgreSQL/GetPrivateChannelsForTeam (0.05s)
            --- PASS: TestChannelStore/PostgreSQL/GetPrivateChannelsForTeam/only_p1_initially_listed_in_private_channels (0.00s)
            --- PASS: TestChannelStore/PostgreSQL/GetPrivateChannelsForTeam/both_p1_and_p3_listed_in_private_channels (0.00s)
            --- PASS: TestChannelStore/PostgreSQL/GetPrivateChannelsForTeam/only_p1_listed_in_private_channels_with_offset_0,_limit_1 (0.00s)
            --- PASS: TestChannelStore/PostgreSQL/GetPrivateChannelsForTeam/only_p3_listed_in_private_channels_with_offset_1,_limit_1 (0.00s)
            --- PASS: TestChannelStore/PostgreSQL/GetPrivateChannelsForTeam/verify_analytics_for_private_channels (0.00s)
            --- PASS: TestChannelStore/PostgreSQL/GetPrivateChannelsForTeam/verify_analytics_for_open_open_channels (0.00s)
        --- PASS: TestChannelStore/PostgreSQL/GetPublicChannelsForTeam (0.06s)
            --- PASS: TestChannelStore/PostgreSQL/GetPublicChannelsForTeam/only_o1_initially_listed_in_public_channels (0.00s)
            --- PASS: TestChannelStore/PostgreSQL/GetPublicChannelsForTeam/both_o1_and_o4_listed_in_public_channels (0.00s)
            --- PASS: TestChannelStore/PostgreSQL/GetPublicChannelsForTeam/only_o1_listed_in_public_channels_with_offset_0,_limit_1 (0.00s)
            --- PASS: TestChannelStore/PostgreSQL/GetPublicChannelsForTeam/only_o4_listed_in_public_channels_with_offset_1,_limit_1 (0.00s)
            --- PASS: TestChannelStore/PostgreSQL/GetPublicChannelsForTeam/verify_analytics_for_open_channels (0.00s)
            --- PASS: TestChannelStore/PostgreSQL/GetPublicChannelsForTeam/verify_analytics_for_private_channels (0.00s)
        --- PASS: TestChannelStore/PostgreSQL/GetPublicChannelsByIdsForTeam (0.05s)
            --- PASS: TestChannelStore/PostgreSQL/GetPublicChannelsByIdsForTeam/oc1_by_itself_should_be_found_as_a_public_channel_in_the_team (0.00s)
            --- PASS: TestChannelStore/PostgreSQL/GetPublicChannelsByIdsForTeam/only_oc1,_among_others,_should_be_found_as_a_public_channel_in_the_team (0.00s)
            --- PASS: TestChannelStore/PostgreSQL/GetPublicChannelsByIdsForTeam/only_oc1_and_oc4,_among_others,_should_be_found_as_a_public_channel_in_the_team (0.00s)
            --- PASS: TestChannelStore/PostgreSQL/GetPublicChannelsByIdsForTeam/random_channel_id_should_not_be_found_as_a_public_channel_in_the_team (0.00s)
        --- PASS: TestChannelStore/PostgreSQL/GetChannelCounts (0.05s)
        --- PASS: TestChannelStore/PostgreSQL/GetMembersForUser (0.12s)
            --- PASS: TestChannelStore/PostgreSQL/GetMembersForUser/with_channels (0.00s)
            --- PASS: TestChannelStore/PostgreSQL/GetMembersForUser/with_channels_and_direct_messages (0.04s)
            --- PASS: TestChannelStore/PostgreSQL/GetMembersForUser/with_channels,_direct_channels_and_group_messages (0.05s)
        --- PASS: TestChannelStore/PostgreSQL/GetMembersForUserWithPagination (0.04s)
        --- PASS: TestChannelStore/PostgreSQL/CountPostsAfter (0.09s)
            --- PASS: TestChannelStore/PostgreSQL/CountPostsAfter/should_count_all_posts_with_or_without_the_given_user_ID (0.03s)
            --- PASS: TestChannelStore/PostgreSQL/CountPostsAfter/should_not_count_deleted_posts (0.02s)
            --- PASS: TestChannelStore/PostgreSQL/CountPostsAfter/should_count_system/bot_messages,_but_not_join/leave_messages (0.04s)
        --- PASS: TestChannelStore/PostgreSQL/UpdateLastViewedAt (0.05s)
        --- PASS: TestChannelStore/PostgreSQL/IncrementMentionCount (0.02s)
        --- PASS: TestChannelStore/PostgreSQL/UpdateChannelMember (0.02s)
        --- PASS: TestChannelStore/PostgreSQL/GetMember (0.05s)
        --- PASS: TestChannelStore/PostgreSQL/GetMemberForPost (0.07s)
        --- PASS: TestChannelStore/PostgreSQL/GetMemberCount (0.08s)
        --- PASS: TestChannelStore/PostgreSQL/GetMemberCountsByGroup (0.36s)
            --- PASS: TestChannelStore/PostgreSQL/GetMemberCountsByGroup/empty_slice_for_channel_with_no_groups (0.00s)
            --- PASS: TestChannelStore/PostgreSQL/GetMemberCountsByGroup/returns_memberCountsByGroup_without_timezones (0.00s)
            --- PASS: TestChannelStore/PostgreSQL/GetMemberCountsByGroup/returns_memberCountsByGroup_with_timezones_when_no_timezones_set (0.00s)
            --- PASS: TestChannelStore/PostgreSQL/GetMemberCountsByGroup/returns_memberCountsByGroup_for_multiple_groups_with_lots_of_users_without_timezones (0.00s)
            --- PASS: TestChannelStore/PostgreSQL/GetMemberCountsByGroup/returns_memberCountsByGroup_for_multiple_groups_with_lots_of_users_with_timezones (0.00s)
        --- PASS: TestChannelStore/PostgreSQL/GetGuestCount (0.09s)
            --- PASS: TestChannelStore/PostgreSQL/GetGuestCount/Regular_member_doesn't_count (0.02s)
            --- PASS: TestChannelStore/PostgreSQL/GetGuestCount/Guest_member_does_count (0.02s)
            --- PASS: TestChannelStore/PostgreSQL/GetGuestCount/make_sure_members_of_other_channels_aren't_counted (0.02s)
            --- PASS: TestChannelStore/PostgreSQL/GetGuestCount/make_sure_inactive_users_aren't_counted (0.02s)
        --- PASS: TestChannelStore/PostgreSQL/SearchMore (0.13s)
            --- PASS: TestChannelStore/PostgreSQL/SearchMore/three_public_channels_matching_'ChannelA',_but_already_a_member_of_one_and_one_deleted (0.00s)
            --- PASS: TestChannelStore/PostgreSQL/SearchMore/one_public_channels,_but_already_a_member (0.00s)
            --- PASS: TestChannelStore/PostgreSQL/SearchMore/three_matching_channels,_but_only_two_public (0.00s)
            --- PASS: TestChannelStore/PostgreSQL/SearchMore/one_channel_matching_'off-topic' (0.00s)
            --- PASS: TestChannelStore/PostgreSQL/SearchMore/search_purpose (0.00s)
        --- PASS: TestChannelStore/PostgreSQL/SearchInTeam (0.21s)
            --- PASS: TestChannelStore/PostgreSQL/SearchInTeam/AutocompleteInTeam/ChannelA (0.00s)
            --- PASS: TestChannelStore/PostgreSQL/SearchInTeam/AutocompleteInTeam/ChannelA,_include_deleted (0.00s)
            --- PASS: TestChannelStore/PostgreSQL/SearchInTeam/AutocompleteInTeam/ChannelA,_other_team (0.00s)
            --- PASS: TestChannelStore/PostgreSQL/SearchInTeam/AutocompleteInTeam/empty_string (0.00s)
            --- PASS: TestChannelStore/PostgreSQL/SearchInTeam/AutocompleteInTeam/no_matches (0.00s)
            --- PASS: TestChannelStore/PostgreSQL/SearchInTeam/AutocompleteInTeam/prefix (0.00s)
            --- PASS: TestChannelStore/PostgreSQL/SearchInTeam/AutocompleteInTeam/full_match_with_dash (0.00s)
            --- PASS: TestChannelStore/PostgreSQL/SearchInTeam/AutocompleteInTeam/town_square (0.00s)
            --- PASS: TestChannelStore/PostgreSQL/SearchInTeam/AutocompleteInTeam/the_in_name (0.00s)
            --- PASS: TestChannelStore/PostgreSQL/SearchInTeam/AutocompleteInTeam/Mobile (0.00s)
            --- PASS: TestChannelStore/PostgreSQL/SearchInTeam/AutocompleteInTeam/search_purpose (0.00s)
            --- PASS: TestChannelStore/PostgreSQL/SearchInTeam/AutocompleteInTeam/pipe_ignored (0.00s)
            --- PASS: TestChannelStore/PostgreSQL/SearchInTeam/SearchInTeam/ChannelA (0.00s)
            --- PASS: TestChannelStore/PostgreSQL/SearchInTeam/SearchInTeam/ChannelA,_include_deleted (0.00s)
            --- PASS: TestChannelStore/PostgreSQL/SearchInTeam/SearchInTeam/ChannelA,_other_team (0.00s)
            --- PASS: TestChannelStore/PostgreSQL/SearchInTeam/SearchInTeam/empty_string (0.00s)
            --- PASS: TestChannelStore/PostgreSQL/SearchInTeam/SearchInTeam/no_matches (0.00s)
            --- PASS: TestChannelStore/PostgreSQL/SearchInTeam/SearchInTeam/prefix (0.00s)
            --- PASS: TestChannelStore/PostgreSQL/SearchInTeam/SearchInTeam/full_match_with_dash (0.00s)
            --- PASS: TestChannelStore/PostgreSQL/SearchInTeam/SearchInTeam/town_square (0.00s)
            --- PASS: TestChannelStore/PostgreSQL/SearchInTeam/SearchInTeam/the_in_name (0.00s)
            --- PASS: TestChannelStore/PostgreSQL/SearchInTeam/SearchInTeam/Mobile (0.00s)
            --- PASS: TestChannelStore/PostgreSQL/SearchInTeam/SearchInTeam/search_purpose (0.00s)
            --- PASS: TestChannelStore/PostgreSQL/SearchInTeam/SearchInTeam/pipe_ignored (0.00s)
        --- PASS: TestChannelStore/PostgreSQL/SearchArchivedInTeam (0.01s)
            --- PASS: TestChannelStore/PostgreSQL/SearchArchivedInTeam/empty_result (0.01s)
            --- PASS: TestChannelStore/PostgreSQL/SearchArchivedInTeam/error (0.00s)
        --- PASS: TestChannelStore/PostgreSQL/SearchForUserInTeam (0.10s)
            --- PASS: TestChannelStore/PostgreSQL/SearchForUserInTeam/Search_for_test,_get_channels_1_and_2 (0.00s)
            --- PASS: TestChannelStore/PostgreSQL/SearchForUserInTeam/Search_for_dev,_get_channels_1,_2_and_3 (0.00s)
            --- PASS: TestChannelStore/PostgreSQL/SearchForUserInTeam/After_adding_user_to_channel_4,_search_for_dev,_get_channels_1,_2,_3_and_4 (0.01s)
            --- PASS: TestChannelStore/PostgreSQL/SearchForUserInTeam/Mark_channel_1_as_deleted,_search_for_dev,_get_channels_2,_3_and_4 (0.01s)
            --- PASS: TestChannelStore/PostgreSQL/SearchForUserInTeam/With_includeDeleted,_search_for_dev,_get_channels_1,_2,_3_and_4 (0.00s)
        --- PASS: TestChannelStore/PostgreSQL/SearchAllChannels (0.28s)
            --- PASS: TestChannelStore/PostgreSQL/SearchAllChannels/Search_FooBar_by_display_name (0.00s)
            --- PASS: TestChannelStore/PostgreSQL/SearchAllChannels/Search_FooBar_by_display_name2 (0.00s)
            --- PASS: TestChannelStore/PostgreSQL/SearchAllChannels/Search_FooBar_by_display_name3 (0.00s)
            --- PASS: TestChannelStore/PostgreSQL/SearchAllChannels/Search_FooBar_by_name (0.00s)
            --- PASS: TestChannelStore/PostgreSQL/SearchAllChannels/Search_FooBar_by_name2 (0.00s)
            --- PASS: TestChannelStore/PostgreSQL/SearchAllChannels/ChannelA (0.00s)
            --- PASS: TestChannelStore/PostgreSQL/SearchAllChannels/ChannelA,_include_deleted (0.00s)
            --- PASS: TestChannelStore/PostgreSQL/SearchAllChannels/empty_string (0.00s)
            --- PASS: TestChannelStore/PostgreSQL/SearchAllChannels/no_matches (0.00s)
            --- PASS: TestChannelStore/PostgreSQL/SearchAllChannels/prefix (0.00s)
            --- PASS: TestChannelStore/PostgreSQL/SearchAllChannels/full_match_with_dash (0.00s)
            --- PASS: TestChannelStore/PostgreSQL/SearchAllChannels/town_square (0.00s)
            --- PASS: TestChannelStore/PostgreSQL/SearchAllChannels/that_in_name (0.00s)
            --- PASS: TestChannelStore/PostgreSQL/SearchAllChannels/Mobile (0.00s)
            --- PASS: TestChannelStore/PostgreSQL/SearchAllChannels/search_purpose (0.00s)
            --- PASS: TestChannelStore/PostgreSQL/SearchAllChannels/pipe_ignored (0.00s)
            --- PASS: TestChannelStore/PostgreSQL/SearchAllChannels/exclude_defaults_search_'off' (0.00s)
            --- PASS: TestChannelStore/PostgreSQL/SearchAllChannels/exclude_defaults_search_'town' (0.00s)
            --- PASS: TestChannelStore/PostgreSQL/SearchAllChannels/exclude_by_group_association (0.00s)
            --- PASS: TestChannelStore/PostgreSQL/SearchAllChannels/paginate_includes_count (0.00s)
            --- PASS: TestChannelStore/PostgreSQL/SearchAllChannels/paginate,_page_2_correct_entries_and_count (0.01s)
            --- PASS: TestChannelStore/PostgreSQL/SearchAllChannels/Filter_private (0.00s)
            --- PASS: TestChannelStore/PostgreSQL/SearchAllChannels/Filter_public (0.00s)
            --- PASS: TestChannelStore/PostgreSQL/SearchAllChannels/Filter_public_and_private (0.00s)
            --- PASS: TestChannelStore/PostgreSQL/SearchAllChannels/Filter_public_and_private_and_include_deleted (0.01s)
            --- PASS: TestChannelStore/PostgreSQL/SearchAllChannels/Filter_group_constrained (0.01s)
            --- PASS: TestChannelStore/PostgreSQL/SearchAllChannels/Filter_exclude_group_constrained_and_include_deleted (0.01s)
            --- PASS: TestChannelStore/PostgreSQL/SearchAllChannels/Filter_private_and_exclude_group_constrained (0.00s)
            --- PASS: TestChannelStore/PostgreSQL/SearchAllChannels/Filter_team_2 (0.00s)
            --- PASS: TestChannelStore/PostgreSQL/SearchAllChannels/Filter_team_2,_private (0.00s)
            --- PASS: TestChannelStore/PostgreSQL/SearchAllChannels/Filter_team_1_and_team_2,_private (0.00s)
            --- PASS: TestChannelStore/PostgreSQL/SearchAllChannels/Filter_team_1_and_team_2,_public_and_private (0.00s)
            --- PASS: TestChannelStore/PostgreSQL/SearchAllChannels/Filter_team_1_and_team_2,_public_and_private_and_group_constrained (0.00s)
            --- PASS: TestChannelStore/PostgreSQL/SearchAllChannels/Filter_team_1_and_team_2,_public_and_private_and_exclude_group_constrained (0.00s)
            --- PASS: TestChannelStore/PostgreSQL/SearchAllChannels/Filter_deleted_returns_only_deleted_channels (0.00s)
        --- PASS: TestChannelStore/PostgreSQL/GetMembersByIds (0.03s)
        --- PASS: TestChannelStore/PostgreSQL/GetMembersByChannelIds (0.04s)
            --- PASS: TestChannelStore/PostgreSQL/GetMembersByChannelIds/should_return_the_user's_members_for_the_given_channels (0.00s)
            --- PASS: TestChannelStore/PostgreSQL/GetMembersByChannelIds/should_not_error_or_return_anything_for_invalid_channel_IDs (0.00s)
            --- PASS: TestChannelStore/PostgreSQL/GetMembersByChannelIds/should_not_error_or_return_anything_for_invalid_user_IDs (0.00s)
        --- PASS: TestChannelStore/PostgreSQL/SearchGroupChannels (0.13s)
            --- PASS: TestChannelStore/PostgreSQL/SearchGroupChannels/Get_all_group_channels_for_user1 (0.00s)
            --- PASS: TestChannelStore/PostgreSQL/SearchGroupChannels/Get_group_channels_for_user1_and_term_'three' (0.00s)
            --- PASS: TestChannelStore/PostgreSQL/SearchGroupChannels/Get_group_channels_for_user1_and_term_'four_two' (0.00s)
            --- PASS: TestChannelStore/PostgreSQL/SearchGroupChannels/Get_all_group_channels_for_user2 (0.00s)
            --- PASS: TestChannelStore/PostgreSQL/SearchGroupChannels/Get_group_channels_for_user2_and_term_'four' (0.00s)
            --- PASS: TestChannelStore/PostgreSQL/SearchGroupChannels/Get_all_group_channels_for_user4 (0.00s)
            --- PASS: TestChannelStore/PostgreSQL/SearchGroupChannels/Get_group_channels_for_user4_and_term_'one_five' (0.00s)
        --- PASS: TestChannelStore/PostgreSQL/AnalyticsDeletedTypeCount (0.07s)
        --- PASS: TestChannelStore/PostgreSQL/GetPinnedPosts (0.06s)
            --- PASS: TestChannelStore/PostgreSQL/GetPinnedPosts/with_correct_ReplyCount (0.03s)
        --- PASS: TestChannelStore/PostgreSQL/GetPinnedPostCount (0.04s)
        --- PASS: TestChannelStore/PostgreSQL/MaxChannelsPerTeam (0.02s)
        --- PASS: TestChannelStore/PostgreSQL/GetChannelsByScheme (0.06s)
        --- PASS: TestChannelStore/PostgreSQL/MigrateChannelMembers (0.36s)
        --- PASS: TestChannelStore/PostgreSQL/ResetAllChannelSchemes (0.04s)
        --- PASS: TestChannelStore/PostgreSQL/ClearAllCustomRoleAssignments (0.08s)
        --- PASS: TestChannelStore/PostgreSQL/MaterializedPublicChannels (0.08s)
            --- PASS: TestChannelStore/PostgreSQL/MaterializedPublicChannels/o1_and_o2_initially_listed_in_public_channels (0.00s)
            --- PASS: TestChannelStore/PostgreSQL/MaterializedPublicChannels/o1_still_listed_in_public_channels_when_marked_as_deleted (0.00s)
            --- PASS: TestChannelStore/PostgreSQL/MaterializedPublicChannels/o1_no_longer_listed_in_public_channels_when_permanently_deleted (0.00s)
            --- PASS: TestChannelStore/PostgreSQL/MaterializedPublicChannels/o2_no_longer_listed_since_now_private (0.00s)
            --- PASS: TestChannelStore/PostgreSQL/MaterializedPublicChannels/o2_listed_once_again_since_now_public (0.00s)
            --- PASS: TestChannelStore/PostgreSQL/MaterializedPublicChannels/verify_o3_INSERT_converted_to_UPDATE (0.00s)
            --- PASS: TestChannelStore/PostgreSQL/MaterializedPublicChannels/verify_o4_UPDATE_converted_to_INSERT (0.00s)
        --- PASS: TestChannelStore/PostgreSQL/GetAllChannelsForExportAfter (0.01s)
        --- PASS: TestChannelStore/PostgreSQL/GetChannelMembersForExport (0.04s)
        --- PASS: TestChannelStore/PostgreSQL/RemoveAllDeactivatedMembers (0.06s)
        --- PASS: TestChannelStore/PostgreSQL/ExportAllDirectChannels (0.04s)
        --- PASS: TestChannelStore/PostgreSQL/ExportAllDirectChannelsExcludePrivateAndPublic (0.06s)
        --- PASS: TestChannelStore/PostgreSQL/ExportAllDirectChannelsDeletedChannel (0.04s)
        --- PASS: TestChannelStore/PostgreSQL/GetChannelsBatchForIndexing (0.09s)
        --- PASS: TestChannelStore/PostgreSQL/GroupSyncedChannelCount (0.04s)
        --- PASS: TestChannelStore/PostgreSQL/CreateInitialSidebarCategories (0.38s)
            --- PASS: TestChannelStore/PostgreSQL/CreateInitialSidebarCategories/should_create_initial_favorites/channels/DMs_categories (0.02s)
            --- PASS: TestChannelStore/PostgreSQL/CreateInitialSidebarCategories/should_create_initial_favorites/channels/DMs_categories_for_multiple_users (0.03s)
            --- PASS: TestChannelStore/PostgreSQL/CreateInitialSidebarCategories/should_create_initial_favorites/channels/DMs_categories_on_different_teams (0.03s)
            --- PASS: TestChannelStore/PostgreSQL/CreateInitialSidebarCategories/shouldn't_create_additional_categories_when_ones_already_exist (0.03s)
            --- PASS: TestChannelStore/PostgreSQL/CreateInitialSidebarCategories/shouldn't_create_additional_categories_when_ones_already_exist_even_when_ran_simultaneously (0.03s)
            --- PASS: TestChannelStore/PostgreSQL/CreateInitialSidebarCategories/should_populate_the_Favorites_category_with_regular_channels (0.07s)
            --- PASS: TestChannelStore/PostgreSQL/CreateInitialSidebarCategories/should_populate_the_Favorites_category_in_alphabetical_order (0.07s)
            --- PASS: TestChannelStore/PostgreSQL/CreateInitialSidebarCategories/should_populate_the_Favorites_category_with_DMs_and_GMs (0.05s)
            --- PASS: TestChannelStore/PostgreSQL/CreateInitialSidebarCategories/should_not_populate_the_Favorites_category_with_channels_from_other_teams (0.04s)
        --- PASS: TestChannelStore/PostgreSQL/CreateSidebarCategory (0.26s)
            --- PASS: TestChannelStore/PostgreSQL/CreateSidebarCategory/should_place_the_new_category_second_if_Favorites_comes_first (0.04s)
            --- PASS: TestChannelStore/PostgreSQL/CreateSidebarCategory/should_place_the_new_category_first_if_Favorites_is_not_first (0.06s)
            --- PASS: TestChannelStore/PostgreSQL/CreateSidebarCategory/should_create_the_category_with_its_channels (0.06s)
            --- PASS: TestChannelStore/PostgreSQL/CreateSidebarCategory/should_remove_any_channels_from_their_previous_categories (0.11s)
        --- PASS: TestChannelStore/PostgreSQL/GetSidebarCategory (0.37s)
            --- PASS: TestChannelStore/PostgreSQL/GetSidebarCategory/should_return_a_custom_category_with_its_Channels_field_set (0.04s)
            --- PASS: TestChannelStore/PostgreSQL/GetSidebarCategory/should_return_any_orphaned_channels_with_the_Channels_category (0.06s)
            --- PASS: TestChannelStore/PostgreSQL/GetSidebarCategory/shouldn't_return_orphaned_channels_on_another_team_with_the_Channels_category (0.04s)
            --- PASS: TestChannelStore/PostgreSQL/GetSidebarCategory/shouldn't_return_non-orphaned_channels_with_the_Channels_category (0.08s)
            --- PASS: TestChannelStore/PostgreSQL/GetSidebarCategory/should_return_any_orphaned_DM_channels_with_the_Direct_Messages_category (0.03s)
            --- PASS: TestChannelStore/PostgreSQL/GetSidebarCategory/should_return_any_orphaned_GM_channels_with_the_Direct_Messages_category (0.03s)
            --- PASS: TestChannelStore/PostgreSQL/GetSidebarCategory/should_return_orphaned_DM_channels_in_the_DMs_categorywhich_are_in_a_custom_category_on_another_team (0.08s)
        --- PASS: TestChannelStore/PostgreSQL/GetSidebarCategories (0.05s)
            --- PASS: TestChannelStore/PostgreSQL/GetSidebarCategories/should_return_channels_in_the_same_order_between_different_ways_of_getting_categories (0.05s)
        --- PASS: TestChannelStore/PostgreSQL/UpdateSidebarCategories (1.15s)
            --- PASS: TestChannelStore/PostgreSQL/UpdateSidebarCategories/ensure_the_query_to_update_SidebarCategories_hasn't_been_polluted_by_UpdateSidebarCategoryOrder (0.05s)
            --- PASS: TestChannelStore/PostgreSQL/UpdateSidebarCategories/categories_should_be_returned_in_their_original_order (0.06s)
            --- PASS: TestChannelStore/PostgreSQL/UpdateSidebarCategories/should_silently_fail_to_update_read_only_fields (0.09s)
            --- PASS: TestChannelStore/PostgreSQL/UpdateSidebarCategories/should_add_and_remove_favorites_preferences_based_on_the_Favorites_category (0.08s)
            --- PASS: TestChannelStore/PostgreSQL/UpdateSidebarCategories/should_add_and_remove_favorites_preferences_for_DMs (0.07s)
            --- PASS: TestChannelStore/PostgreSQL/UpdateSidebarCategories/should_add_and_remove_favorites_preferences,_even_if_the_channel_is_already_favorited_in_preferences (0.13s)
            --- PASS: TestChannelStore/PostgreSQL/UpdateSidebarCategories/should_not_affect_other_users'_favorites_preferences (0.23s)
            --- PASS: TestChannelStore/PostgreSQL/UpdateSidebarCategories/channels_removed_from_Channels_or_DMs_categories_should_be_re-added (0.08s)
            --- PASS: TestChannelStore/PostgreSQL/UpdateSidebarCategories/should_be_able_to_move_DMs_into_and_out_of_custom_categories (0.13s)
            --- PASS: TestChannelStore/PostgreSQL/UpdateSidebarCategories/should_successfully_move_channels_between_categories (0.12s)
            --- PASS: TestChannelStore/PostgreSQL/UpdateSidebarCategories/should_correctly_return_the_original_categories_that_were_modified (0.10s)
        --- PASS: TestChannelStore/PostgreSQL/DeleteSidebarCategory (0.24s)
            --- PASS: TestChannelStore/PostgreSQL/DeleteSidebarCategory/should_correctly_remove_an_empty_category (0.07s)
            --- PASS: TestChannelStore/PostgreSQL/DeleteSidebarCategory/should_correctly_remove_a_category_and_its_channels (0.13s)
            --- PASS: TestChannelStore/PostgreSQL/DeleteSidebarCategory/should_not_allow_you_to_remove_non-custom_categories (0.04s)
        --- PASS: TestChannelStore/PostgreSQL/UpdateSidebarChannelsByPreferences (0.04s)
            --- PASS: TestChannelStore/PostgreSQL/UpdateSidebarChannelsByPreferences/Should_be_able_to_update_sidebar_channels (0.03s)
            --- PASS: TestChannelStore/PostgreSQL/UpdateSidebarChannelsByPreferences/Should_not_panic_if_channel_is_not_found (0.01s)
=== RUN   TestChannelStoreInternalDataTypes
=== RUN   TestChannelStoreInternalDataTypes/NewChannelMemberFromModel
=== RUN   TestChannelStoreInternalDataTypes/ChannelMemberWithSchemeRolesToModel
=== RUN   TestChannelStoreInternalDataTypes/ChannelMemberWithSchemeRolesToModel/BasicProperties
=== RUN   TestChannelStoreInternalDataTypes/ChannelMemberWithSchemeRolesToModel/Unmigrated_NoScheme_User
=== RUN   TestChannelStoreInternalDataTypes/ChannelMemberWithSchemeRolesToModel/Unmigrated_NoScheme_Admin
=== RUN   TestChannelStoreInternalDataTypes/ChannelMemberWithSchemeRolesToModel/Unmigrated_NoScheme_CustomRole
=== RUN   TestChannelStoreInternalDataTypes/ChannelMemberWithSchemeRolesToModel/Unmigrated_NoScheme_UserAndCustomRole
=== RUN   TestChannelStoreInternalDataTypes/ChannelMemberWithSchemeRolesToModel/Unmigrated_NoScheme_AdminAndCustomRole
=== RUN   TestChannelStoreInternalDataTypes/ChannelMemberWithSchemeRolesToModel/Unmigrated_NoScheme_NoRoles
=== RUN   TestChannelStoreInternalDataTypes/ChannelMemberWithSchemeRolesToModel/Migrated_NoScheme_User
=== RUN   TestChannelStoreInternalDataTypes/ChannelMemberWithSchemeRolesToModel/Migrated_NoScheme_Admin
=== RUN   TestChannelStoreInternalDataTypes/ChannelMemberWithSchemeRolesToModel/Migrated_NoScheme_Guest
=== RUN   TestChannelStoreInternalDataTypes/ChannelMemberWithSchemeRolesToModel/Migrated_NoScheme_CustomRole
=== RUN   TestChannelStoreInternalDataTypes/ChannelMemberWithSchemeRolesToModel/Migrated_NoScheme_UserAndCustomRole
=== RUN   TestChannelStoreInternalDataTypes/ChannelMemberWithSchemeRolesToModel/Migrated_NoScheme_AdminAndCustomRole
=== RUN   TestChannelStoreInternalDataTypes/ChannelMemberWithSchemeRolesToModel/Migrated_NoScheme_GuestAndCustomRole
=== RUN   TestChannelStoreInternalDataTypes/ChannelMemberWithSchemeRolesToModel/Migrated_NoScheme_NoRoles
=== RUN   TestChannelStoreInternalDataTypes/ChannelMemberWithSchemeRolesToModel/Migrated_ChannelScheme_User
=== RUN   TestChannelStoreInternalDataTypes/ChannelMemberWithSchemeRolesToModel/Migrated_ChannelScheme_Admin
=== RUN   TestChannelStoreInternalDataTypes/ChannelMemberWithSchemeRolesToModel/Migrated_ChannelScheme_Guest
=== RUN   TestChannelStoreInternalDataTypes/ChannelMemberWithSchemeRolesToModel/Migrated_ChannelScheme_CustomRole
=== RUN   TestChannelStoreInternalDataTypes/ChannelMemberWithSchemeRolesToModel/Migrated_ChannelScheme_UserAndCustomRole
=== RUN   TestChannelStoreInternalDataTypes/ChannelMemberWithSchemeRolesToModel/Migrated_ChannelScheme_AdminAndCustomRole
=== RUN   TestChannelStoreInternalDataTypes/ChannelMemberWithSchemeRolesToModel/Migrated_ChannelScheme_GuestAndCustomRole
=== RUN   TestChannelStoreInternalDataTypes/ChannelMemberWithSchemeRolesToModel/Migrated_ChannelScheme_NoRoles
=== RUN   TestChannelStoreInternalDataTypes/ChannelMemberWithSchemeRolesToModel/Migrated_TeamScheme_User
=== RUN   TestChannelStoreInternalDataTypes/ChannelMemberWithSchemeRolesToModel/Migrated_TeamScheme_Admin
=== RUN   TestChannelStoreInternalDataTypes/ChannelMemberWithSchemeRolesToModel/Migrated_TeamScheme_Guest
=== RUN   TestChannelStoreInternalDataTypes/ChannelMemberWithSchemeRolesToModel/Migrated_TeamScheme_CustomRole
=== RUN   TestChannelStoreInternalDataTypes/ChannelMemberWithSchemeRolesToModel/Migrated_TeamScheme_UserAndCustomRole
=== RUN   TestChannelStoreInternalDataTypes/ChannelMemberWithSchemeRolesToModel/Migrated_TeamScheme_AdminAndCustomRole
=== RUN   TestChannelStoreInternalDataTypes/ChannelMemberWithSchemeRolesToModel/Migrated_TeamScheme_GuestAndCustomRole
=== RUN   TestChannelStoreInternalDataTypes/ChannelMemberWithSchemeRolesToModel/Migrated_TeamScheme_NoRoles
=== RUN   TestChannelStoreInternalDataTypes/ChannelMemberWithSchemeRolesToModel/Migrated_TeamAndChannelScheme_User
=== RUN   TestChannelStoreInternalDataTypes/ChannelMemberWithSchemeRolesToModel/Migrated_TeamAndChannelScheme_Admin
=== RUN   TestChannelStoreInternalDataTypes/ChannelMemberWithSchemeRolesToModel/Migrated_TeamAndChannelScheme_Guest
=== RUN   TestChannelStoreInternalDataTypes/ChannelMemberWithSchemeRolesToModel/Migrated_TeamAndChannelScheme_CustomRole
=== RUN   TestChannelStoreInternalDataTypes/ChannelMemberWithSchemeRolesToModel/Migrated_TeamAndChannelScheme_UserAndCustomRole
=== RUN   TestChannelStoreInternalDataTypes/ChannelMemberWithSchemeRolesToModel/Migrated_TeamAndChannelScheme_AdminAndCustomRole
=== RUN   TestChannelStoreInternalDataTypes/ChannelMemberWithSchemeRolesToModel/Migrated_TeamAndChannelScheme_GuestAndCustomRole
=== RUN   TestChannelStoreInternalDataTypes/ChannelMemberWithSchemeRolesToModel/Migrated_TeamAndChannelScheme_NoRoles
=== RUN   TestChannelStoreInternalDataTypes/AllChannelMemberProcess
=== RUN   TestChannelStoreInternalDataTypes/AllChannelMemberProcess/Unmigrated_User
=== RUN   TestChannelStoreInternalDataTypes/AllChannelMemberProcess/Unmigrated_Admin
=== RUN   TestChannelStoreInternalDataTypes/AllChannelMemberProcess/Unmigrated_None
=== RUN   TestChannelStoreInternalDataTypes/AllChannelMemberProcess/Unmigrated_Custom
=== RUN   TestChannelStoreInternalDataTypes/AllChannelMemberProcess/MigratedNoScheme_User
=== RUN   TestChannelStoreInternalDataTypes/AllChannelMemberProcess/MigratedNoScheme_Admin
=== RUN   TestChannelStoreInternalDataTypes/AllChannelMemberProcess/MigratedNoScheme_Guest
=== RUN   TestChannelStoreInternalDataTypes/AllChannelMemberProcess/MigratedNoScheme_None
=== RUN   TestChannelStoreInternalDataTypes/AllChannelMemberProcess/MigratedChannelScheme_User
=== RUN   TestChannelStoreInternalDataTypes/AllChannelMemberProcess/MigratedChannelScheme_Admin
=== RUN   TestChannelStoreInternalDataTypes/AllChannelMemberProcess/MigratedChannelScheme_Guest
=== RUN   TestChannelStoreInternalDataTypes/AllChannelMemberProcess/MigratedChannelScheme_None
=== RUN   TestChannelStoreInternalDataTypes/AllChannelMemberProcess/MigratedTeamScheme_User
=== RUN   TestChannelStoreInternalDataTypes/AllChannelMemberProcess/MigratedTeamScheme_Admin
=== RUN   TestChannelStoreInternalDataTypes/AllChannelMemberProcess/MigratedTeamScheme_Guest
=== RUN   TestChannelStoreInternalDataTypes/AllChannelMemberProcess/MigratedTeamScheme_None
=== RUN   TestChannelStoreInternalDataTypes/AllChannelMemberProcess/MigratedTeamAndChannelScheme_User
=== RUN   TestChannelStoreInternalDataTypes/AllChannelMemberProcess/MigratedTeamAndChannelScheme_Admin
=== RUN   TestChannelStoreInternalDataTypes/AllChannelMemberProcess/MigratedTeamAndChannelScheme_Guest
=== RUN   TestChannelStoreInternalDataTypes/AllChannelMemberProcess/MigratedTeamAndChannelScheme_None
=== RUN   TestChannelStoreInternalDataTypes/AllChannelMemberProcess/DeduplicationCheck
--- PASS: TestChannelStoreInternalDataTypes (0.00s)
    --- PASS: TestChannelStoreInternalDataTypes/NewChannelMemberFromModel (0.00s)
    --- PASS: TestChannelStoreInternalDataTypes/ChannelMemberWithSchemeRolesToModel (0.00s)
        --- PASS: TestChannelStoreInternalDataTypes/ChannelMemberWithSchemeRolesToModel/BasicProperties (0.00s)
        --- PASS: TestChannelStoreInternalDataTypes/ChannelMemberWithSchemeRolesToModel/Unmigrated_NoScheme_User (0.00s)
        --- PASS: TestChannelStoreInternalDataTypes/ChannelMemberWithSchemeRolesToModel/Unmigrated_NoScheme_Admin (0.00s)
        --- PASS: TestChannelStoreInternalDataTypes/ChannelMemberWithSchemeRolesToModel/Unmigrated_NoScheme_CustomRole (0.00s)
        --- PASS: TestChannelStoreInternalDataTypes/ChannelMemberWithSchemeRolesToModel/Unmigrated_NoScheme_UserAndCustomRole (0.00s)
        --- PASS: TestChannelStoreInternalDataTypes/ChannelMemberWithSchemeRolesToModel/Unmigrated_NoScheme_AdminAndCustomRole (0.00s)
        --- PASS: TestChannelStoreInternalDataTypes/ChannelMemberWithSchemeRolesToModel/Unmigrated_NoScheme_NoRoles (0.00s)
        --- PASS: TestChannelStoreInternalDataTypes/ChannelMemberWithSchemeRolesToModel/Migrated_NoScheme_User (0.00s)
        --- PASS: TestChannelStoreInternalDataTypes/ChannelMemberWithSchemeRolesToModel/Migrated_NoScheme_Admin (0.00s)
        --- PASS: TestChannelStoreInternalDataTypes/ChannelMemberWithSchemeRolesToModel/Migrated_NoScheme_Guest (0.00s)
        --- PASS: TestChannelStoreInternalDataTypes/ChannelMemberWithSchemeRolesToModel/Migrated_NoScheme_CustomRole (0.00s)
        --- PASS: TestChannelStoreInternalDataTypes/ChannelMemberWithSchemeRolesToModel/Migrated_NoScheme_UserAndCustomRole (0.00s)
        --- PASS: TestChannelStoreInternalDataTypes/ChannelMemberWithSchemeRolesToModel/Migrated_NoScheme_AdminAndCustomRole (0.00s)
        --- PASS: TestChannelStoreInternalDataTypes/ChannelMemberWithSchemeRolesToModel/Migrated_NoScheme_GuestAndCustomRole (0.00s)
        --- PASS: TestChannelStoreInternalDataTypes/ChannelMemberWithSchemeRolesToModel/Migrated_NoScheme_NoRoles (0.00s)
        --- PASS: TestChannelStoreInternalDataTypes/ChannelMemberWithSchemeRolesToModel/Migrated_ChannelScheme_User (0.00s)
        --- PASS: TestChannelStoreInternalDataTypes/ChannelMemberWithSchemeRolesToModel/Migrated_ChannelScheme_Admin (0.00s)
        --- PASS: TestChannelStoreInternalDataTypes/ChannelMemberWithSchemeRolesToModel/Migrated_ChannelScheme_Guest (0.00s)
        --- PASS: TestChannelStoreInternalDataTypes/ChannelMemberWithSchemeRolesToModel/Migrated_ChannelScheme_CustomRole (0.00s)
        --- PASS: TestChannelStoreInternalDataTypes/ChannelMemberWithSchemeRolesToModel/Migrated_ChannelScheme_UserAndCustomRole (0.00s)
        --- PASS: TestChannelStoreInternalDataTypes/ChannelMemberWithSchemeRolesToModel/Migrated_ChannelScheme_AdminAndCustomRole (0.00s)
        --- PASS: TestChannelStoreInternalDataTypes/ChannelMemberWithSchemeRolesToModel/Migrated_ChannelScheme_GuestAndCustomRole (0.00s)
        --- PASS: TestChannelStoreInternalDataTypes/ChannelMemberWithSchemeRolesToModel/Migrated_ChannelScheme_NoRoles (0.00s)
        --- PASS: TestChannelStoreInternalDataTypes/ChannelMemberWithSchemeRolesToModel/Migrated_TeamScheme_User (0.00s)
        --- PASS: TestChannelStoreInternalDataTypes/ChannelMemberWithSchemeRolesToModel/Migrated_TeamScheme_Admin (0.00s)
        --- PASS: TestChannelStoreInternalDataTypes/ChannelMemberWithSchemeRolesToModel/Migrated_TeamScheme_Guest (0.00s)
        --- PASS: TestChannelStoreInternalDataTypes/ChannelMemberWithSchemeRolesToModel/Migrated_TeamScheme_CustomRole (0.00s)
        --- PASS: TestChannelStoreInternalDataTypes/ChannelMemberWithSchemeRolesToModel/Migrated_TeamScheme_UserAndCustomRole (0.00s)
        --- PASS: TestChannelStoreInternalDataTypes/ChannelMemberWithSchemeRolesToModel/Migrated_TeamScheme_AdminAndCustomRole (0.00s)
        --- PASS: TestChannelStoreInternalDataTypes/ChannelMemberWithSchemeRolesToModel/Migrated_TeamScheme_GuestAndCustomRole (0.00s)
        --- PASS: TestChannelStoreInternalDataTypes/ChannelMemberWithSchemeRolesToModel/Migrated_TeamScheme_NoRoles (0.00s)
        --- PASS: TestChannelStoreInternalDataTypes/ChannelMemberWithSchemeRolesToModel/Migrated_TeamAndChannelScheme_User (0.00s)
        --- PASS: TestChannelStoreInternalDataTypes/ChannelMemberWithSchemeRolesToModel/Migrated_TeamAndChannelScheme_Admin (0.00s)
        --- PASS: TestChannelStoreInternalDataTypes/ChannelMemberWithSchemeRolesToModel/Migrated_TeamAndChannelScheme_Guest (0.00s)
        --- PASS: TestChannelStoreInternalDataTypes/ChannelMemberWithSchemeRolesToModel/Migrated_TeamAndChannelScheme_CustomRole (0.00s)
        --- PASS: TestChannelStoreInternalDataTypes/ChannelMemberWithSchemeRolesToModel/Migrated_TeamAndChannelScheme_UserAndCustomRole (0.00s)
        --- PASS: TestChannelStoreInternalDataTypes/ChannelMemberWithSchemeRolesToModel/Migrated_TeamAndChannelScheme_AdminAndCustomRole (0.00s)
        --- PASS: TestChannelStoreInternalDataTypes/ChannelMemberWithSchemeRolesToModel/Migrated_TeamAndChannelScheme_GuestAndCustomRole (0.00s)
        --- PASS: TestChannelStoreInternalDataTypes/ChannelMemberWithSchemeRolesToModel/Migrated_TeamAndChannelScheme_NoRoles (0.00s)
    --- PASS: TestChannelStoreInternalDataTypes/AllChannelMemberProcess (0.00s)
        --- PASS: TestChannelStoreInternalDataTypes/AllChannelMemberProcess/Unmigrated_User (0.00s)
        --- PASS: TestChannelStoreInternalDataTypes/AllChannelMemberProcess/Unmigrated_Admin (0.00s)
        --- PASS: TestChannelStoreInternalDataTypes/AllChannelMemberProcess/Unmigrated_None (0.00s)
        --- PASS: TestChannelStoreInternalDataTypes/AllChannelMemberProcess/Unmigrated_Custom (0.00s)
        --- PASS: TestChannelStoreInternalDataTypes/AllChannelMemberProcess/MigratedNoScheme_User (0.00s)
        --- PASS: TestChannelStoreInternalDataTypes/AllChannelMemberProcess/MigratedNoScheme_Admin (0.00s)
        --- PASS: TestChannelStoreInternalDataTypes/AllChannelMemberProcess/MigratedNoScheme_Guest (0.00s)
        --- PASS: TestChannelStoreInternalDataTypes/AllChannelMemberProcess/MigratedNoScheme_None (0.00s)
        --- PASS: TestChannelStoreInternalDataTypes/AllChannelMemberProcess/MigratedChannelScheme_User (0.00s)
        --- PASS: TestChannelStoreInternalDataTypes/AllChannelMemberProcess/MigratedChannelScheme_Admin (0.00s)
        --- PASS: TestChannelStoreInternalDataTypes/AllChannelMemberProcess/MigratedChannelScheme_Guest (0.00s)
        --- PASS: TestChannelStoreInternalDataTypes/AllChannelMemberProcess/MigratedChannelScheme_None (0.00s)
        --- PASS: TestChannelStoreInternalDataTypes/AllChannelMemberProcess/MigratedTeamScheme_User (0.00s)
        --- PASS: TestChannelStoreInternalDataTypes/AllChannelMemberProcess/MigratedTeamScheme_Admin (0.00s)
        --- PASS: TestChannelStoreInternalDataTypes/AllChannelMemberProcess/MigratedTeamScheme_Guest (0.00s)
        --- PASS: TestChannelStoreInternalDataTypes/AllChannelMemberProcess/MigratedTeamScheme_None (0.00s)
        --- PASS: TestChannelStoreInternalDataTypes/AllChannelMemberProcess/MigratedTeamAndChannelScheme_User (0.00s)
        --- PASS: TestChannelStoreInternalDataTypes/AllChannelMemberProcess/MigratedTeamAndChannelScheme_Admin (0.00s)
        --- PASS: TestChannelStoreInternalDataTypes/AllChannelMemberProcess/MigratedTeamAndChannelScheme_Guest (0.00s)
        --- PASS: TestChannelStoreInternalDataTypes/AllChannelMemberProcess/MigratedTeamAndChannelScheme_None (0.00s)
        --- PASS: TestChannelStoreInternalDataTypes/AllChannelMemberProcess/DeduplicationCheck (0.00s)
PASS
Dropped temporary database db3ecrej49zpyq5qyip9s5bbag9o
Dropped temporary database db6i8t3u9dspyntpnef1ssbn8e4r
ok  	github.com/mattermost/mattermost-server/v5/store/sqlstore	28.295s
